Archive member included to satisfy reference by file (symbol)

/usr/local/mcuxpressoide-11.4.1_6260/ide/plugins/com.nxp.mcuxpresso.tools.linux_11.4.0.202103011116/tools/bin/../lib/gcc/arm-none-eabi/10.2.1/../../../../arm-none-eabi/lib/thumb/v7e-m+fp/hard/libcr_semihost_nf.a(_cr__main.o)
                              ./startup/startup_mk66f18.o (__main)
/usr/local/mcuxpressoide-11.4.1_6260/ide/plugins/com.nxp.mcuxpresso.tools.linux_11.4.0.202103011116/tools/bin/../lib/gcc/arm-none-eabi/10.2.1/../../../../arm-none-eabi/lib/thumb/v7e-m+fp/hard/libcr_c.a(memcpy.o)
                              ./utilities/fsl_str.o (memcpy)
/usr/local/mcuxpressoide-11.4.1_6260/ide/plugins/com.nxp.mcuxpresso.tools.linux_11.4.0.202103011116/tools/bin/../lib/gcc/arm-none-eabi/10.2.1/../../../../arm-none-eabi/lib/thumb/v7e-m+fp/hard/libcr_c.a(memset.o)
                              ./freertos/freertos_kernel/stream_buffer.o (memset)
/usr/local/mcuxpressoide-11.4.1_6260/ide/plugins/com.nxp.mcuxpresso.tools.linux_11.4.0.202103011116/tools/bin/../lib/gcc/arm-none-eabi/10.2.1/../../../../arm-none-eabi/lib/thumb/v7e-m+fp/hard/libcr_c.a(alloc.o)
                              ./drivers/fsl_common.o (malloc)
/usr/local/mcuxpressoide-11.4.1_6260/ide/plugins/com.nxp.mcuxpresso.tools.linux_11.4.0.202103011116/tools/bin/../lib/gcc/arm-none-eabi/10.2.1/../../../../arm-none-eabi/lib/thumb/v7e-m+fp/hard/libcr_c.a(errno.o)
                              ./utilities/fsl_str.o (errno)
/usr/local/mcuxpressoide-11.4.1_6260/ide/plugins/com.nxp.mcuxpresso.tools.linux_11.4.0.202103011116/tools/bin/../lib/gcc/arm-none-eabi/10.2.1/../../../../arm-none-eabi/lib/thumb/v7e-m+fp/hard/libcr_c.a(initio.o)
                              /usr/local/mcuxpressoide-11.4.1_6260/ide/plugins/com.nxp.mcuxpresso.tools.linux_11.4.0.202103011116/tools/bin/../lib/gcc/arm-none-eabi/10.2.1/../../../../arm-none-eabi/lib/thumb/v7e-m+fp/hard/libcr_semihost_nf.a(_cr__main.o) (_initio)
/usr/local/mcuxpressoide-11.4.1_6260/ide/plugins/com.nxp.mcuxpresso.tools.linux_11.4.0.202103011116/tools/bin/../lib/gcc/arm-none-eabi/10.2.1/../../../../arm-none-eabi/lib/thumb/v7e-m+fp/hard/libcr_c.a(printf.o)
                              ./utilities/fsl_assert.o (_printf)
/usr/local/mcuxpressoide-11.4.1_6260/ide/plugins/com.nxp.mcuxpresso.tools.linux_11.4.0.202103011116/tools/bin/../lib/gcc/arm-none-eabi/10.2.1/../../../../arm-none-eabi/lib/thumb/v7e-m+fp/hard/libcr_c.a(scanf.o)
                              ./source/freertos_hello.o (scanf)
/usr/local/mcuxpressoide-11.4.1_6260/ide/plugins/com.nxp.mcuxpresso.tools.linux_11.4.0.202103011116/tools/bin/../lib/gcc/arm-none-eabi/10.2.1/../../../../arm-none-eabi/lib/thumb/v7e-m+fp/hard/libcr_c.a(setvbuf.o)
                              /usr/local/mcuxpressoide-11.4.1_6260/ide/plugins/com.nxp.mcuxpresso.tools.linux_11.4.0.202103011116/tools/bin/../lib/gcc/arm-none-eabi/10.2.1/../../../../arm-none-eabi/lib/thumb/v7e-m+fp/hard/libcr_c.a(initio.o) (setvbuf)
/usr/local/mcuxpressoide-11.4.1_6260/ide/plugins/com.nxp.mcuxpresso.tools.linux_11.4.0.202103011116/tools/bin/../lib/gcc/arm-none-eabi/10.2.1/../../../../arm-none-eabi/lib/thumb/v7e-m+fp/hard/libcr_c.a(strlen.o)
                              ./utilities/fsl_str.o (strlen)
/usr/local/mcuxpressoide-11.4.1_6260/ide/plugins/com.nxp.mcuxpresso.tools.linux_11.4.0.202103011116/tools/bin/../lib/gcc/arm-none-eabi/10.2.1/../../../../arm-none-eabi/lib/thumb/v7e-m+fp/hard/libcr_c.a(ungetc.o)
                              /usr/local/mcuxpressoide-11.4.1_6260/ide/plugins/com.nxp.mcuxpresso.tools.linux_11.4.0.202103011116/tools/bin/../lib/gcc/arm-none-eabi/10.2.1/../../../../arm-none-eabi/lib/thumb/v7e-m+fp/hard/libcr_c.a(scanf.o) (ungetc)
/usr/local/mcuxpressoide-11.4.1_6260/ide/plugins/com.nxp.mcuxpresso.tools.linux_11.4.0.202103011116/tools/bin/../lib/gcc/arm-none-eabi/10.2.1/../../../../arm-none-eabi/lib/thumb/v7e-m+fp/hard/libcr_c.a(__fillbuf.o)
                              /usr/local/mcuxpressoide-11.4.1_6260/ide/plugins/com.nxp.mcuxpresso.tools.linux_11.4.0.202103011116/tools/bin/../lib/gcc/arm-none-eabi/10.2.1/../../../../arm-none-eabi/lib/thumb/v7e-m+fp/hard/libcr_c.a(scanf.o) (__filbuf)
/usr/local/mcuxpressoide-11.4.1_6260/ide/plugins/com.nxp.mcuxpresso.tools.linux_11.4.0.202103011116/tools/bin/../lib/gcc/arm-none-eabi/10.2.1/../../../../arm-none-eabi/lib/thumb/v7e-m+fp/hard/libcr_c.a(__init_alloc.o)
                              /usr/local/mcuxpressoide-11.4.1_6260/ide/plugins/com.nxp.mcuxpresso.tools.linux_11.4.0.202103011116/tools/bin/../lib/gcc/arm-none-eabi/10.2.1/../../../../arm-none-eabi/lib/thumb/v7e-m+fp/hard/libcr_c.a(alloc.o) (__heaps)
/usr/local/mcuxpressoide-11.4.1_6260/ide/plugins/com.nxp.mcuxpresso.tools.linux_11.4.0.202103011116/tools/bin/../lib/gcc/arm-none-eabi/10.2.1/../../../../arm-none-eabi/lib/thumb/v7e-m+fp/hard/libcr_c.a(_cr_sbrk.o)
[...]
Memory Configuration

Name             Origin             Length             Attributes
PROGRAM_FLASH    0x0000000000000000 0x0000000000200000 xr
SRAM_UPPER       0x0000000020000000 0x0000000000030000 xrw
SRAM_LOWER       0x000000001fff0000 0x0000000000010000 xrw
FLEX_RAM         0x0000000014000000 0x0000000000001000 xrw
*default*        0x0000000000000000 0xffffffffffffffff

Linker script and memory map

LOAD ./utilities/fsl_assert.o
LOAD ./utilities/fsl_debug_console.o
LOAD ./utilities/fsl_str.o
LOAD ./startup/startup_mk66f18.o
LOAD ./source/freertos_hello.o
LOAD ./source/semihost_hardfault.o
LOAD ./freertos/freertos_kernel/portable/MemMang/heap_4.o
LOAD ./freertos/freertos_kernel/portable/GCC/ARM_CM4F/port.o
LOAD ./freertos/freertos_kernel/croutine.o
LOAD ./freertos/freertos_kernel/event_groups.o
LOAD ./freertos/freertos_kernel/list.o
LOAD ./freertos/freertos_kernel/queue.o
LOAD ./freertos/freertos_kernel/stream_buffer.o
LOAD ./freertos/freertos_kernel/tasks.o
LOAD ./freertos/freertos_kernel/timers.o
LOAD ./drivers/fsl_clock.o
LOAD ./drivers/fsl_common.o
LOAD ./drivers/fsl_common_arm.o
LOAD ./drivers/fsl_ftfx_cache.o
LOAD ./drivers/fsl_ftfx_controller.o
LOAD ./drivers/fsl_ftfx_flash.o
LOAD ./drivers/fsl_ftfx_flexnvm.o
LOAD ./drivers/fsl_gpio.o
LOAD ./drivers/fsl_lpuart.o
LOAD ./drivers/fsl_smc.o
LOAD ./drivers/fsl_uart.o
LOAD ./device/system_MK66F18.o
LOAD ./component/uart/fsl_adapter_uart.o
LOAD ./component/serial_manager/fsl_component_serial_manager.o
LOAD ./component/serial_manager/fsl_component_serial_port_uart.o
LOAD ./component/lists/fsl_component_generic_list.o
LOAD ./board/board.o
LOAD ./board/clock_config.o
LOAD ./board/pin_mux.o
START GROUP
LOAD /usr/local/mcuxpressoide-11.4.1_6260/ide/plugins/com.nxp.mcuxpresso.tools.linux_11.4.0.202103011116/tools/bin/../lib/gcc/arm-none-eabi/10.2.1/../../../../arm-none-eabi/lib/thumb/v7e-m+fp/hard/libcr_semihost_nf.a
LOAD /usr/local/mcuxpressoide-11.4.1_6260/ide/plugins/com.nxp.mcuxpresso.tools.linux_11.4.0.202103011116/tools/bin/../lib/gcc/arm-none-eabi/10.2.1/../../../../arm-none-eabi/lib/thumb/v7e-m+fp/hard/libcr_c.a
LOAD /usr/local/mcuxpressoide-11.4.1_6260/ide/plugins/com.nxp.mcuxpresso.tools.linux_11.4.0.202103011116/tools/bin/../lib/gcc/arm-none-eabi/10.2.1/thumb/v7e-m+fp/hard/libcr_eabihelpers.a
LOAD /usr/local/mcuxpressoide-11.4.1_6260/ide/plugins/com.nxp.mcuxpresso.tools.linux_11.4.0.202103011116/tools/bin/../lib/gcc/arm-none-eabi/10.2.1/thumb/v7e-m+fp/hard/libgcc.a
END GROUP
                0x0000000000000000                __base_PROGRAM_FLASH = 0x0
                0x0000000000000000                __base_Flash = 0x0
                0x0000000000200000                __top_PROGRAM_FLASH = 0x200000
                0x0000000000200000                __top_Flash = 0x200000
                0x0000000020000000                __base_SRAM_UPPER = 0x20000000
                0x0000000020000000                __base_RAM = 0x20000000
                0x0000000020030000                __top_SRAM_UPPER = 0x20030000
                0x0000000020030000                __top_RAM = 0x20030000
                0x000000001fff0000                __base_SRAM_LOWER = 0x1fff0000
                0x000000001fff0000                __base_RAM2 = 0x1fff0000
                0x0000000020000000                __top_SRAM_LOWER = 0x20000000
                0x0000000020000000                __top_RAM2 = 0x20000000
                0x0000000014000000                __base_FLEX_RAM = 0x14000000
                0x0000000014000000                __base_RAM3 = 0x14000000
                0x0000000014001000                __top_FLEX_RAM = 0x14001000
                0x0000000014001000                __top_RAM3 = 0x14001000

.text           0x0000000000000000     0x6d58
 FILL mask 0xff
                0x0000000000000000                __vectors_start__ = ABSOLUTE (.)
 *(SORT_BY_ALIGNMENT(.isr_vector))
 .isr_vector    0x0000000000000000      0x1d0 ./startup/startup_mk66f18.o
                0x0000000000000000                __Vectors
                0x0000000000000000                g_pfnVectors
                0x00000000000001d0                . = ALIGN (0x4)
                0x00000000000001d0                __section_table_start = .
                0x00000000000001d0                __data_section_table = .
                0x00000000000001d0        0x4 LONG 0x6d58 LOADADDR (.data)
                0x00000000000001d4        0x4 LONG 0x20000000 ADDR (.data)
                0x00000000000001d8        0x4 LONG 0x20 SIZEOF (.data)
                0x00000000000001dc        0x4 LONG 0x6d58 LOADADDR (.data_RAM2)
                0x00000000000001e0        0x4 LONG 0x1fff0000 ADDR (.data_RAM2)
                0x00000000000001e4        0x4 LONG 0x0 SIZEOF (.data_RAM2)
                0x00000000000001e8        0x4 LONG 0x6d58 LOADADDR (.data_RAM3)
                0x00000000000001ec        0x4 LONG 0x14000000 ADDR (.data_RAM3)
                0x00000000000001f0        0x4 LONG 0x0 SIZEOF (.data_RAM3)
                0x00000000000001f4                __data_section_table_end = .
                0x00000000000001f4                __bss_section_table = .
                0x00000000000001f4        0x4 LONG 0x20000020 ADDR (.bss)
                0x00000000000001f8        0x4 LONG 0x2ab8 SIZEOF (.bss)
                0x00000000000001fc        0x4 LONG 0x1fff0000 ADDR (.bss_RAM2)
                0x0000000000000200        0x4 LONG 0x0 SIZEOF (.bss_RAM2)
                0x0000000000000204        0x4 LONG 0x14000000 ADDR (.bss_RAM3)
                0x0000000000000208        0x4 LONG 0x0 SIZEOF (.bss_RAM3)
                0x000000000000020c                __bss_section_table_end = .
                0x000000000000020c                __section_table_end = .
 *(SORT_BY_ALIGNMENT(.after_vectors*))
 .after_vectors.reset
                0x000000000000020c       0x4c ./startup/startup_mk66f18.o
                0x000000000000020c                ResetISR
 .after_vectors.init_data
                0x0000000000000258       0x1e ./startup/startup_mk66f18.o
                0x0000000000000258                data_init
 .after_vectors.init_bss
                0x0000000000000276       0x12 ./startup/startup_mk66f18.o
                0x0000000000000276                bss_init
 .after_vectors
                0x0000000000000288       0x14 ./startup/startup_mk66f18.o
                0x0000000000000288                NMI_Handler
                0x000000000000028c                MemManage_Handler
                0x000000000000028e                BusFault_Handler
                0x0000000000000290                UsageFault_Handler
                0x0000000000000294                DebugMon_Handler
                0x000000000000029a                DMA13_DMA29_DriverIRQHandler
                0x000000000000029a                PORTB_DriverIRQHandler
                0x000000000000029a                SPI1_DriverIRQHandler
                0x000000000000029a                LPTMR0_DriverIRQHandler
                0x000000000000029a                DMA_Error_DriverIRQHandler
                0x000000000000029a                FTM1_DriverIRQHandler
                0x000000000000029a                FTM2_DriverIRQHandler
                0x000000000000029a                PIT2_DriverIRQHandler
                0x000000000000029a                TPM2_DriverIRQHandler
                0x000000000000029a                SDHC_DriverIRQHandler
                0x000000000000029a                DMA7_DMA23_DriverIRQHandler
                0x000000000000029a                I2C3_DriverIRQHandler
                0x000000000000029a                I2S0_Tx_DriverIRQHandler
                0x000000000000029a                TSI0_DriverIRQHandler
                0x000000000000029a                RTC_Seconds_DriverIRQHandler
                0x000000000000029a                CMP3_DriverIRQHandler
                0x000000000000029a                LLWU_DriverIRQHandler
                0x000000000000029a                MCM_DriverIRQHandler
                0x000000000000029a                DMA14_DMA30_DriverIRQHandler
                0x000000000000029a                MCG_DriverIRQHandler
                0x000000000000029a                ENET_1588_Timer_DriverIRQHandler
                0x000000000000029a                I2C2_DriverIRQHandler
                0x000000000000029a                DAC1_DriverIRQHandler
                0x000000000000029a                CMP1_DriverIRQHandler
                0x000000000000029a                USBHSDCD_DriverIRQHandler
                0x000000000000029a                DMA0_DMA16_DriverIRQHandler
                0x000000000000029a                FTM0_DriverIRQHandler
                0x000000000000029a                IntDefaultHandler
                0x000000000000029a                USB0_DriverIRQHandler
                0x000000000000029a                PORTC_DriverIRQHandler
                0x000000000000029a                DMA2_DMA18_DriverIRQHandler
                0x000000000000029a                DAC0_DriverIRQHandler
                0x000000000000029a                CMP2_DriverIRQHandler
                0x000000000000029a                UART2_ERR_DriverIRQHandler
                0x000000000000029a                SPI2_DriverIRQHandler
                0x000000000000029a                LVD_LVW_DriverIRQHandler
                0x000000000000029a                Reserved84_DriverIRQHandler
                0x000000000000029a                PIT0_DriverIRQHandler
                0x000000000000029a                RNG_DriverIRQHandler
                0x000000000000029a                USBDCD_DriverIRQHandler
                0x000000000000029a                UART3_ERR_DriverIRQHandler
                0x000000000000029a                DMA12_DMA28_DriverIRQHandler
                0x000000000000029a                DMA10_DMA26_DriverIRQHandler
                0x000000000000029a                UART0_ERR_DriverIRQHandler
                0x000000000000029a                CMT_DriverIRQHandler
                0x000000000000029a                Reserved71_DriverIRQHandler
                0x000000000000029a                ADC1_DriverIRQHandler
                0x000000000000029a                PORTA_DriverIRQHandler
                0x000000000000029a                DMA1_DMA17_DriverIRQHandler
                0x000000000000029a                PIT3_DriverIRQHandler
                0x000000000000029a                PIT1_DriverIRQHandler
                0x000000000000029a                TPM1_DriverIRQHandler
                0x000000000000029a                WDOG_EWM_DriverIRQHandler
                0x000000000000029a                PDB0_DriverIRQHandler
                0x000000000000029a                DMA8_DMA24_DriverIRQHandler
                0x000000000000029a                DMA6_DMA22_DriverIRQHandler
                0x000000000000029a                RTC_DriverIRQHandler
                0x000000000000029a                I2S0_Rx_DriverIRQHandler
                0x000000000000029a                Read_Collision_DriverIRQHandler
                0x000000000000029a                SWI_DriverIRQHandler
                0x000000000000029a                UART4_ERR_DriverIRQHandler
                0x000000000000029a                DMA11_DMA27_DriverIRQHandler
                0x000000000000029a                DMA4_DMA20_DriverIRQHandler
                0x000000000000029a                DMA9_DMA25_DriverIRQHandler
                0x000000000000029a                I2C1_DriverIRQHandler
                0x000000000000029a                ENET_Receive_DriverIRQHandler
                0x000000000000029a                DMA3_DMA19_DriverIRQHandler
                0x000000000000029a                ENET_Error_DriverIRQHandler
                0x000000000000029a                Reserved85_DriverIRQHandler
                0x000000000000029a                SPI0_DriverIRQHandler
                0x000000000000029a                ADC0_DriverIRQHandler
                0x000000000000029a                USBHS_DriverIRQHandler
                0x000000000000029a                CMP0_DriverIRQHandler
                0x000000000000029a                CAN0_DriverIRQHandler
                0x000000000000029a                FTM3_DriverIRQHandler
                0x000000000000029a                DMA5_DMA21_DriverIRQHandler
                0x000000000000029a                DMA15_DMA31_DriverIRQHandler
                0x000000000000029a                UART1_ERR_DriverIRQHandler
                0x000000000000029a                ENET_Transmit_DriverIRQHandler
                0x000000000000029a                PORTD_DriverIRQHandler
                0x000000000000029a                Reserved46_DriverIRQHandler
                0x000000000000029a                PORTE_DriverIRQHandler
                0x000000000000029a                FTFE_DriverIRQHandler
                0x000000000000029a                I2C0_DriverIRQHandler
                0x000000000000029a                CAN1_DriverIRQHandler
                0x0000000000000400                . = 0x400
 *fill*         0x000000000000029c      0x164 ff
                0x0000000000000400                PROVIDE (__FLASH_CONFIG_START__ = .)
 *(SORT_BY_ALIGNMENT(.FlashConfig))
 .FlashConfig   0x0000000000000400       0x10 ./startup/startup_mk66f18.o
                0x0000000000000400                Flash_Config
                0x0000000000000410                PROVIDE (__FLASH_CONFIG_END__ = .)
                0x0000000000000001                ASSERT (! ((__FLASH_CONFIG_START__ == __FLASH_CONFIG_END__)), Linker Flash Config Support Enabled, but no .FlashConfig section provided within application)
 *(SORT_BY_ALIGNMENT(.text*))
 .text.SVC_Handler
                0x0000000000000410       0x28 ./freertos/freertos_kernel/portable/GCC/ARM_CM4F/port.o
                0x0000000000000410                SVC_Handler
 *fill*         0x0000000000000438        0x8 ff
 .text.PendSV_Handler
                0x0000000000000440       0x68 ./freertos/freertos_kernel/portable/GCC/ARM_CM4F/port.o
                0x0000000000000440                PendSV_Handler
 .text.vfscanf  0x00000000000004a8      0x990 /usr/local/mcuxpressoide-11.4.1_6260/ide/plugins/com.nxp.mcuxpresso.tools.linux_11.4.0.202103011116/tools/bin/../lib/gcc/arm-none-eabi/10.2.1/../../../../arm-none-eabi/lib/thumb/v7e-m+fp/hard/libcr_c.a(scanf.o)
                0x00000000000004a8                vfscanf
 .text._frexpl  0x0000000000000e38       0x68 /usr/local/mcuxpressoide-11.4.1_6260/ide/plugins/com.nxp.mcuxpresso.tools.linux_11.4.0.202103011116/tools/bin/../lib/gcc/arm-none-eabi/10.2.1/../../../../arm-none-eabi/lib/thumb/v7e-m+fp/hard/libcr_c.a(_frexpl.o)
                0x0000000000000e38                _frexpl
 .text._ldexpl  0x0000000000000ea0       0x5c /usr/local/mcuxpressoide-11.4.1_6260/ide/plugins/com.nxp.mcuxpresso.tools.linux_11.4.0.202103011116/tools/bin/../lib/gcc/arm-none-eabi/10.2.1/../../../../arm-none-eabi/lib/thumb/v7e-m+fp/hard/libcr_c.a(_ldexpl.o)
                0x0000000000000ea0                _ldexpl
 .text.__assertion_failed
                0x0000000000000efc       0x18 ./utilities/fsl_assert.o
                0x0000000000000efc                __assertion_failed
 .text.producer_task
                0x0000000000000f14       0x30 ./source/freertos_hello.o
                0x0000000000000f14                producer_task
 .text.consumer_task1
                0x0000000000000f44       0x3c ./source/freertos_hello.o
                0x0000000000000f44                consumer_task1
 .text.consumer_task2
                0x0000000000000f80       0x9c ./source/freertos_hello.o
                0x0000000000000f80                consumer_task2
 .text.main     0x000000000000101c       0xa4 ./source/freertos_hello.o
                0x000000000000101c                main
 .text.pvPortMalloc
                0x00000000000010c0      0x1c0 ./freertos/freertos_kernel/portable/MemMang/heap_4.o
                0x00000000000010c0                pvPortMalloc
 .text.vPortFree
                0x0000000000001280       0xc4 ./freertos/freertos_kernel/portable/MemMang/heap_4.o
                0x0000000000001280                vPortFree
 .text.prvHeapInit
                0x0000000000001344       0xc4 ./freertos/freertos_kernel/portable/MemMang/heap_4.o
 .text.prvInsertBlockIntoFreeList
                0x0000000000001408       0xb4 ./freertos/freertos_kernel/portable/MemMang/heap_4.o
 .text.pxPortInitialiseStack
                0x00000000000014bc       0x68 ./freertos/freertos_kernel/portable/GCC/ARM_CM4F/port.o
                0x00000000000014bc                pxPortInitialiseStack
 .text.prvTaskExitError
                0x0000000000001524       0x58 ./freertos/freertos_kernel/portable/GCC/ARM_CM4F/port.o
 .text.prvPortStartFirstTask
                0x000000000000157c       0x2c ./freertos/freertos_kernel/portable/GCC/ARM_CM4F/port.o
 .text.xPortStartScheduler
                0x00000000000015a8      0x144 ./freertos/freertos_kernel/portable/GCC/ARM_CM4F/port.o
                0x00000000000015a8                xPortStartScheduler
 .text.vPortEnterCritical
                0x00000000000016ec       0x60 ./freertos/freertos_kernel/portable/GCC/ARM_CM4F/port.o
                0x00000000000016ec                vPortEnterCritical
 .text.vPortExitCritical
                0x000000000000174c       0x54 ./freertos/freertos_kernel/portable/GCC/ARM_CM4F/port.o
                0x000000000000174c                vPortExitCritical
 .text.SysTick_Handler
                0x00000000000017a0       0x44 ./freertos/freertos_kernel/portable/GCC/ARM_CM4F/port.o
                0x00000000000017a0                SysTick_Handler
 .text.vPortSetupTimerInterrupt
                0x00000000000017e4       0x48 ./freertos/freertos_kernel/portable/GCC/ARM_CM4F/port.o
                0x00000000000017e4                vPortSetupTimerInterrupt
 .text.vPortEnableVFP
                0x000000000000182c       0x18 ./freertos/freertos_kernel/portable/GCC/ARM_CM4F/port.o
 .text.vPortValidateInterruptPriority
                0x0000000000001844       0x80 ./freertos/freertos_kernel/portable/GCC/ARM_CM4F/port.o
                0x0000000000001844                vPortValidateInterruptPriority
 .text.xEventGroupWaitBits
                0x00000000000018c4      0x19c ./freertos/freertos_kernel/event_groups.o
                0x00000000000018c4                xEventGroupWaitBits
 .text.xQueueGenericReset
                0x0000000000001a60       0xd0 ./freertos/freertos_kernel/queue.o
                0x0000000000001a60                xQueueGenericReset
 .text.xQueueGenericSend
                0x0000000000001b30      0x1fc ./freertos/freertos_kernel/queue.o
                0x0000000000001b30                xQueueGenericSend
 .text.xQueueReceive
                0x0000000000001d2c      0x1c0 ./freertos/freertos_kernel/queue.o
                0x0000000000001d2c                xQueueReceive
 .text.vQueueAddToRegistry
                0x0000000000001eec       0x54 ./freertos/freertos_kernel/queue.o
                0x0000000000001eec                vQueueAddToRegistry
 .text.prvAddNewTaskToReadyList
                0x0000000000001f40       0xdc ./freertos/freertos_kernel/tasks.o
 .text.vTaskStartScheduler
                0x000000000000201c       0xa4 ./freertos/freertos_kernel/tasks.o
                0x000000000000201c                vTaskStartScheduler
 .text.vTaskSuspendAll
                0x00000000000020c0       0x1c ./freertos/freertos_kernel/tasks.o
                0x00000000000020c0                vTaskSuspendAll
 .text.xTaskResumeAll
                0x00000000000020dc      0x138 ./freertos/freertos_kernel/tasks.o
                0x00000000000020dc                xTaskResumeAll
 .text.xTaskGetTickCount
                0x0000000000002214       0x20 ./freertos/freertos_kernel/tasks.o
                0x0000000000002214                xTaskGetTickCount
 .text.xTaskIncrementTick
                0x0000000000002234      0x154 ./freertos/freertos_kernel/tasks.o
                0x0000000000002234                xTaskIncrementTick
 .text.vTaskSwitchContext
                0x0000000000002388       0xb8 ./freertos/freertos_kernel/tasks.o
                0x0000000000002388                vTaskSwitchContext
 .text.vTaskPlaceOnEventList
                0x0000000000002440       0x48 ./freertos/freertos_kernel/tasks.o
                0x0000000000002440                vTaskPlaceOnEventList
 .text.vTaskPlaceOnUnorderedEventList
                0x0000000000002488       0x78 ./freertos/freertos_kernel/tasks.o
                0x0000000000002488                vTaskPlaceOnUnorderedEventList
 .text.vTaskPlaceOnEventListRestricted
                0x0000000000002500       0x58 ./freertos/freertos_kernel/tasks.o
                0x0000000000002500                vTaskPlaceOnEventListRestricted
 .text.xTaskRemoveFromEventList
                0x0000000000002558       0xc4 ./freertos/freertos_kernel/tasks.o
                0x0000000000002558                xTaskRemoveFromEventList
 .text.vTaskRemoveFromUnorderedEventList
                0x000000000000261c       0xc4 ./freertos/freertos_kernel/tasks.o
                0x000000000000261c                vTaskRemoveFromUnorderedEventList
 .text.vTaskInternalSetTimeOutState
                0x00000000000026e0       0x2c ./freertos/freertos_kernel/tasks.o
                0x00000000000026e0                vTaskInternalSetTimeOutState
 .text.xTaskCheckForTimeOut
                0x000000000000270c       0xcc ./freertos/freertos_kernel/tasks.o
                0x000000000000270c                xTaskCheckForTimeOut
 .text.vTaskMissedYield
                0x00000000000027d8       0x18 ./freertos/freertos_kernel/tasks.o
                0x00000000000027d8                vTaskMissedYield
 .text.prvIdleTask
                0x00000000000027f0       0x30 ./freertos/freertos_kernel/tasks.o
 .text.prvInitialiseTaskLists
                0x0000000000002820       0x80 ./freertos/freertos_kernel/tasks.o
 .text.prvCheckTasksWaitingTermination
                0x00000000000028a0       0x5c ./freertos/freertos_kernel/tasks.o
 .text.prvResetNextTaskUnblockTime
                0x00000000000028fc       0x38 ./freertos/freertos_kernel/tasks.o
 .text.xTaskGetSchedulerState
                0x0000000000002934       0x3c ./freertos/freertos_kernel/tasks.o
                0x0000000000002934                xTaskGetSchedulerState
 .text.xTaskPriorityDisinherit
                0x0000000000002970       0xf4 ./freertos/freertos_kernel/tasks.o
                0x0000000000002970                xTaskPriorityDisinherit
 .text.uxTaskResetEventItemValue
                0x0000000000002a64       0x30 ./freertos/freertos_kernel/tasks.o
                0x0000000000002a64                uxTaskResetEventItemValue
 .text.prvAddCurrentTaskToDelayedList
                0x0000000000002a94       0xcc ./freertos/freertos_kernel/tasks.o
 .text.xTimerCreateTimerTask
                0x0000000000002b60       0x64 ./freertos/freertos_kernel/timers.o
                0x0000000000002b60                xTimerCreateTimerTask
 .text.xTimerGenericCommand
                0x0000000000002bc4       0x9c ./freertos/freertos_kernel/timers.o
                0x0000000000002bc4                xTimerGenericCommand
 .text.prvProcessExpiredTimer
                0x0000000000002c60       0x98 ./freertos/freertos_kernel/timers.o
 .text.prvProcessTimerOrBlockTask
                0x0000000000002cf8       0x9c ./freertos/freertos_kernel/timers.o
 .text.prvGetNextExpireTime
                0x0000000000002d94       0x48 ./freertos/freertos_kernel/timers.o
 .text.prvSampleTimeNow
                0x0000000000002ddc       0x40 ./freertos/freertos_kernel/timers.o
 .text.prvInsertTimerInActiveList
                0x0000000000002e1c       0x84 ./freertos/freertos_kernel/timers.o
 .text.prvProcessReceivedCommands
                0x0000000000002ea0      0x1c4 ./freertos/freertos_kernel/timers.o
 .text.prvSwitchTimerLists
                0x0000000000003064       0xc8 ./freertos/freertos_kernel/timers.o
 .text.prvCheckForValidListAndQueue
                0x000000000000312c       0x6c ./freertos/freertos_kernel/timers.o
 .text.CLOCK_SetEr32kClock
                0x0000000000003198       0x30 ./drivers/fsl_clock.o
 .text.CLOCK_SetPllFllSelClock
                0x00000000000031c8       0x54 ./drivers/fsl_clock.o
 .text.CLOCK_GetMcgExtClkFreq
                0x000000000000321c       0x7c ./drivers/fsl_clock.o
 .text.CLOCK_GetFllExtRefClkFreq
                0x0000000000003298       0xb0 ./drivers/fsl_clock.o
 .text.CLOCK_GetInternalRefClkSelectFreq
                0x0000000000003348       0x4c ./drivers/fsl_clock.o
 .text.CLOCK_GetFllRefClkFreq
                0x0000000000003394       0x34 ./drivers/fsl_clock.o
 .text.CLOCK_GetOscRangeFromFreq
                0x00000000000033c8       0x3c ./drivers/fsl_clock.o
 .text.CLOCK_GetCoreSysClkFreq
                0x0000000000003404       0x28 ./drivers/fsl_clock.o
                0x0000000000003404                CLOCK_GetCoreSysClkFreq
 .text.CLOCK_SetSimConfig
                0x000000000000342c       0x40 ./drivers/fsl_clock.o
                0x000000000000342c                CLOCK_SetSimConfig
 .text.CLOCK_GetOutClkFreq
                0x000000000000346c       0x90 ./drivers/fsl_clock.o
                0x000000000000346c                CLOCK_GetOutClkFreq
 .text.CLOCK_GetFllFreq
                0x00000000000034fc       0x84 ./drivers/fsl_clock.o
                0x00000000000034fc                CLOCK_GetFllFreq
 .text.CLOCK_GetPll0Freq
                0x0000000000003580       0x7c ./drivers/fsl_clock.o
                0x0000000000003580                CLOCK_GetPll0Freq
 .text.CLOCK_GetExtPllFreq
                0x00000000000035fc       0x18 ./drivers/fsl_clock.o
                0x00000000000035fc                CLOCK_GetExtPllFreq
 .text.CLOCK_SetExternalRefClkConfig
                0x0000000000003614       0x6c ./drivers/fsl_clock.o
                0x0000000000003614                CLOCK_SetExternalRefClkConfig
 .text.CLOCK_SetInternalRefClkConfig
                0x0000000000003680      0x104 ./drivers/fsl_clock.o
                0x0000000000003680                CLOCK_SetInternalRefClkConfig
 .text.CLOCK_EnablePll0
                0x0000000000003784       0x88 ./drivers/fsl_clock.o
                0x0000000000003784                CLOCK_EnablePll0
 .text.CLOCK_InitOsc0
                0x000000000000380c       0x8c ./drivers/fsl_clock.o
                0x000000000000380c                CLOCK_InitOsc0
 .text.CLOCK_SetPbeMode
                0x0000000000003898       0xe8 ./drivers/fsl_clock.o
                0x0000000000003898                CLOCK_SetPbeMode
 .text.CLOCK_BootToPeeMode
                0x0000000000003980       0x68 ./drivers/fsl_clock.o
                0x0000000000003980                CLOCK_BootToPeeMode
 .text.LPUART0_DriverIRQHandler
                0x00000000000039e8       0x28 ./drivers/fsl_lpuart.o
                0x00000000000039e8                LPUART0_DriverIRQHandler
 .text.UART0_DriverIRQHandler
                0x0000000000003a10       0x28 ./drivers/fsl_uart.o
                0x0000000000003a10                UART0_DriverIRQHandler
 .text.UART1_DriverIRQHandler
                0x0000000000003a38       0x28 ./drivers/fsl_uart.o
                0x0000000000003a38                UART1_DriverIRQHandler
 .text.UART2_DriverIRQHandler
                0x0000000000003a60       0x28 ./drivers/fsl_uart.o
                0x0000000000003a60                UART2_DriverIRQHandler
 .text.UART3_DriverIRQHandler
                0x0000000000003a88       0x28 ./drivers/fsl_uart.o
                0x0000000000003a88                UART3_DriverIRQHandler
 .text.UART4_DriverIRQHandler
                0x0000000000003ab0       0x28 ./drivers/fsl_uart.o
                0x0000000000003ab0                UART4_DriverIRQHandler
 .text.SystemInit
                0x0000000000003ad8       0x3c ./device/system_MK66F18.o
                0x0000000000003ad8                SystemInit
 .text.CLOCK_SetSimSafeDivs
                0x0000000000003b14       0x24 ./board/clock_config.o
 .text.CLOCK_SetXtal0Freq
                0x0000000000003b38       0x20 ./board/clock_config.o
 .text.CLOCK_CONFIG_SetFllExtRefDiv
                0x0000000000003b58       0x3c ./board/clock_config.o
 .text.BOARD_BootClockRUN
                0x0000000000003b94       0x60 ./board/clock_config.o
                0x0000000000003b94                BOARD_BootClockRUN
 .text.BOARD_InitPins
                0x0000000000003bf4       0x44 ./board/pin_mux.o
                0x0000000000003bf4                BOARD_InitPins
 .text.malloc   0x0000000000003c38       0xc8 /usr/local/mcuxpressoide-11.4.1_6260/ide/plugins/com.nxp.mcuxpresso.tools.linux_11.4.0.202103011116/tools/bin/../lib/gcc/arm-none-eabi/10.2.1/../../../../arm-none-eabi/lib/thumb/v7e-m+fp/hard/libcr_c.a(alloc.o)
                0x0000000000003c38                malloc
 .text._Csys_alloc
                0x0000000000003d00       0x20 /usr/local/mcuxpressoide-11.4.1_6260/ide/plugins/com.nxp.mcuxpresso.tools.linux_11.4.0.202103011116/tools/bin/../lib/gcc/arm-none-eabi/10.2.1/../../../../arm-none-eabi/lib/thumb/v7e-m+fp/hard/libcr_c.a(alloc.o)
                0x0000000000003d00                _Csys_alloc
 .text._initio  0x0000000000003d20       0x78 /usr/local/mcuxpressoide-11.4.1_6260/ide/plugins/com.nxp.mcuxpresso.tools.linux_11.4.0.202103011116/tools/bin/../lib/gcc/arm-none-eabi/10.2.1/../../../../arm-none-eabi/lib/thumb/v7e-m+fp/hard/libcr_c.a(initio.o)
                0x0000000000003d20                _initio
 .text.__vfprintf
                0x0000000000003d98      0xbf4 /usr/local/mcuxpressoide-11.4.1_6260/ide/plugins/com.nxp.mcuxpresso.tools.linux_11.4.0.202103011116/tools/bin/../lib/gcc/arm-none-eabi/10.2.1/../../../../arm-none-eabi/lib/thumb/v7e-m+fp/hard/libcr_c.a(printf.o)
                0x0000000000003d98                __vfprintf
 .text._vsnprintf
                0x000000000000498c       0x68 /usr/local/mcuxpressoide-11.4.1_6260/ide/plugins/com.nxp.mcuxpresso.tools.linux_11.4.0.202103011116/tools/bin/../lib/gcc/arm-none-eabi/10.2.1/../../../../arm-none-eabi/lib/thumb/v7e-m+fp/hard/libcr_c.a(printf.o)
                0x000000000000498c                _vsnprintf
 .text._printf  0x00000000000049f4       0x54 /usr/local/mcuxpressoide-11.4.1_6260/ide/plugins/com.nxp.mcuxpresso.tools.linux_11.4.0.202103011116/tools/bin/../lib/gcc/arm-none-eabi/10.2.1/../../../../arm-none-eabi/lib/thumb/v7e-m+fp/hard/libcr_c.a(printf.o)
                0x00000000000049f4                _printf
 .text.ch_val   0x0000000000004a48       0x30 /usr/local/mcuxpressoide-11.4.1_6260/ide/plugins/com.nxp.mcuxpresso.tools.linux_11.4.0.202103011116/tools/bin/../lib/gcc/arm-none-eabi/10.2.1/../../../../arm-none-eabi/lib/thumb/v7e-m+fp/hard/libcr_c.a(scanf.o)
 .text.cr_rd_int
                0x0000000000004a78      0x1a8 /usr/local/mcuxpressoide-11.4.1_6260/ide/plugins/com.nxp.mcuxpresso.tools.linux_11.4.0.202103011116/tools/bin/../lib/gcc/arm-none-eabi/10.2.1/../../../../arm-none-eabi/lib/thumb/v7e-m+fp/hard/libcr_c.a(scanf.o)
 .text.scanf    0x0000000000004c20       0x20 /usr/local/mcuxpressoide-11.4.1_6260/ide/plugins/com.nxp.mcuxpresso.tools.linux_11.4.0.202103011116/tools/bin/../lib/gcc/arm-none-eabi/10.2.1/../../../../arm-none-eabi/lib/thumb/v7e-m+fp/hard/libcr_c.a(scanf.o)
                0x0000000000004c20                scanf
 .text.__filbuf
                0x0000000000004c40      0x178 /usr/local/mcuxpressoide-11.4.1_6260/ide/plugins/com.nxp.mcuxpresso.tools.linux_11.4.0.202103011116/tools/bin/../lib/gcc/arm-none-eabi/10.2.1/../../../../arm-none-eabi/lib/thumb/v7e-m+fp/hard/libcr_c.a(__fillbuf.o)
                0x0000000000004c40                __filbuf
 .text._sbrk    0x0000000000004db8       0x3c /usr/local/mcuxpressoide-11.4.1_6260/ide/plugins/com.nxp.mcuxpresso.tools.linux_11.4.0.202103011116/tools/bin/../lib/gcc/arm-none-eabi/10.2.1/../../../../arm-none-eabi/lib/thumb/v7e-m+fp/hard/libcr_c.a(_cr_sbrk.o)
                0x0000000000004db8                _sbrk
 .text._Cwritebuf
                0x0000000000004df4       0x6c /usr/local/mcuxpressoide-11.4.1_6260/ide/plugins/com.nxp.mcuxpresso.tools.linux_11.4.0.202103011116/tools/bin/../lib/gcc/arm-none-eabi/10.2.1/../../../../arm-none-eabi/lib/thumb/v7e-m+fp/hard/libcr_c.a(_writebuf.o)
                0x0000000000004df4                _Cwritebuf
 .text.fflush   0x0000000000004e60       0x3c /usr/local/mcuxpressoide-11.4.1_6260/ide/plugins/com.nxp.mcuxpresso.tools.linux_11.4.0.202103011116/tools/bin/../lib/gcc/arm-none-eabi/10.2.1/../../../../arm-none-eabi/lib/thumb/v7e-m+fp/hard/libcr_c.a(fflush.o)
                0x0000000000004e60                fflush
 .text.fseek    0x0000000000004e9c      0x100 /usr/local/mcuxpressoide-11.4.1_6260/ide/plugins/com.nxp.mcuxpresso.tools.linux_11.4.0.202103011116/tools/bin/../lib/gcc/arm-none-eabi/10.2.1/../../../../arm-none-eabi/lib/thumb/v7e-m+fp/hard/libcr_c.a(fseek.o)
                0x0000000000004e9c                fseek
 .text.ftell    0x0000000000004f9c       0x44 /usr/local/mcuxpressoide-11.4.1_6260/ide/plugins/com.nxp.mcuxpresso.tools.linux_11.4.0.202103011116/tools/bin/../lib/gcc/arm-none-eabi/10.2.1/../../../../arm-none-eabi/lib/thumb/v7e-m+fp/hard/libcr_c.a(ftell.o)
                0x0000000000004f9c                ftell
 .text.__check_heap_overflow
                0x0000000000004fe0       0x18 /usr/local/mcuxpressoide-11.4.1_6260/ide/plugins/com.nxp.mcuxpresso.tools.linux_11.4.0.202103011116/tools/bin/../lib/gcc/arm-none-eabi/10.2.1/../../../../arm-none-eabi/lib/thumb/v7e-m+fp/hard/libcr_c.a(_cr_check_heap.o)
                0x0000000000004fe0                __check_heap_overflow
 .text.__aeabi_dmul
                0x0000000000004ff8       0xfc /usr/local/mcuxpressoide-11.4.1_6260/ide/plugins/com.nxp.mcuxpresso.tools.linux_11.4.0.202103011116/tools/bin/../lib/gcc/arm-none-eabi/10.2.1/thumb/v7e-m+fp/hard/libcr_eabihelpers.a(double.o)
                0x0000000000004ff8                __aeabi_dmul
 .text.__aeabi_ddiv
                0x00000000000050f4      0x138 /usr/local/mcuxpressoide-11.4.1_6260/ide/plugins/com.nxp.mcuxpresso.tools.linux_11.4.0.202103011116/tools/bin/../lib/gcc/arm-none-eabi/10.2.1/thumb/v7e-m+fp/hard/libcr_eabihelpers.a(double.o)
                0x00000000000050f4                __aeabi_ddiv
 .text.__aeabi_dsub
                0x000000000000522c      0x1ac /usr/local/mcuxpressoide-11.4.1_6260/ide/plugins/com.nxp.mcuxpresso.tools.linux_11.4.0.202103011116/tools/bin/../lib/gcc/arm-none-eabi/10.2.1/thumb/v7e-m+fp/hard/libcr_eabihelpers.a(double.o)
                0x000000000000522c                __aeabi_dsub
 .text.__aeabi_dadd
                0x00000000000053d8      0x114 /usr/local/mcuxpressoide-11.4.1_6260/ide/plugins/com.nxp.mcuxpresso.tools.linux_11.4.0.202103011116/tools/bin/../lib/gcc/arm-none-eabi/10.2.1/thumb/v7e-m+fp/hard/libcr_eabihelpers.a(double.o)
                0x00000000000053d8                __aeabi_dadd
 .text.__aeabi_d2f
                0x00000000000054ec       0x58 /usr/local/mcuxpressoide-11.4.1_6260/ide/plugins/com.nxp.mcuxpresso.tools.linux_11.4.0.202103011116/tools/bin/../lib/gcc/arm-none-eabi/10.2.1/thumb/v7e-m+fp/hard/libcr_eabihelpers.a(double.o)
                0x00000000000054ec                __aeabi_d2f
 .text.__sys_appexit
                0x0000000000005544        0xc /usr/local/mcuxpressoide-11.4.1_6260/ide/plugins/com.nxp.mcuxpresso.tools.linux_11.4.0.202103011116/tools/bin/../lib/gcc/arm-none-eabi/10.2.1/../../../../arm-none-eabi/lib/thumb/v7e-m+fp/hard/libcr_semihost_nf.a(__sys_appexit.o)
                0x0000000000005544                __exit
                0x0000000000005544                __sys_appexit
 .text.DMA0_DMA16_IRQHandler
                0x0000000000005550        0x8 ./startup/startup_mk66f18.o
                0x0000000000005550                DMA0_DMA16_IRQHandler
 .text.DMA1_DMA17_IRQHandler
                0x0000000000005558        0x8 ./startup/startup_mk66f18.o
                0x0000000000005558                DMA1_DMA17_IRQHandler
 .text.DMA2_DMA18_IRQHandler
                0x0000000000005560        0x8 ./startup/startup_mk66f18.o
                0x0000000000005560                DMA2_DMA18_IRQHandler
 .text.DMA3_DMA19_IRQHandler
                0x0000000000005568        0x8 ./startup/startup_mk66f18.o
                0x0000000000005568                DMA3_DMA19_IRQHandler
 .text.DMA4_DMA20_IRQHandler
                0x0000000000005570        0x8 ./startup/startup_mk66f18.o
                0x0000000000005570                DMA4_DMA20_IRQHandler
 .text.DMA5_DMA21_IRQHandler
                0x0000000000005578        0x8 ./startup/startup_mk66f18.o
                0x0000000000005578                DMA5_DMA21_IRQHandler
 .text.DMA6_DMA22_IRQHandler
                0x0000000000005580        0x8 ./startup/startup_mk66f18.o
                0x0000000000005580                DMA6_DMA22_IRQHandler
 .text.DMA7_DMA23_IRQHandler
                0x0000000000005588        0x8 ./startup/startup_mk66f18.o
                0x0000000000005588                DMA7_DMA23_IRQHandler
 .text.DMA8_DMA24_IRQHandler
                0x0000000000005590        0x8 ./startup/startup_mk66f18.o
                0x0000000000005590                DMA8_DMA24_IRQHandler
 .text.DMA9_DMA25_IRQHandler
                0x0000000000005598        0x8 ./startup/startup_mk66f18.o
                0x0000000000005598                DMA9_DMA25_IRQHandler
 .text.DMA10_DMA26_IRQHandler
                0x00000000000055a0        0x8 ./startup/startup_mk66f18.o
                0x00000000000055a0                DMA10_DMA26_IRQHandler
 .text.DMA11_DMA27_IRQHandler
                0x00000000000055a8        0x8 ./startup/startup_mk66f18.o
                0x00000000000055a8                DMA11_DMA27_IRQHandler
 .text.DMA12_DMA28_IRQHandler
                0x00000000000055b0        0x8 ./startup/startup_mk66f18.o
                0x00000000000055b0                DMA12_DMA28_IRQHandler
 .text.DMA13_DMA29_IRQHandler
                0x00000000000055b8        0x8 ./startup/startup_mk66f18.o
                0x00000000000055b8                DMA13_DMA29_IRQHandler
 .text.DMA14_DMA30_IRQHandler
                0x00000000000055c0        0x8 ./startup/startup_mk66f18.o
                0x00000000000055c0                DMA14_DMA30_IRQHandler
 .text.DMA15_DMA31_IRQHandler
                0x00000000000055c8        0x8 ./startup/startup_mk66f18.o
                0x00000000000055c8                DMA15_DMA31_IRQHandler
 .text.DMA_Error_IRQHandler
                0x00000000000055d0        0x8 ./startup/startup_mk66f18.o
                0x00000000000055d0                DMA_Error_IRQHandler
 .text.MCM_IRQHandler
                0x00000000000055d8        0x8 ./startup/startup_mk66f18.o
                0x00000000000055d8                MCM_IRQHandler
 .text.FTFE_IRQHandler
                0x00000000000055e0        0x8 ./startup/startup_mk66f18.o
                0x00000000000055e0                FTFE_IRQHandler
 .text.Read_Collision_IRQHandler
                0x00000000000055e8        0x8 ./startup/startup_mk66f18.o
                0x00000000000055e8                Read_Collision_IRQHandler
 .text.LVD_LVW_IRQHandler
                0x00000000000055f0        0x8 ./startup/startup_mk66f18.o
                0x00000000000055f0                LVD_LVW_IRQHandler
 .text.LLWU_IRQHandler
                0x00000000000055f8        0x8 ./startup/startup_mk66f18.o
                0x00000000000055f8                LLWU_IRQHandler
 .text.WDOG_EWM_IRQHandler
                0x0000000000005600        0x8 ./startup/startup_mk66f18.o
                0x0000000000005600                WDOG_EWM_IRQHandler
 .text.RNG_IRQHandler
                0x0000000000005608        0x8 ./startup/startup_mk66f18.o
                0x0000000000005608                RNG_IRQHandler
 .text.I2C0_IRQHandler
                0x0000000000005610        0x8 ./startup/startup_mk66f18.o
                0x0000000000005610                I2C0_IRQHandler
 .text.I2C1_IRQHandler
                0x0000000000005618        0x8 ./startup/startup_mk66f18.o
                0x0000000000005618                I2C1_IRQHandler
 .text.SPI0_IRQHandler
                0x0000000000005620        0x8 ./startup/startup_mk66f18.o
                0x0000000000005620                SPI0_IRQHandler
 .text.SPI1_IRQHandler
                0x0000000000005628        0x8 ./startup/startup_mk66f18.o
                0x0000000000005628                SPI1_IRQHandler
 .text.I2S0_Tx_IRQHandler
                0x0000000000005630        0x8 ./startup/startup_mk66f18.o
                0x0000000000005630                I2S0_Tx_IRQHandler
 .text.I2S0_Rx_IRQHandler
                0x0000000000005638        0x8 ./startup/startup_mk66f18.o
                0x0000000000005638                I2S0_Rx_IRQHandler
 .text.Reserved46_IRQHandler
                0x0000000000005640        0x8 ./startup/startup_mk66f18.o
                0x0000000000005640                Reserved46_IRQHandler
 .text.UART0_RX_TX_IRQHandler
                0x0000000000005648        0x8 ./startup/startup_mk66f18.o
                0x0000000000005648                UART0_RX_TX_IRQHandler
 .text.UART0_ERR_IRQHandler
                0x0000000000005650        0x8 ./startup/startup_mk66f18.o
                0x0000000000005650                UART0_ERR_IRQHandler
 .text.UART1_RX_TX_IRQHandler
                0x0000000000005658        0x8 ./startup/startup_mk66f18.o
                0x0000000000005658                UART1_RX_TX_IRQHandler
 .text.UART1_ERR_IRQHandler
                0x0000000000005660        0x8 ./startup/startup_mk66f18.o
                0x0000000000005660                UART1_ERR_IRQHandler
 .text.UART2_RX_TX_IRQHandler
                0x0000000000005668        0x8 ./startup/startup_mk66f18.o
                0x0000000000005668                UART2_RX_TX_IRQHandler
 .text.UART2_ERR_IRQHandler
                0x0000000000005670        0x8 ./startup/startup_mk66f18.o
                0x0000000000005670                UART2_ERR_IRQHandler
 .text.UART3_RX_TX_IRQHandler
                0x0000000000005678        0x8 ./startup/startup_mk66f18.o
                0x0000000000005678                UART3_RX_TX_IRQHandler
 .text.UART3_ERR_IRQHandler
                0x0000000000005680        0x8 ./startup/startup_mk66f18.o
                0x0000000000005680                UART3_ERR_IRQHandler
 .text.ADC0_IRQHandler
                0x0000000000005688        0x8 ./startup/startup_mk66f18.o
                0x0000000000005688                ADC0_IRQHandler
 .text.CMP0_IRQHandler
                0x0000000000005690        0x8 ./startup/startup_mk66f18.o
                0x0000000000005690                CMP0_IRQHandler
 .text.CMP1_IRQHandler
                0x0000000000005698        0x8 ./startup/startup_mk66f18.o
                0x0000000000005698                CMP1_IRQHandler
 .text.FTM0_IRQHandler
                0x00000000000056a0        0x8 ./startup/startup_mk66f18.o
                0x00000000000056a0                FTM0_IRQHandler
 .text.FTM1_IRQHandler
                0x00000000000056a8        0x8 ./startup/startup_mk66f18.o
                0x00000000000056a8                FTM1_IRQHandler
 .text.FTM2_IRQHandler
                0x00000000000056b0        0x8 ./startup/startup_mk66f18.o
                0x00000000000056b0                FTM2_IRQHandler
 .text.CMT_IRQHandler
                0x00000000000056b8        0x8 ./startup/startup_mk66f18.o
                0x00000000000056b8                CMT_IRQHandler
 .text.RTC_IRQHandler
                0x00000000000056c0        0x8 ./startup/startup_mk66f18.o
                0x00000000000056c0                RTC_IRQHandler
 .text.RTC_Seconds_IRQHandler
                0x00000000000056c8        0x8 ./startup/startup_mk66f18.o
                0x00000000000056c8                RTC_Seconds_IRQHandler
 .text.PIT0_IRQHandler
                0x00000000000056d0        0x8 ./startup/startup_mk66f18.o
                0x00000000000056d0                PIT0_IRQHandler
 .text.PIT1_IRQHandler
                0x00000000000056d8        0x8 ./startup/startup_mk66f18.o
                0x00000000000056d8                PIT1_IRQHandler
 .text.PIT2_IRQHandler
                0x00000000000056e0        0x8 ./startup/startup_mk66f18.o
                0x00000000000056e0                PIT2_IRQHandler
 .text.PIT3_IRQHandler
                0x00000000000056e8        0x8 ./startup/startup_mk66f18.o
                0x00000000000056e8                PIT3_IRQHandler
 .text.PDB0_IRQHandler
                0x00000000000056f0        0x8 ./startup/startup_mk66f18.o
                0x00000000000056f0                PDB0_IRQHandler
 .text.USB0_IRQHandler
                0x00000000000056f8        0x8 ./startup/startup_mk66f18.o
                0x00000000000056f8                USB0_IRQHandler
 .text.USBDCD_IRQHandler
                0x0000000000005700        0x8 ./startup/startup_mk66f18.o
                0x0000000000005700                USBDCD_IRQHandler
 .text.Reserved71_IRQHandler
                0x0000000000005708        0x8 ./startup/startup_mk66f18.o
                0x0000000000005708                Reserved71_IRQHandler
 .text.DAC0_IRQHandler
                0x0000000000005710        0x8 ./startup/startup_mk66f18.o
                0x0000000000005710                DAC0_IRQHandler
 .text.MCG_IRQHandler
                0x0000000000005718        0x8 ./startup/startup_mk66f18.o
                0x0000000000005718                MCG_IRQHandler
 .text.LPTMR0_IRQHandler
                0x0000000000005720        0x8 ./startup/startup_mk66f18.o
                0x0000000000005720                LPTMR0_IRQHandler
 .text.PORTA_IRQHandler
                0x0000000000005728        0x8 ./startup/startup_mk66f18.o
                0x0000000000005728                PORTA_IRQHandler
 .text.PORTB_IRQHandler
                0x0000000000005730        0x8 ./startup/startup_mk66f18.o
                0x0000000000005730                PORTB_IRQHandler
 .text.PORTC_IRQHandler
                0x0000000000005738        0x8 ./startup/startup_mk66f18.o
                0x0000000000005738                PORTC_IRQHandler
 .text.PORTD_IRQHandler
                0x0000000000005740        0x8 ./startup/startup_mk66f18.o
                0x0000000000005740                PORTD_IRQHandler
 .text.PORTE_IRQHandler
                0x0000000000005748        0x8 ./startup/startup_mk66f18.o
                0x0000000000005748                PORTE_IRQHandler
 .text.SWI_IRQHandler
                0x0000000000005750        0x8 ./startup/startup_mk66f18.o
                0x0000000000005750                SWI_IRQHandler
 .text.SPI2_IRQHandler
                0x0000000000005758        0x8 ./startup/startup_mk66f18.o
                0x0000000000005758                SPI2_IRQHandler
 .text.UART4_RX_TX_IRQHandler
                0x0000000000005760        0x8 ./startup/startup_mk66f18.o
                0x0000000000005760                UART4_RX_TX_IRQHandler
 .text.UART4_ERR_IRQHandler
                0x0000000000005768        0x8 ./startup/startup_mk66f18.o
                0x0000000000005768                UART4_ERR_IRQHandler
 .text.Reserved84_IRQHandler
                0x0000000000005770        0x8 ./startup/startup_mk66f18.o
                0x0000000000005770                Reserved84_IRQHandler
 .text.Reserved85_IRQHandler
                0x0000000000005778        0x8 ./startup/startup_mk66f18.o
                0x0000000000005778                Reserved85_IRQHandler
 .text.CMP2_IRQHandler
                0x0000000000005780        0x8 ./startup/startup_mk66f18.o
                0x0000000000005780                CMP2_IRQHandler
 .text.FTM3_IRQHandler
                0x0000000000005788        0x8 ./startup/startup_mk66f18.o
                0x0000000000005788                FTM3_IRQHandler
 .text.DAC1_IRQHandler
                0x0000000000005790        0x8 ./startup/startup_mk66f18.o
                0x0000000000005790                DAC1_IRQHandler
 .text.ADC1_IRQHandler
                0x0000000000005798        0x8 ./startup/startup_mk66f18.o
                0x0000000000005798                ADC1_IRQHandler
 .text.I2C2_IRQHandler
                0x00000000000057a0        0x8 ./startup/startup_mk66f18.o
                0x00000000000057a0                I2C2_IRQHandler
 .text.CAN0_ORed_Message_buffer_IRQHandler
                0x00000000000057a8        0x8 ./startup/startup_mk66f18.o
                0x00000000000057a8                CAN0_ORed_Message_buffer_IRQHandler
 .text.CAN0_Bus_Off_IRQHandler
                0x00000000000057b0        0x8 ./startup/startup_mk66f18.o
                0x00000000000057b0                CAN0_Bus_Off_IRQHandler
 .text.CAN0_Error_IRQHandler
                0x00000000000057b8        0x8 ./startup/startup_mk66f18.o
                0x00000000000057b8                CAN0_Error_IRQHandler
 .text.CAN0_Tx_Warning_IRQHandler
                0x00000000000057c0        0x8 ./startup/startup_mk66f18.o
                0x00000000000057c0                CAN0_Tx_Warning_IRQHandler
 .text.CAN0_Rx_Warning_IRQHandler
                0x00000000000057c8        0x8 ./startup/startup_mk66f18.o
                0x00000000000057c8                CAN0_Rx_Warning_IRQHandler
 .text.CAN0_Wake_Up_IRQHandler
                0x00000000000057d0        0x8 ./startup/startup_mk66f18.o
                0x00000000000057d0                CAN0_Wake_Up_IRQHandler
 .text.SDHC_IRQHandler
                0x00000000000057d8        0x8 ./startup/startup_mk66f18.o
                0x00000000000057d8                SDHC_IRQHandler
 .text.ENET_1588_Timer_IRQHandler
                0x00000000000057e0        0x8 ./startup/startup_mk66f18.o
                0x00000000000057e0                ENET_1588_Timer_IRQHandler
 .text.ENET_Transmit_IRQHandler
                0x00000000000057e8        0x8 ./startup/startup_mk66f18.o
                0x00000000000057e8                ENET_Transmit_IRQHandler
 .text.ENET_Receive_IRQHandler
                0x00000000000057f0        0x8 ./startup/startup_mk66f18.o
                0x00000000000057f0                ENET_Receive_IRQHandler
 .text.ENET_Error_IRQHandler
                0x00000000000057f8        0x8 ./startup/startup_mk66f18.o
                0x00000000000057f8                ENET_Error_IRQHandler
 .text.LPUART0_IRQHandler
                0x0000000000005800        0x8 ./startup/startup_mk66f18.o
                0x0000000000005800                LPUART0_IRQHandler
 .text.TSI0_IRQHandler
                0x0000000000005808        0x8 ./startup/startup_mk66f18.o
                0x0000000000005808                TSI0_IRQHandler
 .text.TPM1_IRQHandler
                0x0000000000005810        0x8 ./startup/startup_mk66f18.o
                0x0000000000005810                TPM1_IRQHandler
 .text.TPM2_IRQHandler
                0x0000000000005818        0x8 ./startup/startup_mk66f18.o
                0x0000000000005818                TPM2_IRQHandler
 .text.USBHSDCD_IRQHandler
                0x0000000000005820        0x8 ./startup/startup_mk66f18.o
                0x0000000000005820                USBHSDCD_IRQHandler
 .text.I2C3_IRQHandler
                0x0000000000005828        0x8 ./startup/startup_mk66f18.o
                0x0000000000005828                I2C3_IRQHandler
 .text.CMP3_IRQHandler
                0x0000000000005830        0x8 ./startup/startup_mk66f18.o
                0x0000000000005830                CMP3_IRQHandler
 .text.USBHS_IRQHandler
                0x0000000000005838        0x8 ./startup/startup_mk66f18.o
                0x0000000000005838                USBHS_IRQHandler
 .text.CAN1_ORed_Message_buffer_IRQHandler
                0x0000000000005840        0x8 ./startup/startup_mk66f18.o
                0x0000000000005840                CAN1_ORed_Message_buffer_IRQHandler
 .text.CAN1_Bus_Off_IRQHandler
                0x0000000000005848        0x8 ./startup/startup_mk66f18.o
                0x0000000000005848                CAN1_Bus_Off_IRQHandler
 .text.CAN1_Error_IRQHandler
                0x0000000000005850        0x8 ./startup/startup_mk66f18.o
                0x0000000000005850                CAN1_Error_IRQHandler
 .text.CAN1_Tx_Warning_IRQHandler
                0x0000000000005858        0x8 ./startup/startup_mk66f18.o
                0x0000000000005858                CAN1_Tx_Warning_IRQHandler
 .text.CAN1_Rx_Warning_IRQHandler
                0x0000000000005860        0x8 ./startup/startup_mk66f18.o
                0x0000000000005860                CAN1_Rx_Warning_IRQHandler
 .text.CAN1_Wake_Up_IRQHandler
                0x0000000000005868        0x8 ./startup/startup_mk66f18.o
                0x0000000000005868                CAN1_Wake_Up_IRQHandler
 .text.HardFault_Handler
                0x0000000000005870       0x2c ./source/semihost_hardfault.o
                0x0000000000005870                HardFault_Handler
 .text.xEventGroupCreate
                0x000000000000589c       0x2e ./freertos/freertos_kernel/event_groups.o
                0x000000000000589c                xEventGroupCreate
 .text.xEventGroupSetBits
                0x00000000000058ca      0x116 ./freertos/freertos_kernel/event_groups.o
                0x00000000000058ca                xEventGroupSetBits
 .text.prvTestWaitCondition
                0x00000000000059e0       0x44 ./freertos/freertos_kernel/event_groups.o
 .text.vListInitialise
                0x0000000000005a24       0x40 ./freertos/freertos_kernel/list.o
                0x0000000000005a24                vListInitialise
 .text.vListInitialiseItem
                0x0000000000005a64       0x1a ./freertos/freertos_kernel/list.o
                0x0000000000005a64                vListInitialiseItem
 .text.vListInsertEnd
                0x0000000000005a7e       0x48 ./freertos/freertos_kernel/list.o
                0x0000000000005a7e                vListInsertEnd
 .text.vListInsert
                0x0000000000005ac6       0x72 ./freertos/freertos_kernel/list.o
                0x0000000000005ac6                vListInsert
 .text.uxListRemove
                0x0000000000005b38       0x54 ./freertos/freertos_kernel/list.o
                0x0000000000005b38                uxListRemove
 .text.xQueueGenericCreate
                0x0000000000005b8c       0xbe ./freertos/freertos_kernel/queue.o
                0x0000000000005b8c                xQueueGenericCreate
 .text.prvInitialiseNewQueue
                0x0000000000005c4a       0x46 ./freertos/freertos_kernel/queue.o
 .text.xQueueGenericSendFromISR
                0x0000000000005c90      0x154 ./freertos/freertos_kernel/queue.o
                0x0000000000005c90                xQueueGenericSendFromISR
 .text.prvCopyDataToQueue
                0x0000000000005de4       0xd4 ./freertos/freertos_kernel/queue.o
 .text.prvCopyDataFromQueue
                0x0000000000005eb8       0x4c ./freertos/freertos_kernel/queue.o
 .text.prvUnlockQueue
                0x0000000000005f04       0xa4 ./freertos/freertos_kernel/queue.o
 .text.prvIsQueueEmpty
                0x0000000000005fa8       0x2c ./freertos/freertos_kernel/queue.o
 .text.prvIsQueueFull
                0x0000000000005fd4       0x30 ./freertos/freertos_kernel/queue.o
 .text.vQueueWaitForMessageRestricted
                0x0000000000006004       0x68 ./freertos/freertos_kernel/queue.o
                0x0000000000006004                vQueueWaitForMessageRestricted
 .text.xTaskCreate
                0x000000000000606c       0x82 ./freertos/freertos_kernel/tasks.o
                0x000000000000606c                xTaskCreate
 .text.prvInitialiseNewTask
                0x00000000000060ee      0x140 ./freertos/freertos_kernel/tasks.o
 .text.prvDeleteTCB
                0x000000000000622e       0x20 ./freertos/freertos_kernel/tasks.o
 .text.prvTimerTask
                0x000000000000624e       0x24 ./freertos/freertos_kernel/timers.o
 .text.OSC_SetExtRefClkConfig
                0x0000000000006272       0x40 ./drivers/fsl_clock.o
 .text.OSC_SetCapLoad
                0x00000000000062b2       0x34 ./drivers/fsl_clock.o
 .text.CLOCK_GetPll0RefFreq
                0x00000000000062e6        0xe ./drivers/fsl_clock.o
 .text.UART0_RX_TX_DriverIRQHandler
                0x00000000000062f4       0x12 ./drivers/fsl_uart.o
                0x00000000000062f4                UART0_RX_TX_DriverIRQHandler
 .text.UART1_RX_TX_DriverIRQHandler
                0x0000000000006306       0x12 ./drivers/fsl_uart.o
                0x0000000000006306                UART1_RX_TX_DriverIRQHandler
 .text.UART2_RX_TX_DriverIRQHandler
                0x0000000000006318       0x12 ./drivers/fsl_uart.o
                0x0000000000006318                UART2_RX_TX_DriverIRQHandler
 .text.UART3_RX_TX_DriverIRQHandler
                0x000000000000632a       0x12 ./drivers/fsl_uart.o
                0x000000000000632a                UART3_RX_TX_DriverIRQHandler
 .text.UART4_RX_TX_DriverIRQHandler
                0x000000000000633c       0x12 ./drivers/fsl_uart.o
                0x000000000000633c                UART4_RX_TX_DriverIRQHandler
 .text.SystemInitHook
                0x000000000000634e        0xe ./device/system_MK66F18.o
                0x000000000000634e                SystemInitHook
 .text.DbgConsole_Init
                0x000000000000635c       0x20 ./board/board.o
 .text.BOARD_InitDebugConsole
                0x000000000000637c       0x22 ./board/board.o
                0x000000000000637c                BOARD_InitDebugConsole
 .text.BOARD_InitBootClocks
                0x000000000000639e        0xc ./board/clock_config.o
                0x000000000000639e                BOARD_InitBootClocks
 .text.CLOCK_EnableClock
                0x00000000000063aa       0x34 ./board/pin_mux.o
 .text.PORT_SetPinMux
                0x00000000000063de       0x3a ./board/pin_mux.o
 .text.BOARD_InitBootPins
                0x0000000000006418        0xc ./board/pin_mux.o
                0x0000000000006418                BOARD_InitBootPins
 .text.__main   0x0000000000006424        0xe /usr/local/mcuxpressoide-11.4.1_6260/ide/plugins/com.nxp.mcuxpresso.tools.linux_11.4.0.202103011116/tools/bin/../lib/gcc/arm-none-eabi/10.2.1/../../../../arm-none-eabi/lib/thumb/v7e-m+fp/hard/libcr_semihost_nf.a(_cr__main.o)
                0x0000000000006424                __main
                0x0000000000006424                __CR_SEMIHOST
 .text.memcpy   0x0000000000006432        0x4 /usr/local/mcuxpressoide-11.4.1_6260/ide/plugins/com.nxp.mcuxpresso.tools.linux_11.4.0.202103011116/tools/bin/../lib/gcc/arm-none-eabi/10.2.1/../../../../arm-none-eabi/lib/thumb/v7e-m+fp/hard/libcr_c.a(memcpy.o)
                0x0000000000006432                memcpy
 .text.memset   0x0000000000006436        0x4 /usr/local/mcuxpressoide-11.4.1_6260/ide/plugins/com.nxp.mcuxpresso.tools.linux_11.4.0.202103011116/tools/bin/../lib/gcc/arm-none-eabi/10.2.1/../../../../arm-none-eabi/lib/thumb/v7e-m+fp/hard/libcr_c.a(memset.o)
                0x0000000000006436                memset
 .text.free     0x000000000000643a       0x30 /usr/local/mcuxpressoide-11.4.1_6260/ide/plugins/com.nxp.mcuxpresso.tools.linux_11.4.0.202103011116/tools/bin/../lib/gcc/arm-none-eabi/10.2.1/../../../../arm-none-eabi/lib/thumb/v7e-m+fp/hard/libcr_c.a(alloc.o)
                0x000000000000643a                free
 .text.no_fp_display
                0x000000000000646a        0x4 /usr/local/mcuxpressoide-11.4.1_6260/ide/plugins/com.nxp.mcuxpresso.tools.linux_11.4.0.202103011116/tools/bin/../lib/gcc/arm-none-eabi/10.2.1/../../../../arm-none-eabi/lib/thumb/v7e-m+fp/hard/libcr_c.a(printf.o)
 .text.setvbuf  0x000000000000646e       0x3e /usr/local/mcuxpressoide-11.4.1_6260/ide/plugins/com.nxp.mcuxpresso.tools.linux_11.4.0.202103011116/tools/bin/../lib/gcc/arm-none-eabi/10.2.1/../../../../arm-none-eabi/lib/thumb/v7e-m+fp/hard/libcr_c.a(setvbuf.o)
                0x000000000000646e                setvbuf
 .text.strlen   0x00000000000064ac       0x48 /usr/local/mcuxpressoide-11.4.1_6260/ide/plugins/com.nxp.mcuxpresso.tools.linux_11.4.0.202103011116/tools/bin/../lib/gcc/arm-none-eabi/10.2.1/../../../../arm-none-eabi/lib/thumb/v7e-m+fp/hard/libcr_c.a(strlen.o)
                0x00000000000064ac                strlen
 .text.ungetc   0x00000000000064f4       0x32 /usr/local/mcuxpressoide-11.4.1_6260/ide/plugins/com.nxp.mcuxpresso.tools.linux_11.4.0.202103011116/tools/bin/../lib/gcc/arm-none-eabi/10.2.1/../../../../arm-none-eabi/lib/thumb/v7e-m+fp/hard/libcr_c.a(ungetc.o)
                0x00000000000064f4                ungetc
 .text._Csys_read_
                0x0000000000006526       0x22 /usr/local/mcuxpressoide-11.4.1_6260/ide/plugins/com.nxp.mcuxpresso.tools.linux_11.4.0.202103011116/tools/bin/../lib/gcc/arm-none-eabi/10.2.1/../../../../arm-none-eabi/lib/thumb/v7e-m+fp/hard/libcr_c.a(__fillbuf.o)
                0x0000000000006526                _Csys_read_
 .text._deferredlazyseek
                0x0000000000006548       0x40 /usr/local/mcuxpressoide-11.4.1_6260/ide/plugins/com.nxp.mcuxpresso.tools.linux_11.4.0.202103011116/tools/bin/../lib/gcc/arm-none-eabi/10.2.1/../../../../arm-none-eabi/lib/thumb/v7e-m+fp/hard/libcr_c.a(_deferredlazyseek.o)
                0x0000000000006548                _deferredlazyseek
 .text.__flsbuf
                0x0000000000006588      0x140 /usr/local/mcuxpressoide-11.4.1_6260/ide/plugins/com.nxp.mcuxpresso.tools.linux_11.4.0.202103011116/tools/bin/../lib/gcc/arm-none-eabi/10.2.1/../../../../arm-none-eabi/lib/thumb/v7e-m+fp/hard/libcr_c.a(_deferredlazyseek.o)
                0x0000000000006588                __flsbuf
 .text._fdopen  0x00000000000066c8       0x68 /usr/local/mcuxpressoide-11.4.1_6260/ide/plugins/com.nxp.mcuxpresso.tools.linux_11.4.0.202103011116/tools/bin/../lib/gcc/arm-none-eabi/10.2.1/../../../../arm-none-eabi/lib/thumb/v7e-m+fp/hard/libcr_c.a(_fdopen.o)
                0x00000000000066c8                _fdopen
 .text._fflush  0x0000000000006730       0x52 /usr/local/mcuxpressoide-11.4.1_6260/ide/plugins/com.nxp.mcuxpresso.tools.linux_11.4.0.202103011116/tools/bin/../lib/gcc/arm-none-eabi/10.2.1/../../../../arm-none-eabi/lib/thumb/v7e-m+fp/hard/libcr_c.a(_fflush.o)
                0x0000000000006730                _fflush
 .text.fclose   0x0000000000006782       0x58 /usr/local/mcuxpressoide-11.4.1_6260/ide/plugins/com.nxp.mcuxpresso.tools.linux_11.4.0.202103011116/tools/bin/../lib/gcc/arm-none-eabi/10.2.1/../../../../arm-none-eabi/lib/thumb/v7e-m+fp/hard/libcr_c.a(fclose.o)
                0x0000000000006782                fclose
 .text.remove   0x00000000000067da       0x14 /usr/local/mcuxpressoide-11.4.1_6260/ide/plugins/com.nxp.mcuxpresso.tools.linux_11.4.0.202103011116/tools/bin/../lib/gcc/arm-none-eabi/10.2.1/../../../../arm-none-eabi/lib/thumb/v7e-m+fp/hard/libcr_c.a(remove.o)
                0x00000000000067da                remove
 .text._do_fflush
                0x00000000000067ee       0x40 /usr/local/mcuxpressoide-11.4.1_6260/ide/plugins/com.nxp.mcuxpresso.tools.linux_11.4.0.202103011116/tools/bin/../lib/gcc/arm-none-eabi/10.2.1/../../../../arm-none-eabi/lib/thumb/v7e-m+fp/hard/libcr_c.a(_do_fflush.o)
                0x00000000000067ee                _do_fflush
 .text.__bhs_ui2d
                0x000000000000682e       0x46 /usr/local/mcuxpressoide-11.4.1_6260/ide/plugins/com.nxp.mcuxpresso.tools.linux_11.4.0.202103011116/tools/bin/../lib/gcc/arm-none-eabi/10.2.1/thumb/v7e-m+fp/hard/libcr_eabihelpers.a(double.o)
                0x000000000000682e                __bhs_ui2d
 .text.__aeabi_i2d
                0x0000000000006874       0x12 /usr/local/mcuxpressoide-11.4.1_6260/ide/plugins/com.nxp.mcuxpresso.tools.linux_11.4.0.202103011116/tools/bin/../lib/gcc/arm-none-eabi/10.2.1/thumb/v7e-m+fp/hard/libcr_eabihelpers.a(double.o)
                0x0000000000006874                __aeabi_i2d
 .text.__aeabi_dcmpeq
                0x0000000000006886       0x30 /usr/local/mcuxpressoide-11.4.1_6260/ide/plugins/com.nxp.mcuxpresso.tools.linux_11.4.0.202103011116/tools/bin/../lib/gcc/arm-none-eabi/10.2.1/thumb/v7e-m+fp/hard/libcr_eabihelpers.a(double.o)
                0x0000000000006886                __aeabi_dcmpeq
 .text.__aeabi_dcmpge
                0x00000000000068b6       0x56 /usr/local/mcuxpressoide-11.4.1_6260/ide/plugins/com.nxp.mcuxpresso.tools.linux_11.4.0.202103011116/tools/bin/../lib/gcc/arm-none-eabi/10.2.1/thumb/v7e-m+fp/hard/libcr_eabihelpers.a(double.o)
                0x00000000000068b6                __aeabi_dcmpge
 .text.__aeabi_memcpy
                0x000000000000690c       0x34 /usr/local/mcuxpressoide-11.4.1_6260/ide/plugins/com.nxp.mcuxpresso.tools.linux_11.4.0.202103011116/tools/bin/../lib/gcc/arm-none-eabi/10.2.1/thumb/v7e-m+fp/hard/libcr_eabihelpers.a(memcpy.o)
                0x000000000000690c                __aeabi_memcpy
                0x0000000000006916                __aeabi_memcpy4
                0x0000000000006916                __aeabi_memcpy8
 .text.__aeabi_memset_lowlevel
                0x0000000000006940       0x32 /usr/local/mcuxpressoide-11.4.1_6260/ide/plugins/com.nxp.mcuxpresso.tools.linux_11.4.0.202103011116/tools/bin/../lib/gcc/arm-none-eabi/10.2.1/thumb/v7e-m+fp/hard/libcr_eabihelpers.a(memcpy.o)
                0x0000000000006940                __aeabi_lowlevel_memset
 .text.__sys_close
                0x0000000000006972        0xc /usr/local/mcuxpressoide-11.4.1_6260/ide/plugins/com.nxp.mcuxpresso.tools.linux_11.4.0.202103011116/tools/bin/../lib/gcc/arm-none-eabi/10.2.1/../../../../arm-none-eabi/lib/thumb/v7e-m+fp/hard/libcr_semihost_nf.a(__sys_close.o)
                0x0000000000006972                __sys_close
 .text.__sys_flen
                0x000000000000697e        0xc /usr/local/mcuxpressoide-11.4.1_6260/ide/plugins/com.nxp.mcuxpresso.tools.linux_11.4.0.202103011116/tools/bin/../lib/gcc/arm-none-eabi/10.2.1/../../../../arm-none-eabi/lib/thumb/v7e-m+fp/hard/libcr_semihost_nf.a(__sys_flen.o)
                0x000000000000697e                __sys_flen
 .text.__sys_istty
                0x000000000000698a        0xc /usr/local/mcuxpressoide-11.4.1_6260/ide/plugins/com.nxp.mcuxpresso.tools.linux_11.4.0.202103011116/tools/bin/../lib/gcc/arm-none-eabi/10.2.1/../../../../arm-none-eabi/lib/thumb/v7e-m+fp/hard/libcr_semihost_nf.a(__sys_istty.o)
                0x000000000000698a                __sys_istty
 .text.__sys_read
                0x0000000000006996        0xc /usr/local/mcuxpressoide-11.4.1_6260/ide/plugins/com.nxp.mcuxpresso.tools.linux_11.4.0.202103011116/tools/bin/../lib/gcc/arm-none-eabi/10.2.1/../../../../arm-none-eabi/lib/thumb/v7e-m+fp/hard/libcr_semihost_nf.a(__sys_read.o)
                0x0000000000006996                __sys_read
 .text.__sys_readc
                0x00000000000069a2        0x8 /usr/local/mcuxpressoide-11.4.1_6260/ide/plugins/com.nxp.mcuxpresso.tools.linux_11.4.0.202103011116/tools/bin/../lib/gcc/arm-none-eabi/10.2.1/../../../../arm-none-eabi/lib/thumb/v7e-m+fp/hard/libcr_semihost_nf.a(__sys_readc.o)
                0x00000000000069a2                __readc
                0x00000000000069a2                __sys_readc
 .text.__sys_remove
                0x00000000000069aa        0xc /usr/local/mcuxpressoide-11.4.1_6260/ide/plugins/com.nxp.mcuxpresso.tools.linux_11.4.0.202103011116/tools/bin/../lib/gcc/arm-none-eabi/10.2.1/../../../../arm-none-eabi/lib/thumb/v7e-m+fp/hard/libcr_semihost_nf.a(__sys_remove.o)
                0x00000000000069aa                __sys_remove
 .text.__sys_seek
                0x00000000000069b6        0xc /usr/local/mcuxpressoide-11.4.1_6260/ide/plugins/com.nxp.mcuxpresso.tools.linux_11.4.0.202103011116/tools/bin/../lib/gcc/arm-none-eabi/10.2.1/../../../../arm-none-eabi/lib/thumb/v7e-m+fp/hard/libcr_semihost_nf.a(__sys_seek.o)
                0x00000000000069b6                __sys_seek
 .text.__sys_tmpnam
                0x00000000000069c2        0xc /usr/local/mcuxpressoide-11.4.1_6260/ide/plugins/com.nxp.mcuxpresso.tools.linux_11.4.0.202103011116/tools/bin/../lib/gcc/arm-none-eabi/10.2.1/../../../../arm-none-eabi/lib/thumb/v7e-m+fp/hard/libcr_semihost_nf.a(__sys_tmpnam.o)
                0x00000000000069c2                __sys_tmpnam
 .text.__sys_write
                0x00000000000069ce        0xc /usr/local/mcuxpressoide-11.4.1_6260/ide/plugins/com.nxp.mcuxpresso.tools.linux_11.4.0.202103011116/tools/bin/../lib/gcc/arm-none-eabi/10.2.1/../../../../arm-none-eabi/lib/thumb/v7e-m+fp/hard/libcr_semihost_nf.a(__sys_write.o)
                0x00000000000069ce                __sys_write
 *freertos*/tasks.o(SORT_BY_ALIGNMENT(.rodata*))
 *fill*         0x00000000000069da        0x2 ff
 .rodata.vTaskStartScheduler.str1.4
                0x00000000000069dc        0x5 ./freertos/freertos_kernel/tasks.o
 *fill*         0x00000000000069e1        0x3 ff
 .rodata        0x00000000000069e4       0x1c ./freertos/freertos_kernel/tasks.o
                0x00000000000069e4                portArch_Name
                0x00000000000069e8                FreeRTOSDebugConfig
 *(SORT_BY_ALIGNMENT(.rodata) SORT_BY_ALIGNMENT(.rodata.*) SORT_BY_ALIGNMENT(.constdata) SORT_BY_ALIGNMENT(.constdata.*))
 .rodata.__assertion_failed.str1.4
                0x0000000000006a00       0x14 ./utilities/fsl_assert.o
 .rodata.producer_task.str1.4
                0x0000000000006a14        0x5 ./source/freertos_hello.o
 *fill*         0x0000000000006a19        0x3 ff
 .rodata.consumer_task1.str1.4
                0x0000000000006a1c       0x17 ./source/freertos_hello.o
 *fill*         0x0000000000006a33        0x1 ff
 .rodata.consumer_task2.str1.4
                0x0000000000006a34       0x17 ./source/freertos_hello.o
 *fill*         0x0000000000006a4b        0x1 ff
 .rodata.main.str1.4
                0x0000000000006a4c       0x31 ./source/freertos_hello.o
 *fill*         0x0000000000006a7d        0x3 ff
 .rodata.xTimerCreateTimerTask.str1.4
                0x0000000000006a80        0x8 ./freertos/freertos_kernel/timers.o
 .rodata.prvCheckForValidListAndQueue.str1.4
                0x0000000000006a88        0x5 ./freertos/freertos_kernel/timers.o
 *fill*         0x0000000000006a8d        0x3 ff
 .rodata.CLOCK_GetMcgExtClkFreq.str1.4
                0x0000000000006a90       0x4e ./drivers/fsl_clock.o
 *fill*         0x0000000000006ade        0x2 ff
 .rodata.CLOCK_GetPll0Freq.str1.4
                0x0000000000006ae0       0x1e ./drivers/fsl_clock.o
 *fill*         0x0000000000006afe        0x2 ff
 .rodata.CLOCK_EnablePll0.str1.4
                0x0000000000006b00       0x1b ./drivers/fsl_clock.o
 *fill*         0x0000000000006b1b        0x1 ff
 .rodata.CLOCK_SetPbeMode.str1.4
                0x0000000000006b1c       0x1b ./drivers/fsl_clock.o
 *fill*         0x0000000000006b37        0x1 ff
 .rodata.CLOCK_BootToPeeMode.str1.4
                0x0000000000006b38       0x1b ./drivers/fsl_clock.o
 *fill*         0x0000000000006b53        0x1 ff
 .rodata.fllFactorTable.1
                0x0000000000006b54       0x10 ./drivers/fsl_clock.o
 .rodata.mcgConfig_BOARD_BootClockRUN
                0x0000000000006b64        0xc ./board/clock_config.o
                0x0000000000006b64                mcgConfig_BOARD_BootClockRUN
 .rodata.simConfig_BOARD_BootClockRUN
                0x0000000000006b70        0x8 ./board/clock_config.o
                0x0000000000006b70                simConfig_BOARD_BootClockRUN
 .rodata.oscConfig_BOARD_BootClockRUN
                0x0000000000006b78        0x8 ./board/clock_config.o
                0x0000000000006b78                oscConfig_BOARD_BootClockRUN
 .rodata.__num_Ciob_streams
                0x0000000000006b80        0x4 /usr/local/mcuxpressoide-11.4.1_6260/ide/plugins/com.nxp.mcuxpresso.tools.linux_11.4.0.202103011116/tools/bin/../lib/gcc/arm-none-eabi/10.2.1/../../../../arm-none-eabi/lib/thumb/v7e-m+fp/hard/libcr_semihost_nf.a(__ciob.o)
                0x0000000000006b80                __num_Ciob_streams
 .rodata._Csys_alloc.str1.1
                0x0000000000006b84       0x18 /usr/local/mcuxpressoide-11.4.1_6260/ide/plugins/com.nxp.mcuxpresso.tools.linux_11.4.0.202103011116/tools/bin/../lib/gcc/arm-none-eabi/10.2.1/../../../../arm-none-eabi/lib/thumb/v7e-m+fp/hard/libcr_c.a(alloc.o)
 .rodata._initio.str1.1
                0x0000000000006b9c        0x4 /usr/local/mcuxpressoide-11.4.1_6260/ide/plugins/com.nxp.mcuxpresso.tools.linux_11.4.0.202103011116/tools/bin/../lib/gcc/arm-none-eabi/10.2.1/../../../../arm-none-eabi/lib/thumb/v7e-m+fp/hard/libcr_c.a(initio.o)
 .rodata.__vfprintf.str1.1
                0x0000000000006ba0       0x37 /usr/local/mcuxpressoide-11.4.1_6260/ide/plugins/com.nxp.mcuxpresso.tools.linux_11.4.0.202103011116/tools/bin/../lib/gcc/arm-none-eabi/10.2.1/../../../../arm-none-eabi/lib/thumb/v7e-m+fp/hard/libcr_c.a(printf.o)
                                         0x38 (size before relaxing)
 .rodata.__ctype
                0x0000000000006bd7      0x180 /usr/local/mcuxpressoide-11.4.1_6260/ide/plugins/com.nxp.mcuxpresso.tools.linux_11.4.0.202103011116/tools/bin/../lib/gcc/arm-none-eabi/10.2.1/../../../../arm-none-eabi/lib/thumb/v7e-m+fp/hard/libcr_c.a(ctype.o)
                0x0000000000006bd7                __ctype
                0x0000000000006d58                . = ALIGN (0x8)
 *fill*         0x0000000000006d57        0x1 ff

.glue_7         0x0000000000006d58        0x0
 .glue_7        0x0000000000006d58        0x0 linker stubs

.glue_7t        0x0000000000006d58        0x0
 .glue_7t       0x0000000000006d58        0x0 linker stubs

.vfp11_veneer   0x0000000000006d58        0x0
 .vfp11_veneer  0x0000000000006d58        0x0 linker stubs

.v4_bx          0x0000000000006d58        0x0
 .v4_bx         0x0000000000006d58        0x0 linker stubs

.iplt           0x0000000000006d58        0x0
 .iplt          0x0000000000006d58        0x0 ./utilities/fsl_assert.o

.rel.dyn        0x0000000000006d58        0x0
 .rel.iplt      0x0000000000006d58        0x0 ./utilities/fsl_assert.o

.ARM.extab
 *(SORT_BY_ALIGNMENT(.ARM.extab*) SORT_BY_ALIGNMENT(.gnu.linkonce.armextab.*))

.ARM.exidx      0x0000000000006d58        0x0
                0x0000000000006d58                __exidx_start = .
 *(SORT_BY_ALIGNMENT(.ARM.exidx*) SORT_BY_ALIGNMENT(.gnu.linkonce.armexidx.*))
                0x0000000000006d58                __exidx_end = .
                0x0000000000006d58                _etext = .

.m_usb_data
 *(SORT_BY_ALIGNMENT(m_usb_bdt))

.data_RAM2      0x000000001fff0000        0x0 load address 0x0000000000006d58
 FILL mask 0xff
                [!provide]                        PROVIDE (__start_data_RAM2 = .)
                [!provide]                        PROVIDE (__start_data_SRAM_LOWER = .)
 *(SORT_BY_ALIGNMENT(.ramfunc.$RAM2))
 *(SORT_BY_ALIGNMENT(.ramfunc.$SRAM_LOWER))
 *(SORT_BY_ALIGNMENT(NonCacheable.init))
 *(SORT_BY_ALIGNMENT(.data.$RAM2))
 *(SORT_BY_ALIGNMENT(.data.$SRAM_LOWER))
 *(SORT_BY_ALIGNMENT(.data.$RAM2.*))
 *(SORT_BY_ALIGNMENT(.data.$SRAM_LOWER.*))
                0x000000001fff0000                . = ALIGN (0x8)
                [!provide]                        PROVIDE (__end_data_RAM2 = .)
                [!provide]                        PROVIDE (__end_data_SRAM_LOWER = .)

.data_RAM3      0x0000000014000000        0x0 load address 0x0000000000006d58
 FILL mask 0xff
                [!provide]                        PROVIDE (__start_data_RAM3 = .)
                [!provide]                        PROVIDE (__start_data_FLEX_RAM = .)
 *(SORT_BY_ALIGNMENT(.ramfunc.$RAM3))
 *(SORT_BY_ALIGNMENT(.ramfunc.$FLEX_RAM))
 *(SORT_BY_ALIGNMENT(.data.$RAM3))
 *(SORT_BY_ALIGNMENT(.data.$FLEX_RAM))
 *(SORT_BY_ALIGNMENT(.data.$RAM3.*))
 *(SORT_BY_ALIGNMENT(.data.$FLEX_RAM.*))
                0x0000000014000000                . = ALIGN (0x8)
                [!provide]                        PROVIDE (__end_data_RAM3 = .)
                [!provide]                        PROVIDE (__end_data_FLEX_RAM = .)

.uninit_RESERVED
                0x0000000020000000        0x0
                0x0000000020000000                _start_uninit_RESERVED = .
 *(SORT_BY_ALIGNMENT(.bss.$RESERVED*))
                0x0000000020000000                . = ALIGN (0x8)
                0x0000000020000000                _end_uninit_RESERVED = .

.data           0x0000000020000000       0x20 load address 0x0000000000006d58
 FILL mask 0xff
                0x0000000020000000                _data = .
                [!provide]                        PROVIDE (__start_data_RAM = .)
                [!provide]                        PROVIDE (__start_data_SRAM_UPPER = .)
 *(SORT_BY_ALIGNMENT(vtable))
 *(SORT_BY_ALIGNMENT(.ramfunc*))
 *(SORT_BY_ALIGNMENT(CodeQuickAccess))
 *(SORT_BY_ALIGNMENT(DataQuickAccess))
 *(SORT_BY_ALIGNMENT(RamFunction))
 *(SORT_BY_ALIGNMENT(.data*))
 .data.uxCriticalNesting
                0x0000000020000000        0x4 ./freertos/freertos_kernel/portable/GCC/ARM_CM4F/port.o
 .data.uxTopUsedPriority
                0x0000000020000004        0x4 ./freertos/freertos_kernel/tasks.o
                0x0000000020000004                uxTopUsedPriority
 .data.s_slowIrcFreq
                0x0000000020000008        0x4 ./drivers/fsl_clock.o
 .data.s_fastIrcFreq
                0x000000002000000c        0x4 ./drivers/fsl_clock.o
 .data.SystemCoreClock
                0x0000000020000010        0x4 ./device/system_MK66F18.o
                0x0000000020000010                SystemCoreClock
 .data.neginf.0
                0x0000000020000014        0x4 /usr/local/mcuxpressoide-11.4.1_6260/ide/plugins/com.nxp.mcuxpresso.tools.linux_11.4.0.202103011116/tools/bin/../lib/gcc/arm-none-eabi/10.2.1/../../../../arm-none-eabi/lib/thumb/v7e-m+fp/hard/libcr_c.a(scanf.o)
 .data.posinf.1
                0x0000000020000018        0x4 /usr/local/mcuxpressoide-11.4.1_6260/ide/plugins/com.nxp.mcuxpresso.tools.linux_11.4.0.202103011116/tools/bin/../lib/gcc/arm-none-eabi/10.2.1/../../../../arm-none-eabi/lib/thumb/v7e-m+fp/hard/libcr_c.a(scanf.o)
                0x0000000020000020                . = ALIGN (0x8)
 *fill*         0x000000002000001c        0x4 ff
                0x0000000020000020                _edata = .
                [!provide]                        PROVIDE (__end_data_RAM = .)
                [!provide]                        PROVIDE (__end_data_SRAM_UPPER = .)

.igot.plt       0x0000000020000020        0x0 load address 0x0000000000006d78
 .igot.plt      0x0000000020000020        0x0 ./utilities/fsl_assert.o

.bss_RAM2       0x000000001fff0000        0x0
                [!provide]                        PROVIDE (__start_bss_RAM2 = .)
                [!provide]                        PROVIDE (__start_bss_SRAM_LOWER = .)
 *(SORT_BY_ALIGNMENT(NonCacheable))
 *(SORT_BY_ALIGNMENT(.bss.$RAM2))
 *(SORT_BY_ALIGNMENT(.bss.$SRAM_LOWER))
 *(SORT_BY_ALIGNMENT(.bss.$RAM2.*))
 *(SORT_BY_ALIGNMENT(.bss.$SRAM_LOWER.*))
                0x000000001fff0000                . = ALIGN ((. != 0x0)?0x8:0x1)
                [!provide]                        PROVIDE (__end_bss_RAM2 = .)
                [!provide]                        PROVIDE (__end_bss_SRAM_LOWER = .)

.bss_RAM3       0x0000000014000000        0x0
                [!provide]                        PROVIDE (__start_bss_RAM3 = .)
                [!provide]                        PROVIDE (__start_bss_FLEX_RAM = .)
 *(SORT_BY_ALIGNMENT(.bss.$RAM3))
 *(SORT_BY_ALIGNMENT(.bss.$FLEX_RAM))
 *(SORT_BY_ALIGNMENT(.bss.$RAM3.*))
 *(SORT_BY_ALIGNMENT(.bss.$FLEX_RAM.*))
                0x0000000014000000                . = ALIGN ((. != 0x0)?0x8:0x1)
                [!provide]                        PROVIDE (__end_bss_RAM3 = .)
                [!provide]                        PROVIDE (__end_bss_FLEX_RAM = .)

.bss            0x0000000020000020     0x2ab8
                0x0000000020000020                _bss = .
                [!provide]                        PROVIDE (__start_bss_RAM = .)
                [!provide]                        PROVIDE (__start_bss_SRAM_UPPER = .)
 *(SORT_BY_ALIGNMENT(.bss*))
 .bss.input     0x0000000020000020       0x20 ./source/freertos_hello.o
                0x0000000020000020                input
 .bss.ucHeap    0x0000000020000040     0x2800 ./freertos/freertos_kernel/portable/MemMang/heap_4.o
 .bss.xStart    0x0000000020002840        0x8 ./freertos/freertos_kernel/portable/MemMang/heap_4.o
 .bss.pxEnd     0x0000000020002848        0x4 ./freertos/freertos_kernel/portable/MemMang/heap_4.o
 .bss.xFreeBytesRemaining
                0x000000002000284c        0x4 ./freertos/freertos_kernel/portable/MemMang/heap_4.o
 .bss.xMinimumEverFreeBytesRemaining
                0x0000000020002850        0x4 ./freertos/freertos_kernel/portable/MemMang/heap_4.o
 .bss.xNumberOfSuccessfulAllocations
                0x0000000020002854        0x4 ./freertos/freertos_kernel/portable/MemMang/heap_4.o
 .bss.xNumberOfSuccessfulFrees
                0x0000000020002858        0x4 ./freertos/freertos_kernel/portable/MemMang/heap_4.o
 .bss.xBlockAllocatedBit
                0x000000002000285c        0x4 ./freertos/freertos_kernel/portable/MemMang/heap_4.o
 .bss.ulMaxPRIGROUPValue
                0x0000000020002860        0x4 ./freertos/freertos_kernel/portable/GCC/ARM_CM4F/port.o
 .bss.xQueueRegistry
                0x0000000020002864       0x40 ./freertos/freertos_kernel/queue.o
                0x0000000020002864                xQueueRegistry
 .bss.pxCurrentTCB
                0x00000000200028a4        0x4 ./freertos/freertos_kernel/tasks.o
                0x00000000200028a4                pxCurrentTCB
 .bss.pxReadyTasksLists
                0x00000000200028a8       0x64 ./freertos/freertos_kernel/tasks.o
 .bss.xDelayedTaskList1
                0x000000002000290c       0x14 ./freertos/freertos_kernel/tasks.o
 .bss.xDelayedTaskList2
                0x0000000020002920       0x14 ./freertos/freertos_kernel/tasks.o
 .bss.pxDelayedTaskList
                0x0000000020002934        0x4 ./freertos/freertos_kernel/tasks.o
 .bss.pxOverflowDelayedTaskList
                0x0000000020002938        0x4 ./freertos/freertos_kernel/tasks.o
 .bss.xPendingReadyList
                0x000000002000293c       0x14 ./freertos/freertos_kernel/tasks.o
 .bss.xTasksWaitingTermination
                0x0000000020002950       0x14 ./freertos/freertos_kernel/tasks.o
 .bss.uxDeletedTasksWaitingCleanUp
                0x0000000020002964        0x4 ./freertos/freertos_kernel/tasks.o
 .bss.xSuspendedTaskList
                0x0000000020002968       0x14 ./freertos/freertos_kernel/tasks.o
 .bss.uxCurrentNumberOfTasks
                0x000000002000297c        0x4 ./freertos/freertos_kernel/tasks.o
 .bss.xTickCount
                0x0000000020002980        0x4 ./freertos/freertos_kernel/tasks.o
 .bss.uxTopReadyPriority
                0x0000000020002984        0x4 ./freertos/freertos_kernel/tasks.o
 .bss.xSchedulerRunning
                0x0000000020002988        0x4 ./freertos/freertos_kernel/tasks.o
 .bss.xPendedTicks
                0x000000002000298c        0x4 ./freertos/freertos_kernel/tasks.o
 .bss.xYieldPending
                0x0000000020002990        0x4 ./freertos/freertos_kernel/tasks.o
 .bss.xNumOfOverflows
                0x0000000020002994        0x4 ./freertos/freertos_kernel/tasks.o
 .bss.uxTaskNumber
                0x0000000020002998        0x4 ./freertos/freertos_kernel/tasks.o
 .bss.xNextTaskUnblockTime
                0x000000002000299c        0x4 ./freertos/freertos_kernel/tasks.o
 .bss.xIdleTaskHandle
                0x00000000200029a0        0x4 ./freertos/freertos_kernel/tasks.o
 .bss.uxSchedulerSuspended
                0x00000000200029a4        0x4 ./freertos/freertos_kernel/tasks.o
 .bss.xActiveTimerList1
                0x00000000200029a8       0x14 ./freertos/freertos_kernel/timers.o
 .bss.xActiveTimerList2
                0x00000000200029bc       0x14 ./freertos/freertos_kernel/timers.o
 .bss.pxCurrentTimerList
                0x00000000200029d0        0x4 ./freertos/freertos_kernel/timers.o
 .bss.pxOverflowTimerList
                0x00000000200029d4        0x4 ./freertos/freertos_kernel/timers.o
 .bss.xTimerQueue
                0x00000000200029d8        0x4 ./freertos/freertos_kernel/timers.o
 .bss.xTimerTaskHandle
                0x00000000200029dc        0x4 ./freertos/freertos_kernel/timers.o
 .bss.xLastTime.0
                0x00000000200029e0        0x4 ./freertos/freertos_kernel/timers.o
 .bss.s_extPllFreq
                0x00000000200029e4        0x4 ./drivers/fsl_clock.o
 .bss.g_xtal0Freq
                0x00000000200029e8        0x4 ./drivers/fsl_clock.o
                0x00000000200029e8                g_xtal0Freq
 .bss.g_xtal32Freq
                0x00000000200029ec        0x4 ./drivers/fsl_clock.o
                0x00000000200029ec                g_xtal32Freq
 .bss.s_lpuartHandle
                0x00000000200029f0        0x4 ./drivers/fsl_lpuart.o
                0x00000000200029f0                s_lpuartHandle
 .bss.s_lpuartIsr
                0x00000000200029f4        0x4 ./drivers/fsl_lpuart.o
                0x00000000200029f4                s_lpuartIsr
 .bss.s_uartHandle
                0x00000000200029f8       0x14 ./drivers/fsl_uart.o
                0x00000000200029f8                s_uartHandle
 .bss.s_uartIsr
                0x0000000020002a0c        0x4 ./drivers/fsl_uart.o
                0x0000000020002a0c                s_uartIsr
 .bss.errno     0x0000000020002a10        0x4 /usr/local/mcuxpressoide-11.4.1_6260/ide/plugins/com.nxp.mcuxpresso.tools.linux_11.4.0.202103011116/tools/bin/../lib/gcc/arm-none-eabi/10.2.1/../../../../arm-none-eabi/lib/thumb/v7e-m+fp/hard/libcr_c.a(errno.o)
                0x0000000020002a10                errno
 .bss.__end_of_heap
                0x0000000020002a14        0x4 /usr/local/mcuxpressoide-11.4.1_6260/ide/plugins/com.nxp.mcuxpresso.tools.linux_11.4.0.202103011116/tools/bin/../lib/gcc/arm-none-eabi/10.2.1/../../../../arm-none-eabi/lib/thumb/v7e-m+fp/hard/libcr_c.a(__init_alloc.o)
                0x0000000020002a14                __end_of_heap
 .bss.__heaps   0x0000000020002a18        0x4 /usr/local/mcuxpressoide-11.4.1_6260/ide/plugins/com.nxp.mcuxpresso.tools.linux_11.4.0.202103011116/tools/bin/../lib/gcc/arm-none-eabi/10.2.1/../../../../arm-none-eabi/lib/thumb/v7e-m+fp/hard/libcr_c.a(__init_alloc.o)
                0x0000000020002a18                __heaps
 .bss.__Ciob    0x0000000020002a1c       0xb4 /usr/local/mcuxpressoide-11.4.1_6260/ide/plugins/com.nxp.mcuxpresso.tools.linux_11.4.0.202103011116/tools/bin/../lib/gcc/arm-none-eabi/10.2.1/../../../../arm-none-eabi/lib/thumb/v7e-m+fp/hard/libcr_semihost_nf.a(__ciob.o)
                0x0000000020002a1c                __Ciob
 .bss.ucMaxSysCallPriority
                0x0000000020002ad0        0x1 ./freertos/freertos_kernel/portable/GCC/ARM_CM4F/port.o
 *(SORT_BY_ALIGNMENT(COMMON))
                0x0000000020002ad8                . = ALIGN (0x8)
 *fill*         0x0000000020002ad1        0x7 
                0x0000000020002ad8                _ebss = .
                [!provide]                        PROVIDE (__end_bss_RAM = .)
                [!provide]                        PROVIDE (__end_bss_SRAM_UPPER = .)
                [!provide]                        PROVIDE (end = .)

.noinit_RAM2    0x000000001fff0000        0x0
                [!provide]                        PROVIDE (__start_noinit_RAM2 = .)
                [!provide]                        PROVIDE (__start_noinit_SRAM_LOWER = .)
 *(SORT_BY_ALIGNMENT(.noinit.$RAM2))
 *(SORT_BY_ALIGNMENT(.noinit.$SRAM_LOWER))
 *(SORT_BY_ALIGNMENT(.noinit.$RAM2.*))
 *(SORT_BY_ALIGNMENT(.noinit.$SRAM_LOWER.*))
                0x000000001fff0000                . = ALIGN (0x8)
                [!provide]                        PROVIDE (__end_noinit_RAM2 = .)
                [!provide]                        PROVIDE (__end_noinit_SRAM_LOWER = .)

.noinit_RAM3    0x0000000014000000        0x0
                [!provide]                        PROVIDE (__start_noinit_RAM3 = .)
                [!provide]                        PROVIDE (__start_noinit_FLEX_RAM = .)
 *(SORT_BY_ALIGNMENT(.noinit.$RAM3))
 *(SORT_BY_ALIGNMENT(.noinit.$FLEX_RAM))
 *(SORT_BY_ALIGNMENT(.noinit.$RAM3.*))
 *(SORT_BY_ALIGNMENT(.noinit.$FLEX_RAM.*))
                0x0000000014000000                . = ALIGN (0x8)
                [!provide]                        PROVIDE (__end_noinit_RAM3 = .)
                [!provide]                        PROVIDE (__end_noinit_FLEX_RAM = .)

.noinit         0x0000000020002ad8        0x0
                0x0000000020002ad8                _noinit = .
                [!provide]                        PROVIDE (__start_noinit_RAM = .)
                [!provide]                        PROVIDE (__start_noinit_SRAM_UPPER = .)
 *(SORT_BY_ALIGNMENT(.noinit*))
                0x0000000020002ad8                . = ALIGN (0x8)
                0x0000000020002ad8                _end_noinit = .
                [!provide]                        PROVIDE (__end_noinit_RAM = .)
                [!provide]                        PROVIDE (__end_noinit_SRAM_UPPER = .)
                0x0000000000001000                _HeapSize = 0x1000

.heap           0x0000000020002ad8     0x1000
                0x0000000020002ad8                _pvHeapStart = .
                0x0000000020003ad8                . = (. + _HeapSize)
 *fill*         0x0000000020002ad8     0x1000 
                0x0000000020003ad8                . = ALIGN (0x8)
                0x0000000020003ad8                _pvHeapLimit = .
                0x0000000000001000                _StackSize = 0x1000

.heap2stackfill
                0x0000000020003ad8     0x1000
                0x0000000020004ad8                . = (. + _StackSize)
 *fill*         0x0000000020003ad8     0x1000 

.stack          0x000000002002f000        0x0
                0x000000002002f000                _vStackBase = .
                0x000000002002f000                . = ALIGN (0x8)
                0x0000000020030000                _vStackTop = (. + _StackSize)
                0x0000000000000000                _image_start = LOADADDR (.text)
                0x0000000000006d78                _image_end = (LOADADDR (.data) + SIZEOF (.data))
                0x0000000000006d78                _image_size = (_image_end - _image_start)
OUTPUT(frdmk66f_freertos_hello_lab2-problem4c.axf elf32-littlearm)
LOAD linker stubs

.debug_info     0x0000000000000000     0xf6e2
 .debug_info    0x0000000000000000       0xaa ./utilities/fsl_assert.o
 .debug_info    0x00000000000000aa      0xa44 ./startup/startup_mk66f18.o
 .debug_info    0x0000000000000aee      0x69f ./source/freertos_hello.o
 .debug_info    0x000000000000118d       0x3c ./source/semihost_hardfault.o
 .debug_info    0x00000000000011c9      0x4c1 ./freertos/freertos_kernel/portable/MemMang/heap_4.o
 .debug_info    0x000000000000168a      0x4d9 ./freertos/freertos_kernel/portable/GCC/ARM_CM4F/port.o
 .debug_info    0x0000000000001b63      0x9ab ./freertos/freertos_kernel/event_groups.o
 .debug_info    0x000000000000250e      0x2be ./freertos/freertos_kernel/list.o
 .debug_info    0x00000000000027cc     0x1725 ./freertos/freertos_kernel/queue.o
 .debug_info    0x0000000000003ef1     0x220f ./freertos/freertos_kernel/tasks.o
 .debug_info    0x0000000000006100      0xe72 ./freertos/freertos_kernel/timers.o
 .debug_info    0x0000000000006f72     0x2938 ./drivers/fsl_clock.o
 .debug_info    0x00000000000098aa     0x1e2f ./drivers/fsl_lpuart.o
 .debug_info    0x000000000000b6d9     0x2086 ./drivers/fsl_uart.o
 .debug_info    0x000000000000d75f      0xa4e ./device/system_MK66F18.o
 .debug_info    0x000000000000e1ad      0x19e ./board/board.o
 .debug_info    0x000000000000e34b      0xcec ./board/clock_config.o
 .debug_info    0x000000000000f037      0x6ab ./board/pin_mux.o

.debug_abbrev   0x0000000000000000     0x23b7
 .debug_abbrev  0x0000000000000000       0x66 ./utilities/fsl_assert.o
 .debug_abbrev  0x0000000000000066      0x185 ./startup/startup_mk66f18.o
 .debug_abbrev  0x00000000000001eb      0x14a ./source/freertos_hello.o
 .debug_abbrev  0x0000000000000335       0x31 ./source/semihost_hardfault.o
 .debug_abbrev  0x0000000000000366      0x1d7 ./freertos/freertos_kernel/portable/MemMang/heap_4.o
 .debug_abbrev  0x000000000000053d      0x231 ./freertos/freertos_kernel/portable/GCC/ARM_CM4F/port.o
 .debug_abbrev  0x000000000000076e      0x22a ./freertos/freertos_kernel/event_groups.o
 .debug_abbrev  0x0000000000000998       0xf2 ./freertos/freertos_kernel/list.o
 .debug_abbrev  0x0000000000000a8a      0x278 ./freertos/freertos_kernel/queue.o
 .debug_abbrev  0x0000000000000d02      0x311 ./freertos/freertos_kernel/tasks.o
 .debug_abbrev  0x0000000000001013      0x24b ./freertos/freertos_kernel/timers.o
 .debug_abbrev  0x000000000000125e      0x362 ./drivers/fsl_clock.o
 .debug_abbrev  0x00000000000015c0      0x410 ./drivers/fsl_lpuart.o
 .debug_abbrev  0x00000000000019d0      0x42e ./drivers/fsl_uart.o
 .debug_abbrev  0x0000000000001dfe      0x148 ./device/system_MK66F18.o
 .debug_abbrev  0x0000000000001f46       0xd4 ./board/board.o
 .debug_abbrev  0x000000000000201a      0x214 ./board/clock_config.o
 .debug_abbrev  0x000000000000222e      0x189 ./board/pin_mux.o

.debug_aranges  0x0000000000000000     0x1018
 .debug_aranges
                0x0000000000000000       0x20 ./utilities/fsl_assert.o
 .debug_aranges
                0x0000000000000020      0x3a0 ./startup/startup_mk66f18.o
 .debug_aranges
                0x00000000000003c0       0x50 ./source/freertos_hello.o
 .debug_aranges
                0x0000000000000410       0x20 ./source/semihost_hardfault.o
 .debug_aranges
                0x0000000000000430       0x58 ./freertos/freertos_kernel/portable/MemMang/heap_4.o
 .debug_aranges
                0x0000000000000488       0x80 ./freertos/freertos_kernel/portable/GCC/ARM_CM4F/port.o
 .debug_aranges
                0x0000000000000508       0x88 ./freertos/freertos_kernel/event_groups.o
 .debug_aranges
                0x0000000000000590       0x40 ./freertos/freertos_kernel/list.o
 .debug_aranges
                0x00000000000005d0      0x130 ./freertos/freertos_kernel/queue.o
 .debug_aranges
                0x0000000000000700      0x208 ./freertos/freertos_kernel/tasks.o
 .debug_aranges
                0x0000000000000908       0xe8 ./freertos/freertos_kernel/timers.o
 .debug_aranges
                0x00000000000009f0      0x258 ./drivers/fsl_clock.o
 .debug_aranges
                0x0000000000000c48      0x138 ./drivers/fsl_lpuart.o
 .debug_aranges
                0x0000000000000d80      0x1a8 ./drivers/fsl_uart.o
 .debug_aranges
                0x0000000000000f28       0x30 ./device/system_MK66F18.o
 .debug_aranges
                0x0000000000000f58       0x28 ./board/board.o
 .debug_aranges