Archive member included to satisfy reference by file (symbol)

/usr/local/mcuxpressoide-11.4.1_6260/ide/plugins/com.nxp.mcuxpresso.tools.linux_11.4.0.202103011116/tools/bin/../lib/gcc/arm-none-eabi/10.2.1/../../../../arm-none-eabi/lib/thumb/v7e-m+fp/hard/libcr_semihost_nf.a(_cr__main.o)
                              ./startup/startup_mk66f18.o (__main)
/usr/local/mcuxpressoide-11.4.1_6260/ide/plugins/com.nxp.mcuxpresso.tools.linux_11.4.0.202103011116/tools/bin/../lib/gcc/arm-none-eabi/10.2.1/../../../../arm-none-eabi/lib/thumb/v7e-m+fp/hard/libcr_c.a(memcpy.o)
                              ./utilities/fsl_str.o (memcpy)
/usr/local/mcuxpressoide-11.4.1_6260/ide/plugins/com.nxp.mcuxpresso.tools.linux_11.4.0.202103011116/tools/bin/../lib/gcc/arm-none-eabi/10.2.1/../../../../arm-none-eabi/lib/thumb/v7e-m+fp/hard/libcr_c.a(memset.o)
                              ./freertos/freertos_kernel/stream_buffer.o (memset)
/usr/local/mcuxpressoide-11.4.1_6260/ide/plugins/com.nxp.mcuxpresso.tools.linux_11.4.0.202103011116/tools/bin/../lib/gcc/arm-none-eabi/10.2.1/../../../../arm-none-eabi/lib/thumb/v7e-m+fp/hard/libcr_c.a(alloc.o)
                              ./source/freertos_hello.o (malloc)
/usr/local/mcuxpressoide-11.4.1_6260/ide/plugins/com.nxp.mcuxpresso.tools.linux_11.4.0.202103011116/tools/bin/../lib/gcc/arm-none-eabi/10.2.1/../../../../arm-none-eabi/lib/thumb/v7e-m+fp/hard/libcr_c.a(errno.o)
                              ./utilities/fsl_str.o (errno)
/usr/local/mcuxpressoide-11.4.1_6260/ide/plugins/com.nxp.mcuxpresso.tools.linux_11.4.0.202103011116/tools/bin/../lib/gcc/arm-none-eabi/10.2.1/../../../../arm-none-eabi/lib/thumb/v7e-m+fp/hard/libcr_c.a(initio.o)
                              /usr/local/mcuxpressoide-11.4.1_6260/ide/plugins/com.nxp.mcuxpresso.tools.linux_11.4.0.202103011116/tools/bin/../lib/gcc/arm-none-eabi/10.2.1/../../../../arm-none-eabi/lib/thumb/v7e-m+fp/hard/libcr_semihost_nf.a(_cr__main.o) (_initio)
/usr/local/mcuxpressoide-11.4.1_6260/ide/plugins/com.nxp.mcuxpresso.tools.linux_11.4.0.202103011116/tools/bin/../lib/gcc/arm-none-eabi/10.2.1/../../../../arm-none-eabi/lib/thumb/v7e-m+fp/hard/libcr_c.a(printf.o)
                              ./utilities/fsl_assert.o (_printf)
/usr/local/mcuxpressoide-11.4.1_6260/ide/plugins/com.nxp.mcuxpresso.tools.linux_11.4.0.202103011116/tools/bin/../lib/gcc/arm-none-eabi/10.2.1/../../../../arm-none-eabi/lib/thumb/v7e-m+fp/hard/libcr_c.a(scanf.o)
                              ./utilities/fsl_str.o (strtoul)
/usr/local/mcuxpressoide-11.4.1_6260/ide/plugins/com.nxp.mcuxpresso.tools.linux_11.4.0.202103011116/tools/bin/../lib/gcc/arm-none-eabi/10.2.1/../../../../arm-none-eabi/lib/thumb/v7e-m+fp/hard/libcr_c.a(setvbuf.o)
                              /usr/local/mcuxpressoide-11.4.1_6260/ide/plugins/com.nxp.mcuxpresso.tools.linux_11.4.0.202103011116/tools/bin/../lib/gcc/arm-none-eabi/10.2.1/../../../../arm-none-eabi/lib/thumb/v7e-m+fp/hard/libcr_c.a(initio.o) (setvbuf)
/usr/local/mcuxpressoide-11.4.1_6260/ide/plugins/com.nxp.mcuxpresso.tools.linux_11.4.0.202103011116/tools/bin/../lib/gcc/arm-none-eabi/10.2.1/../../../../arm-none-eabi/lib/thumb/v7e-m+fp/hard/libcr_c.a(strlen.o)
                              ./utilities/fsl_str.o (strlen)
/usr/local/mcuxpressoide-11.4.1_6260/ide/plugins/com.nxp.mcuxpresso.tools.linux_11.4.0.202103011116/tools/bin/../lib/gcc/arm-none-eabi/10.2.1/../../../../arm-none-eabi/lib/thumb/v7e-m+fp/hard/libcr_c.a(ungetc.o)
                              /usr/local/mcuxpressoide-11.4.1_6260/ide/plugins/com.nxp.mcuxpresso.tools.linux_11.4.0.202103011116/tools/bin/../lib/gcc/arm-none-eabi/10.2.1/../../../../arm-none-eabi/lib/thumb/v7e-m+fp/hard/libcr_c.a(scanf.o) (ungetc)
/usr/local/mcuxpressoide-11.4.1_6260/ide/plugins/com.nxp.mcuxpresso.tools.linux_11.4.0.202103011116/tools/bin/../lib/gcc/arm-none-eabi/10.2.1/../../../../arm-none-eabi/lib/thumb/v7e-m+fp/hard/libcr_c.a(__fillbuf.o)
                              /usr/local/mcuxpressoide-11.4.1_6260/ide/plugins/com.nxp.mcuxpresso.tools.linux_11.4.0.202103011116/tools/bin/../lib/gcc/arm-none-eabi/10.2.1/../../../../arm-none-eabi/lib/thumb/v7e-m+fp/hard/libcr_c.a(scanf.o) (__filbuf)
/usr/local/mcuxpressoide-11.4.1_6260/ide/plugins/com.nxp.mcuxpresso.tools.linux_11.4.0.202103011116/tools/bin/../lib/gcc/arm-none-eabi/10.2.1/../../../../arm-none-eabi/lib/thumb/v7e-m+fp/hard/libcr_c.a(__init_alloc.o)
                              /usr/local/mcuxpressoide-11.4.1_6260/ide/plugins/com.nxp.mcuxpresso.tools.linux_11.4.0.202103011116/tools/bin/../lib/gcc/arm-none-eabi/10.2.1/../../../../arm-none-eabi/lib/thumb/v7e-m+fp/hard/libcr_c.a(alloc.o) (__heaps)
/usr/local/mcuxpressoide-11.4.1_6260/ide/plugins/com.nxp.mcuxpresso.tools.linux_11.4.0.202103011116/tools/bin/../lib/gcc/arm-none-eabi/10.2.1/../../../../arm-none-eabi/lib/thumb/v7e-m+fp/hard/libcr_c.a(_cr_sbrk.o)
[...]
Memory Configuration

Name             Origin             Length             Attributes
PROGRAM_FLASH    0x0000000000000000 0x0000000000200000 xr
SRAM_UPPER       0x0000000020000000 0x0000000000030000 xrw
SRAM_LOWER       0x000000001fff0000 0x0000000000010000 xrw
FLEX_RAM         0x0000000014000000 0x0000000000001000 xrw
*default*        0x0000000000000000 0xffffffffffffffff

Linker script and memory map

LOAD ./utilities/fsl_assert.o
LOAD ./utilities/fsl_debug_console.o
LOAD ./utilities/fsl_str.o
LOAD ./startup/startup_mk66f18.o
LOAD ./source/freertos_hello.o
LOAD ./source/semihost_hardfault.o
LOAD ./freertos/freertos_kernel/portable/MemMang/heap_4.o
LOAD ./freertos/freertos_kernel/portable/GCC/ARM_CM4F/port.o
LOAD ./freertos/freertos_kernel/croutine.o
LOAD ./freertos/freertos_kernel/event_groups.o
LOAD ./freertos/freertos_kernel/list.o
LOAD ./freertos/freertos_kernel/queue.o
LOAD ./freertos/freertos_kernel/stream_buffer.o
LOAD ./freertos/freertos_kernel/tasks.o
LOAD ./freertos/freertos_kernel/timers.o
LOAD ./drivers/fsl_clock.o
LOAD ./drivers/fsl_common.o
LOAD ./drivers/fsl_common_arm.o
LOAD ./drivers/fsl_ftfx_cache.o
LOAD ./drivers/fsl_ftfx_controller.o
LOAD ./drivers/fsl_ftfx_flash.o
LOAD ./drivers/fsl_ftfx_flexnvm.o
LOAD ./drivers/fsl_gpio.o
LOAD ./drivers/fsl_lpuart.o
LOAD ./drivers/fsl_smc.o
LOAD ./drivers/fsl_uart.o
LOAD ./device/system_MK66F18.o
LOAD ./component/uart/fsl_adapter_uart.o
LOAD ./component/serial_manager/fsl_component_serial_manager.o
LOAD ./component/serial_manager/fsl_component_serial_port_uart.o
LOAD ./component/lists/fsl_component_generic_list.o
LOAD ./board/board.o
LOAD ./board/clock_config.o
LOAD ./board/pin_mux.o
START GROUP
LOAD /usr/local/mcuxpressoide-11.4.1_6260/ide/plugins/com.nxp.mcuxpresso.tools.linux_11.4.0.202103011116/tools/bin/../lib/gcc/arm-none-eabi/10.2.1/../../../../arm-none-eabi/lib/thumb/v7e-m+fp/hard/libcr_semihost_nf.a
LOAD /usr/local/mcuxpressoide-11.4.1_6260/ide/plugins/com.nxp.mcuxpresso.tools.linux_11.4.0.202103011116/tools/bin/../lib/gcc/arm-none-eabi/10.2.1/../../../../arm-none-eabi/lib/thumb/v7e-m+fp/hard/libcr_c.a
LOAD /usr/local/mcuxpressoide-11.4.1_6260/ide/plugins/com.nxp.mcuxpresso.tools.linux_11.4.0.202103011116/tools/bin/../lib/gcc/arm-none-eabi/10.2.1/thumb/v7e-m+fp/hard/libcr_eabihelpers.a
LOAD /usr/local/mcuxpressoide-11.4.1_6260/ide/plugins/com.nxp.mcuxpresso.tools.linux_11.4.0.202103011116/tools/bin/../lib/gcc/arm-none-eabi/10.2.1/thumb/v7e-m+fp/hard/libgcc.a
END GROUP
                0x0000000000000000                __base_PROGRAM_FLASH = 0x0
                0x0000000000000000                __base_Flash = 0x0
                0x0000000000200000                __top_PROGRAM_FLASH = 0x200000
                0x0000000000200000                __top_Flash = 0x200000
                0x0000000020000000                __base_SRAM_UPPER = 0x20000000
                0x0000000020000000                __base_RAM = 0x20000000
                0x0000000020030000                __top_SRAM_UPPER = 0x20030000
                0x0000000020030000                __top_RAM = 0x20030000
                0x000000001fff0000                __base_SRAM_LOWER = 0x1fff0000
                0x000000001fff0000                __base_RAM2 = 0x1fff0000
                0x0000000020000000                __top_SRAM_LOWER = 0x20000000
                0x0000000020000000                __top_RAM2 = 0x20000000
                0x0000000014000000                __base_FLEX_RAM = 0x14000000
                0x0000000014000000                __base_RAM3 = 0x14000000
                0x0000000014001000                __top_FLEX_RAM = 0x14001000
                0x0000000014001000                __top_RAM3 = 0x14001000

.text           0x0000000000000000     0x5918
 FILL mask 0xff
                0x0000000000000000                __vectors_start__ = ABSOLUTE (.)
 *(SORT_BY_ALIGNMENT(.isr_vector))
 .isr_vector    0x0000000000000000      0x1d0 ./startup/startup_mk66f18.o
                0x0000000000000000                __Vectors
                0x0000000000000000                g_pfnVectors
                0x00000000000001d0                . = ALIGN (0x4)
                0x00000000000001d0                __section_table_start = .
                0x00000000000001d0                __data_section_table = .
                0x00000000000001d0        0x4 LONG 0x5918 LOADADDR (.data)
                0x00000000000001d4        0x4 LONG 0x20000000 ADDR (.data)
                0x00000000000001d8        0x4 LONG 0x18 SIZEOF (.data)
                0x00000000000001dc        0x4 LONG 0x5918 LOADADDR (.data_RAM2)
                0x00000000000001e0        0x4 LONG 0x1fff0000 ADDR (.data_RAM2)
                0x00000000000001e4        0x4 LONG 0x0 SIZEOF (.data_RAM2)
                0x00000000000001e8        0x4 LONG 0x5918 LOADADDR (.data_RAM3)
                0x00000000000001ec        0x4 LONG 0x14000000 ADDR (.data_RAM3)
                0x00000000000001f0        0x4 LONG 0x0 SIZEOF (.data_RAM3)
                0x00000000000001f4                __data_section_table_end = .
                0x00000000000001f4                __bss_section_table = .
                0x00000000000001f4        0x4 LONG 0x20000018 ADDR (.bss)
                0x00000000000001f8        0x4 LONG 0x2a98 SIZEOF (.bss)
                0x00000000000001fc        0x4 LONG 0x1fff0000 ADDR (.bss_RAM2)
                0x0000000000000200        0x4 LONG 0x0 SIZEOF (.bss_RAM2)
                0x0000000000000204        0x4 LONG 0x14000000 ADDR (.bss_RAM3)
                0x0000000000000208        0x4 LONG 0x0 SIZEOF (.bss_RAM3)
                0x000000000000020c                __bss_section_table_end = .
                0x000000000000020c                __section_table_end = .
 *(SORT_BY_ALIGNMENT(.after_vectors*))
 .after_vectors.reset
                0x000000000000020c       0x4c ./startup/startup_mk66f18.o
                0x000000000000020c                ResetISR
 .after_vectors.init_data
                0x0000000000000258       0x1e ./startup/startup_mk66f18.o
                0x0000000000000258                data_init
 .after_vectors.init_bss
                0x0000000000000276       0x12 ./startup/startup_mk66f18.o
                0x0000000000000276                bss_init
 .after_vectors
                0x0000000000000288       0x14 ./startup/startup_mk66f18.o
                0x0000000000000288                NMI_Handler
                0x000000000000028c                MemManage_Handler
                0x000000000000028e                BusFault_Handler
                0x0000000000000290                UsageFault_Handler
                0x0000000000000294                DebugMon_Handler
                0x000000000000029a                DMA13_DMA29_DriverIRQHandler
                0x000000000000029a                PORTB_DriverIRQHandler
                0x000000000000029a                SPI1_DriverIRQHandler
                0x000000000000029a                LPTMR0_DriverIRQHandler
                0x000000000000029a                DMA_Error_DriverIRQHandler
                0x000000000000029a                FTM1_DriverIRQHandler
                0x000000000000029a                FTM2_DriverIRQHandler
                0x000000000000029a                PIT2_DriverIRQHandler
                0x000000000000029a                TPM2_DriverIRQHandler
                0x000000000000029a                SDHC_DriverIRQHandler
                0x000000000000029a                DMA7_DMA23_DriverIRQHandler
                0x000000000000029a                I2C3_DriverIRQHandler
                0x000000000000029a                I2S0_Tx_DriverIRQHandler
                0x000000000000029a                TSI0_DriverIRQHandler
                0x000000000000029a                RTC_Seconds_DriverIRQHandler
                0x000000000000029a                CMP3_DriverIRQHandler
                0x000000000000029a                LLWU_DriverIRQHandler
                0x000000000000029a                MCM_DriverIRQHandler
                0x000000000000029a                DMA14_DMA30_DriverIRQHandler
                0x000000000000029a                MCG_DriverIRQHandler
                0x000000000000029a                ENET_1588_Timer_DriverIRQHandler
                0x000000000000029a                I2C2_DriverIRQHandler
                0x000000000000029a                DAC1_DriverIRQHandler
                0x000000000000029a                CMP1_DriverIRQHandler
                0x000000000000029a                USBHSDCD_DriverIRQHandler
                0x000000000000029a                DMA0_DMA16_DriverIRQHandler
                0x000000000000029a                FTM0_DriverIRQHandler
                0x000000000000029a                IntDefaultHandler
                0x000000000000029a                USB0_DriverIRQHandler
                0x000000000000029a                PORTC_DriverIRQHandler
                0x000000000000029a                DMA2_DMA18_DriverIRQHandler
                0x000000000000029a                DAC0_DriverIRQHandler
                0x000000000000029a                CMP2_DriverIRQHandler
                0x000000000000029a                UART2_ERR_DriverIRQHandler
                0x000000000000029a                SPI2_DriverIRQHandler
                0x000000000000029a                LVD_LVW_DriverIRQHandler
                0x000000000000029a                Reserved84_DriverIRQHandler
                0x000000000000029a                PIT0_DriverIRQHandler
                0x000000000000029a                RNG_DriverIRQHandler
                0x000000000000029a                USBDCD_DriverIRQHandler
                0x000000000000029a                UART3_ERR_DriverIRQHandler
                0x000000000000029a                DMA12_DMA28_DriverIRQHandler
                0x000000000000029a                DMA10_DMA26_DriverIRQHandler
                0x000000000000029a                UART0_ERR_DriverIRQHandler
                0x000000000000029a                CMT_DriverIRQHandler
                0x000000000000029a                Reserved71_DriverIRQHandler
                0x000000000000029a                ADC1_DriverIRQHandler
                0x000000000000029a                PORTA_DriverIRQHandler
                0x000000000000029a                DMA1_DMA17_DriverIRQHandler
                0x000000000000029a                PIT3_DriverIRQHandler
                0x000000000000029a                PIT1_DriverIRQHandler
                0x000000000000029a                TPM1_DriverIRQHandler
                0x000000000000029a                WDOG_EWM_DriverIRQHandler
                0x000000000000029a                PDB0_DriverIRQHandler
                0x000000000000029a                DMA8_DMA24_DriverIRQHandler
                0x000000000000029a                DMA6_DMA22_DriverIRQHandler
                0x000000000000029a                RTC_DriverIRQHandler
                0x000000000000029a                I2S0_Rx_DriverIRQHandler
                0x000000000000029a                Read_Collision_DriverIRQHandler
                0x000000000000029a                SWI_DriverIRQHandler
                0x000000000000029a                UART4_ERR_DriverIRQHandler
                0x000000000000029a                DMA11_DMA27_DriverIRQHandler
                0x000000000000029a                DMA4_DMA20_DriverIRQHandler
                0x000000000000029a                DMA9_DMA25_DriverIRQHandler
                0x000000000000029a                I2C1_DriverIRQHandler
                0x000000000000029a                ENET_Receive_DriverIRQHandler
                0x000000000000029a                DMA3_DMA19_DriverIRQHandler
                0x000000000000029a                ENET_Error_DriverIRQHandler
                0x000000000000029a                Reserved85_DriverIRQHandler
                0x000000000000029a                SPI0_DriverIRQHandler
                0x000000000000029a                ADC0_DriverIRQHandler
                0x000000000000029a                USBHS_DriverIRQHandler
                0x000000000000029a                CMP0_DriverIRQHandler
                0x000000000000029a                CAN0_DriverIRQHandler
                0x000000000000029a                FTM3_DriverIRQHandler
                0x000000000000029a                DMA5_DMA21_DriverIRQHandler
                0x000000000000029a                DMA15_DMA31_DriverIRQHandler
                0x000000000000029a                UART1_ERR_DriverIRQHandler
                0x000000000000029a                ENET_Transmit_DriverIRQHandler
                0x000000000000029a                PORTD_DriverIRQHandler
                0x000000000000029a                Reserved46_DriverIRQHandler
                0x000000000000029a                PORTE_DriverIRQHandler
                0x000000000000029a                FTFE_DriverIRQHandler
                0x000000000000029a                I2C0_DriverIRQHandler
                0x000000000000029a                CAN1_DriverIRQHandler
                0x0000000000000400                . = 0x400
 *fill*         0x000000000000029c      0x164 ff
                0x0000000000000400                PROVIDE (__FLASH_CONFIG_START__ = .)
 *(SORT_BY_ALIGNMENT(.FlashConfig))
 .FlashConfig   0x0000000000000400       0x10 ./startup/startup_mk66f18.o
                0x0000000000000400                Flash_Config
                0x0000000000000410                PROVIDE (__FLASH_CONFIG_END__ = .)
                0x0000000000000001                ASSERT (! ((__FLASH_CONFIG_START__ == __FLASH_CONFIG_END__)), Linker Flash Config Support Enabled, but no .FlashConfig section provided within application)
 *(SORT_BY_ALIGNMENT(.text*))
 .text.SVC_Handler
                0x0000000000000410       0x28 ./freertos/freertos_kernel/portable/GCC/ARM_CM4F/port.o
                0x0000000000000410                SVC_Handler
 *fill*         0x0000000000000438        0x8 ff
 .text.PendSV_Handler
                0x0000000000000440       0x68 ./freertos/freertos_kernel/portable/GCC/ARM_CM4F/port.o
                0x0000000000000440                PendSV_Handler
 .text.__assertion_failed
                0x00000000000004a8       0x18 ./utilities/fsl_assert.o
                0x00000000000004a8                __assertion_failed
 .text.main     0x00000000000004c0       0xd8 ./source/freertos_hello.o
                0x00000000000004c0                main
 .text.producer_sem
                0x0000000000000598       0x7c ./source/freertos_hello.o
 .text.consumer1_sem
                0x0000000000000614       0x58 ./source/freertos_hello.o
 .text.consumer2_sem
                0x000000000000066c       0x58 ./source/freertos_hello.o
 .text.pvPortMalloc
                0x00000000000006c4      0x1c0 ./freertos/freertos_kernel/portable/MemMang/heap_4.o
                0x00000000000006c4                pvPortMalloc
 .text.vPortFree
                0x0000000000000884       0xc4 ./freertos/freertos_kernel/portable/MemMang/heap_4.o
                0x0000000000000884                vPortFree
 .text.prvHeapInit
                0x0000000000000948       0xc4 ./freertos/freertos_kernel/portable/MemMang/heap_4.o
 .text.prvInsertBlockIntoFreeList
                0x0000000000000a0c       0xb4 ./freertos/freertos_kernel/portable/MemMang/heap_4.o
 .text.pxPortInitialiseStack
                0x0000000000000ac0       0x68 ./freertos/freertos_kernel/portable/GCC/ARM_CM4F/port.o
                0x0000000000000ac0                pxPortInitialiseStack
 .text.prvTaskExitError
                0x0000000000000b28       0x58 ./freertos/freertos_kernel/portable/GCC/ARM_CM4F/port.o
 .text.prvPortStartFirstTask
                0x0000000000000b80       0x2c ./freertos/freertos_kernel/portable/GCC/ARM_CM4F/port.o
 .text.xPortStartScheduler
                0x0000000000000bac      0x144 ./freertos/freertos_kernel/portable/GCC/ARM_CM4F/port.o
                0x0000000000000bac                xPortStartScheduler
 .text.vPortEnterCritical
                0x0000000000000cf0       0x60 ./freertos/freertos_kernel/portable/GCC/ARM_CM4F/port.o
                0x0000000000000cf0                vPortEnterCritical
 .text.vPortExitCritical
                0x0000000000000d50       0x54 ./freertos/freertos_kernel/portable/GCC/ARM_CM4F/port.o
                0x0000000000000d50                vPortExitCritical
 .text.SysTick_Handler
                0x0000000000000da4       0x44 ./freertos/freertos_kernel/portable/GCC/ARM_CM4F/port.o
                0x0000000000000da4                SysTick_Handler
 .text.vPortSetupTimerInterrupt
                0x0000000000000de8       0x48 ./freertos/freertos_kernel/portable/GCC/ARM_CM4F/port.o
                0x0000000000000de8                vPortSetupTimerInterrupt
 .text.vPortEnableVFP
                0x0000000000000e30       0x18 ./freertos/freertos_kernel/portable/GCC/ARM_CM4F/port.o
 .text.vPortValidateInterruptPriority
                0x0000000000000e48       0x80 ./freertos/freertos_kernel/portable/GCC/ARM_CM4F/port.o
                0x0000000000000e48                vPortValidateInterruptPriority
 .text.xQueueGenericReset
                0x0000000000000ec8       0xd0 ./freertos/freertos_kernel/queue.o
                0x0000000000000ec8                xQueueGenericReset
 .text.xQueueGenericSend
                0x0000000000000f98      0x1fc ./freertos/freertos_kernel/queue.o
                0x0000000000000f98                xQueueGenericSend
 .text.xQueueReceive
                0x0000000000001194      0x1c0 ./freertos/freertos_kernel/queue.o
                0x0000000000001194                xQueueReceive
 .text.xQueueSemaphoreTake
                0x0000000000001354      0x21c ./freertos/freertos_kernel/queue.o
                0x0000000000001354                xQueueSemaphoreTake
 .text.vQueueAddToRegistry
                0x0000000000001570       0x54 ./freertos/freertos_kernel/queue.o
                0x0000000000001570                vQueueAddToRegistry
 .text.prvAddNewTaskToReadyList
                0x00000000000015c4       0xdc ./freertos/freertos_kernel/tasks.o
 .text.vTaskDelay
                0x00000000000016a0       0x68 ./freertos/freertos_kernel/tasks.o
                0x00000000000016a0                vTaskDelay
 .text.vTaskStartScheduler
                0x0000000000001708       0xa4 ./freertos/freertos_kernel/tasks.o
                0x0000000000001708                vTaskStartScheduler
 .text.vTaskSuspendAll
                0x00000000000017ac       0x1c ./freertos/freertos_kernel/tasks.o
                0x00000000000017ac                vTaskSuspendAll
 .text.xTaskResumeAll
                0x00000000000017c8      0x138 ./freertos/freertos_kernel/tasks.o
                0x00000000000017c8                xTaskResumeAll
 .text.xTaskGetTickCount
                0x0000000000001900       0x20 ./freertos/freertos_kernel/tasks.o
                0x0000000000001900                xTaskGetTickCount
 .text.xTaskIncrementTick
                0x0000000000001920      0x154 ./freertos/freertos_kernel/tasks.o
                0x0000000000001920                xTaskIncrementTick
 .text.vTaskSwitchContext
                0x0000000000001a74       0xb8 ./freertos/freertos_kernel/tasks.o
                0x0000000000001a74                vTaskSwitchContext
 .text.vTaskPlaceOnEventList
                0x0000000000001b2c       0x48 ./freertos/freertos_kernel/tasks.o
                0x0000000000001b2c                vTaskPlaceOnEventList
 .text.vTaskPlaceOnEventListRestricted
                0x0000000000001b74       0x58 ./freertos/freertos_kernel/tasks.o
                0x0000000000001b74                vTaskPlaceOnEventListRestricted
 .text.xTaskRemoveFromEventList
                0x0000000000001bcc       0xc4 ./freertos/freertos_kernel/tasks.o
                0x0000000000001bcc                xTaskRemoveFromEventList
 .text.vTaskInternalSetTimeOutState
                0x0000000000001c90       0x2c ./freertos/freertos_kernel/tasks.o
                0x0000000000001c90                vTaskInternalSetTimeOutState
 .text.xTaskCheckForTimeOut
                0x0000000000001cbc       0xcc ./freertos/freertos_kernel/tasks.o
                0x0000000000001cbc                xTaskCheckForTimeOut
 .text.vTaskMissedYield
                0x0000000000001d88       0x18 ./freertos/freertos_kernel/tasks.o
                0x0000000000001d88                vTaskMissedYield
 .text.prvIdleTask
                0x0000000000001da0       0x30 ./freertos/freertos_kernel/tasks.o
 .text.prvInitialiseTaskLists
                0x0000000000001dd0       0x80 ./freertos/freertos_kernel/tasks.o
 .text.prvCheckTasksWaitingTermination
                0x0000000000001e50       0x5c ./freertos/freertos_kernel/tasks.o
 .text.prvResetNextTaskUnblockTime
                0x0000000000001eac       0x38 ./freertos/freertos_kernel/tasks.o
 .text.xTaskGetSchedulerState
                0x0000000000001ee4       0x3c ./freertos/freertos_kernel/tasks.o
                0x0000000000001ee4                xTaskGetSchedulerState
 .text.xTaskPriorityInherit
                0x0000000000001f20       0xec ./freertos/freertos_kernel/tasks.o
                0x0000000000001f20                xTaskPriorityInherit
 .text.xTaskPriorityDisinherit
                0x000000000000200c       0xf4 ./freertos/freertos_kernel/tasks.o
                0x000000000000200c                xTaskPriorityDisinherit
 .text.vTaskPriorityDisinheritAfterTimeout
                0x0000000000002100      0x11c ./freertos/freertos_kernel/tasks.o
                0x0000000000002100                vTaskPriorityDisinheritAfterTimeout
 .text.pvTaskIncrementMutexHeldCount
                0x000000000000221c       0x28 ./freertos/freertos_kernel/tasks.o
                0x000000000000221c                pvTaskIncrementMutexHeldCount
 .text.prvAddCurrentTaskToDelayedList
                0x0000000000002244       0xcc ./freertos/freertos_kernel/tasks.o
 .text.xTimerCreateTimerTask
                0x0000000000002310       0x64 ./freertos/freertos_kernel/timers.o
                0x0000000000002310                xTimerCreateTimerTask
 .text.xTimerGenericCommand
                0x0000000000002374       0x9c ./freertos/freertos_kernel/timers.o
                0x0000000000002374                xTimerGenericCommand
 .text.prvProcessExpiredTimer
                0x0000000000002410       0x98 ./freertos/freertos_kernel/timers.o
 .text.prvProcessTimerOrBlockTask
                0x00000000000024a8       0x9c ./freertos/freertos_kernel/timers.o
 .text.prvGetNextExpireTime
                0x0000000000002544       0x48 ./freertos/freertos_kernel/timers.o
 .text.prvSampleTimeNow
                0x000000000000258c       0x40 ./freertos/freertos_kernel/timers.o
 .text.prvInsertTimerInActiveList
                0x00000000000025cc       0x84 ./freertos/freertos_kernel/timers.o
 .text.prvProcessReceivedCommands
                0x0000000000002650      0x1c4 ./freertos/freertos_kernel/timers.o
 .text.prvSwitchTimerLists
                0x0000000000002814       0xc8 ./freertos/freertos_kernel/timers.o
 .text.prvCheckForValidListAndQueue
                0x00000000000028dc       0x6c ./freertos/freertos_kernel/timers.o
 .text.CLOCK_SetEr32kClock
                0x0000000000002948       0x30 ./drivers/fsl_clock.o
 .text.CLOCK_SetPllFllSelClock
                0x0000000000002978       0x54 ./drivers/fsl_clock.o
 .text.CLOCK_GetMcgExtClkFreq
                0x00000000000029cc       0x7c ./drivers/fsl_clock.o
 .text.CLOCK_GetFllExtRefClkFreq
                0x0000000000002a48       0xb0 ./drivers/fsl_clock.o
 .text.CLOCK_GetInternalRefClkSelectFreq
                0x0000000000002af8       0x4c ./drivers/fsl_clock.o
 .text.CLOCK_GetFllRefClkFreq
                0x0000000000002b44       0x34 ./drivers/fsl_clock.o
 .text.CLOCK_GetOscRangeFromFreq
                0x0000000000002b78       0x3c ./drivers/fsl_clock.o
 .text.CLOCK_GetCoreSysClkFreq
                0x0000000000002bb4       0x28 ./drivers/fsl_clock.o
                0x0000000000002bb4                CLOCK_GetCoreSysClkFreq
 .text.CLOCK_SetSimConfig
                0x0000000000002bdc       0x40 ./drivers/fsl_clock.o
                0x0000000000002bdc                CLOCK_SetSimConfig
 .text.CLOCK_GetOutClkFreq
                0x0000000000002c1c       0x90 ./drivers/fsl_clock.o
                0x0000000000002c1c                CLOCK_GetOutClkFreq
 .text.CLOCK_GetFllFreq
                0x0000000000002cac       0x84 ./drivers/fsl_clock.o
                0x0000000000002cac                CLOCK_GetFllFreq
 .text.CLOCK_GetPll0Freq
                0x0000000000002d30       0x7c ./drivers/fsl_clock.o
                0x0000000000002d30                CLOCK_GetPll0Freq
 .text.CLOCK_GetExtPllFreq
                0x0000000000002dac       0x18 ./drivers/fsl_clock.o
                0x0000000000002dac                CLOCK_GetExtPllFreq
 .text.CLOCK_SetExternalRefClkConfig
                0x0000000000002dc4       0x6c ./drivers/fsl_clock.o
                0x0000000000002dc4                CLOCK_SetExternalRefClkConfig
 .text.CLOCK_SetInternalRefClkConfig
                0x0000000000002e30      0x104 ./drivers/fsl_clock.o
                0x0000000000002e30                CLOCK_SetInternalRefClkConfig
 .text.CLOCK_EnablePll0
                0x0000000000002f34       0x88 ./drivers/fsl_clock.o
                0x0000000000002f34                CLOCK_EnablePll0
 .text.CLOCK_InitOsc0
                0x0000000000002fbc       0x8c ./drivers/fsl_clock.o
                0x0000000000002fbc                CLOCK_InitOsc0
 .text.CLOCK_SetPbeMode
                0x0000000000003048       0xe8 ./drivers/fsl_clock.o
                0x0000000000003048                CLOCK_SetPbeMode
 .text.CLOCK_BootToPeeMode
                0x0000000000003130       0x68 ./drivers/fsl_clock.o
                0x0000000000003130                CLOCK_BootToPeeMode
 .text.LPUART0_DriverIRQHandler
                0x0000000000003198       0x28 ./drivers/fsl_lpuart.o
                0x0000000000003198                LPUART0_DriverIRQHandler
 .text.UART0_DriverIRQHandler
                0x00000000000031c0       0x28 ./drivers/fsl_uart.o
                0x00000000000031c0                UART0_DriverIRQHandler
 .text.UART1_DriverIRQHandler
                0x00000000000031e8       0x28 ./drivers/fsl_uart.o
                0x00000000000031e8                UART1_DriverIRQHandler
 .text.UART2_DriverIRQHandler
                0x0000000000003210       0x28 ./drivers/fsl_uart.o
                0x0000000000003210                UART2_DriverIRQHandler
 .text.UART3_DriverIRQHandler
                0x0000000000003238       0x28 ./drivers/fsl_uart.o
                0x0000000000003238                UART3_DriverIRQHandler
 .text.UART4_DriverIRQHandler
                0x0000000000003260       0x28 ./drivers/fsl_uart.o
                0x0000000000003260                UART4_DriverIRQHandler
 .text.SystemInit
                0x0000000000003288       0x3c ./device/system_MK66F18.o
                0x0000000000003288                SystemInit
 .text.CLOCK_SetSimSafeDivs
                0x00000000000032c4       0x24 ./board/clock_config.o
 .text.CLOCK_SetXtal0Freq
                0x00000000000032e8       0x20 ./board/clock_config.o
 .text.CLOCK_CONFIG_SetFllExtRefDiv
                0x0000000000003308       0x3c ./board/clock_config.o
 .text.BOARD_BootClockRUN
                0x0000000000003344       0x60 ./board/clock_config.o
                0x0000000000003344                BOARD_BootClockRUN
 .text.BOARD_InitPins
                0x00000000000033a4       0x44 ./board/pin_mux.o
                0x00000000000033a4                BOARD_InitPins
 .text.malloc   0x00000000000033e8       0xc8 /usr/local/mcuxpressoide-11.4.1_6260/ide/plugins/com.nxp.mcuxpresso.tools.linux_11.4.0.202103011116/tools/bin/../lib/gcc/arm-none-eabi/10.2.1/../../../../arm-none-eabi/lib/thumb/v7e-m+fp/hard/libcr_c.a(alloc.o)
                0x00000000000033e8                malloc
 .text._Csys_alloc
                0x00000000000034b0       0x20 /usr/local/mcuxpressoide-11.4.1_6260/ide/plugins/com.nxp.mcuxpresso.tools.linux_11.4.0.202103011116/tools/bin/../lib/gcc/arm-none-eabi/10.2.1/../../../../arm-none-eabi/lib/thumb/v7e-m+fp/hard/libcr_c.a(alloc.o)
                0x00000000000034b0                _Csys_alloc
 .text._initio  0x00000000000034d0       0x78 /usr/local/mcuxpressoide-11.4.1_6260/ide/plugins/com.nxp.mcuxpresso.tools.linux_11.4.0.202103011116/tools/bin/../lib/gcc/arm-none-eabi/10.2.1/../../../../arm-none-eabi/lib/thumb/v7e-m+fp/hard/libcr_c.a(initio.o)
                0x00000000000034d0                _initio
 .text.__vfprintf
                0x0000000000003548      0xbf4 /usr/local/mcuxpressoide-11.4.1_6260/ide/plugins/com.nxp.mcuxpresso.tools.linux_11.4.0.202103011116/tools/bin/../lib/gcc/arm-none-eabi/10.2.1/../../../../arm-none-eabi/lib/thumb/v7e-m+fp/hard/libcr_c.a(printf.o)
                0x0000000000003548                __vfprintf
 .text._vsnprintf
                0x000000000000413c       0x68 /usr/local/mcuxpressoide-11.4.1_6260/ide/plugins/com.nxp.mcuxpresso.tools.linux_11.4.0.202103011116/tools/bin/../lib/gcc/arm-none-eabi/10.2.1/../../../../arm-none-eabi/lib/thumb/v7e-m+fp/hard/libcr_c.a(printf.o)
                0x000000000000413c                _vsnprintf
 .text._printf  0x00000000000041a4       0x54 /usr/local/mcuxpressoide-11.4.1_6260/ide/plugins/com.nxp.mcuxpresso.tools.linux_11.4.0.202103011116/tools/bin/../lib/gcc/arm-none-eabi/10.2.1/../../../../arm-none-eabi/lib/thumb/v7e-m+fp/hard/libcr_c.a(printf.o)
                0x00000000000041a4                _printf
 .text._sbrk    0x00000000000041f8       0x3c /usr/local/mcuxpressoide-11.4.1_6260/ide/plugins/com.nxp.mcuxpresso.tools.linux_11.4.0.202103011116/tools/bin/../lib/gcc/arm-none-eabi/10.2.1/../../../../arm-none-eabi/lib/thumb/v7e-m+fp/hard/libcr_c.a(_cr_sbrk.o)
                0x00000000000041f8                _sbrk
 .text._Cwritebuf
                0x0000000000004234       0x6c /usr/local/mcuxpressoide-11.4.1_6260/ide/plugins/com.nxp.mcuxpresso.tools.linux_11.4.0.202103011116/tools/bin/../lib/gcc/arm-none-eabi/10.2.1/../../../../arm-none-eabi/lib/thumb/v7e-m+fp/hard/libcr_c.a(_writebuf.o)
                0x0000000000004234                _Cwritebuf
 .text.fflush   0x00000000000042a0       0x3c /usr/local/mcuxpressoide-11.4.1_6260/ide/plugins/com.nxp.mcuxpresso.tools.linux_11.4.0.202103011116/tools/bin/../lib/gcc/arm-none-eabi/10.2.1/../../../../arm-none-eabi/lib/thumb/v7e-m+fp/hard/libcr_c.a(fflush.o)
                0x00000000000042a0                fflush
 .text.fseek    0x00000000000042dc      0x100 /usr/local/mcuxpressoide-11.4.1_6260/ide/plugins/com.nxp.mcuxpresso.tools.linux_11.4.0.202103011116/tools/bin/../lib/gcc/arm-none-eabi/10.2.1/../../../../arm-none-eabi/lib/thumb/v7e-m+fp/hard/libcr_c.a(fseek.o)
                0x00000000000042dc                fseek
 .text.ftell    0x00000000000043dc       0x44 /usr/local/mcuxpressoide-11.4.1_6260/ide/plugins/com.nxp.mcuxpresso.tools.linux_11.4.0.202103011116/tools/bin/../lib/gcc/arm-none-eabi/10.2.1/../../../../arm-none-eabi/lib/thumb/v7e-m+fp/hard/libcr_c.a(ftell.o)
                0x00000000000043dc                ftell
 .text.__check_heap_overflow
                0x0000000000004420       0x18 /usr/local/mcuxpressoide-11.4.1_6260/ide/plugins/com.nxp.mcuxpresso.tools.linux_11.4.0.202103011116/tools/bin/../lib/gcc/arm-none-eabi/10.2.1/../../../../arm-none-eabi/lib/thumb/v7e-m+fp/hard/libcr_c.a(_cr_check_heap.o)
                0x0000000000004420                __check_heap_overflow
 .text.__sys_appexit
                0x0000000000004438        0xc /usr/local/mcuxpressoide-11.4.1_6260/ide/plugins/com.nxp.mcuxpresso.tools.linux_11.4.0.202103011116/tools/bin/../lib/gcc/arm-none-eabi/10.2.1/../../../../arm-none-eabi/lib/thumb/v7e-m+fp/hard/libcr_semihost_nf.a(__sys_appexit.o)
                0x0000000000004438                __exit
                0x0000000000004438                __sys_appexit
 .text.DMA0_DMA16_IRQHandler
                0x0000000000004444        0x8 ./startup/startup_mk66f18.o
                0x0000000000004444                DMA0_DMA16_IRQHandler
 .text.DMA1_DMA17_IRQHandler
                0x000000000000444c        0x8 ./startup/startup_mk66f18.o
                0x000000000000444c                DMA1_DMA17_IRQHandler
 .text.DMA2_DMA18_IRQHandler
                0x0000000000004454        0x8 ./startup/startup_mk66f18.o
                0x0000000000004454                DMA2_DMA18_IRQHandler
 .text.DMA3_DMA19_IRQHandler
                0x000000000000445c        0x8 ./startup/startup_mk66f18.o
                0x000000000000445c                DMA3_DMA19_IRQHandler
 .text.DMA4_DMA20_IRQHandler
                0x0000000000004464        0x8 ./startup/startup_mk66f18.o
                0x0000000000004464                DMA4_DMA20_IRQHandler
 .text.DMA5_DMA21_IRQHandler
                0x000000000000446c        0x8 ./startup/startup_mk66f18.o
                0x000000000000446c                DMA5_DMA21_IRQHandler
 .text.DMA6_DMA22_IRQHandler
                0x0000000000004474        0x8 ./startup/startup_mk66f18.o
                0x0000000000004474                DMA6_DMA22_IRQHandler
 .text.DMA7_DMA23_IRQHandler
                0x000000000000447c        0x8 ./startup/startup_mk66f18.o
                0x000000000000447c                DMA7_DMA23_IRQHandler
 .text.DMA8_DMA24_IRQHandler
                0x0000000000004484        0x8 ./startup/startup_mk66f18.o
                0x0000000000004484                DMA8_DMA24_IRQHandler
 .text.DMA9_DMA25_IRQHandler
                0x000000000000448c        0x8 ./startup/startup_mk66f18.o
                0x000000000000448c                DMA9_DMA25_IRQHandler
 .text.DMA10_DMA26_IRQHandler
                0x0000000000004494        0x8 ./startup/startup_mk66f18.o
                0x0000000000004494                DMA10_DMA26_IRQHandler
 .text.DMA11_DMA27_IRQHandler
                0x000000000000449c        0x8 ./startup/startup_mk66f18.o
                0x000000000000449c                DMA11_DMA27_IRQHandler
 .text.DMA12_DMA28_IRQHandler
                0x00000000000044a4        0x8 ./startup/startup_mk66f18.o
                0x00000000000044a4                DMA12_DMA28_IRQHandler
 .text.DMA13_DMA29_IRQHandler
                0x00000000000044ac        0x8 ./startup/startup_mk66f18.o
                0x00000000000044ac                DMA13_DMA29_IRQHandler
 .text.DMA14_DMA30_IRQHandler
                0x00000000000044b4        0x8 ./startup/startup_mk66f18.o
                0x00000000000044b4                DMA14_DMA30_IRQHandler
 .text.DMA15_DMA31_IRQHandler
                0x00000000000044bc        0x8 ./startup/startup_mk66f18.o
                0x00000000000044bc                DMA15_DMA31_IRQHandler
 .text.DMA_Error_IRQHandler
                0x00000000000044c4        0x8 ./startup/startup_mk66f18.o
                0x00000000000044c4                DMA_Error_IRQHandler
 .text.MCM_IRQHandler
                0x00000000000044cc        0x8 ./startup/startup_mk66f18.o
                0x00000000000044cc                MCM_IRQHandler
 .text.FTFE_IRQHandler
                0x00000000000044d4        0x8 ./startup/startup_mk66f18.o
                0x00000000000044d4                FTFE_IRQHandler
 .text.Read_Collision_IRQHandler
                0x00000000000044dc        0x8 ./startup/startup_mk66f18.o
                0x00000000000044dc                Read_Collision_IRQHandler
 .text.LVD_LVW_IRQHandler
                0x00000000000044e4        0x8 ./startup/startup_mk66f18.o
                0x00000000000044e4                LVD_LVW_IRQHandler
 .text.LLWU_IRQHandler
                0x00000000000044ec        0x8 ./startup/startup_mk66f18.o
                0x00000000000044ec                LLWU_IRQHandler
 .text.WDOG_EWM_IRQHandler
                0x00000000000044f4        0x8 ./startup/startup_mk66f18.o
                0x00000000000044f4                WDOG_EWM_IRQHandler
 .text.RNG_IRQHandler
                0x00000000000044fc        0x8 ./startup/startup_mk66f18.o
                0x00000000000044fc                RNG_IRQHandler
 .text.I2C0_IRQHandler
                0x0000000000004504        0x8 ./startup/startup_mk66f18.o
                0x0000000000004504                I2C0_IRQHandler
 .text.I2C1_IRQHandler
                0x000000000000450c        0x8 ./startup/startup_mk66f18.o
                0x000000000000450c                I2C1_IRQHandler
 .text.SPI0_IRQHandler
                0x0000000000004514        0x8 ./startup/startup_mk66f18.o
                0x0000000000004514                SPI0_IRQHandler
 .text.SPI1_IRQHandler
                0x000000000000451c        0x8 ./startup/startup_mk66f18.o
                0x000000000000451c                SPI1_IRQHandler
 .text.I2S0_Tx_IRQHandler
                0x0000000000004524        0x8 ./startup/startup_mk66f18.o
                0x0000000000004524                I2S0_Tx_IRQHandler
 .text.I2S0_Rx_IRQHandler
                0x000000000000452c        0x8 ./startup/startup_mk66f18.o
                0x000000000000452c                I2S0_Rx_IRQHandler
 .text.Reserved46_IRQHandler
                0x0000000000004534        0x8 ./startup/startup_mk66f18.o
                0x0000000000004534                Reserved46_IRQHandler
 .text.UART0_RX_TX_IRQHandler
                0x000000000000453c        0x8 ./startup/startup_mk66f18.o
                0x000000000000453c                UART0_RX_TX_IRQHandler
 .text.UART0_ERR_IRQHandler
                0x0000000000004544        0x8 ./startup/startup_mk66f18.o
                0x0000000000004544                UART0_ERR_IRQHandler
 .text.UART1_RX_TX_IRQHandler
                0x000000000000454c        0x8 ./startup/startup_mk66f18.o
                0x000000000000454c                UART1_RX_TX_IRQHandler
 .text.UART1_ERR_IRQHandler
                0x0000000000004554        0x8 ./startup/startup_mk66f18.o
                0x0000000000004554                UART1_ERR_IRQHandler
 .text.UART2_RX_TX_IRQHandler
                0x000000000000455c        0x8 ./startup/startup_mk66f18.o
                0x000000000000455c                UART2_RX_TX_IRQHandler
 .text.UART2_ERR_IRQHandler
                0x0000000000004564        0x8 ./startup/startup_mk66f18.o
                0x0000000000004564                UART2_ERR_IRQHandler
 .text.UART3_RX_TX_IRQHandler
                0x000000000000456c        0x8 ./startup/startup_mk66f18.o
                0x000000000000456c                UART3_RX_TX_IRQHandler
 .text.UART3_ERR_IRQHandler
                0x0000000000004574        0x8 ./startup/startup_mk66f18.o
                0x0000000000004574                UART3_ERR_IRQHandler
 .text.ADC0_IRQHandler
                0x000000000000457c        0x8 ./startup/startup_mk66f18.o
                0x000000000000457c                ADC0_IRQHandler
 .text.CMP0_IRQHandler
                0x0000000000004584        0x8 ./startup/startup_mk66f18.o
                0x0000000000004584                CMP0_IRQHandler
 .text.CMP1_IRQHandler
                0x000000000000458c        0x8 ./startup/startup_mk66f18.o
                0x000000000000458c                CMP1_IRQHandler
 .text.FTM0_IRQHandler
                0x0000000000004594        0x8 ./startup/startup_mk66f18.o
                0x0000000000004594                FTM0_IRQHandler
 .text.FTM1_IRQHandler
                0x000000000000459c        0x8 ./startup/startup_mk66f18.o
                0x000000000000459c                FTM1_IRQHandler
 .text.FTM2_IRQHandler
                0x00000000000045a4        0x8 ./startup/startup_mk66f18.o
                0x00000000000045a4                FTM2_IRQHandler
 .text.CMT_IRQHandler
                0x00000000000045ac        0x8 ./startup/startup_mk66f18.o
                0x00000000000045ac                CMT_IRQHandler
 .text.RTC_IRQHandler
                0x00000000000045b4        0x8 ./startup/startup_mk66f18.o
                0x00000000000045b4                RTC_IRQHandler
 .text.RTC_Seconds_IRQHandler
                0x00000000000045bc        0x8 ./startup/startup_mk66f18.o
                0x00000000000045bc                RTC_Seconds_IRQHandler
 .text.PIT0_IRQHandler
                0x00000000000045c4        0x8 ./startup/startup_mk66f18.o
                0x00000000000045c4                PIT0_IRQHandler
 .text.PIT1_IRQHandler
                0x00000000000045cc        0x8 ./startup/startup_mk66f18.o
                0x00000000000045cc                PIT1_IRQHandler
 .text.PIT2_IRQHandler
                0x00000000000045d4        0x8 ./startup/startup_mk66f18.o
                0x00000000000045d4                PIT2_IRQHandler
 .text.PIT3_IRQHandler
                0x00000000000045dc        0x8 ./startup/startup_mk66f18.o
                0x00000000000045dc                PIT3_IRQHandler
 .text.PDB0_IRQHandler
                0x00000000000045e4        0x8 ./startup/startup_mk66f18.o
                0x00000000000045e4                PDB0_IRQHandler
 .text.USB0_IRQHandler
                0x00000000000045ec        0x8 ./startup/startup_mk66f18.o
                0x00000000000045ec                USB0_IRQHandler
 .text.USBDCD_IRQHandler
                0x00000000000045f4        0x8 ./startup/startup_mk66f18.o
                0x00000000000045f4                USBDCD_IRQHandler
 .text.Reserved71_IRQHandler
                0x00000000000045fc        0x8 ./startup/startup_mk66f18.o
                0x00000000000045fc                Reserved71_IRQHandler
 .text.DAC0_IRQHandler
                0x0000000000004604        0x8 ./startup/startup_mk66f18.o
                0x0000000000004604                DAC0_IRQHandler
 .text.MCG_IRQHandler
                0x000000000000460c        0x8 ./startup/startup_mk66f18.o
                0x000000000000460c                MCG_IRQHandler
 .text.LPTMR0_IRQHandler
                0x0000000000004614        0x8 ./startup/startup_mk66f18.o
                0x0000000000004614                LPTMR0_IRQHandler
 .text.PORTA_IRQHandler
                0x000000000000461c        0x8 ./startup/startup_mk66f18.o
                0x000000000000461c                PORTA_IRQHandler
 .text.PORTB_IRQHandler
                0x0000000000004624        0x8 ./startup/startup_mk66f18.o
                0x0000000000004624                PORTB_IRQHandler
 .text.PORTC_IRQHandler
                0x000000000000462c        0x8 ./startup/startup_mk66f18.o
                0x000000000000462c                PORTC_IRQHandler
 .text.PORTD_IRQHandler
                0x0000000000004634        0x8 ./startup/startup_mk66f18.o
                0x0000000000004634                PORTD_IRQHandler
 .text.PORTE_IRQHandler
                0x000000000000463c        0x8 ./startup/startup_mk66f18.o
                0x000000000000463c                PORTE_IRQHandler
 .text.SWI_IRQHandler
                0x0000000000004644        0x8 ./startup/startup_mk66f18.o
                0x0000000000004644                SWI_IRQHandler
 .text.SPI2_IRQHandler
                0x000000000000464c        0x8 ./startup/startup_mk66f18.o
                0x000000000000464c                SPI2_IRQHandler
 .text.UART4_RX_TX_IRQHandler
                0x0000000000004654        0x8 ./startup/startup_mk66f18.o
                0x0000000000004654                UART4_RX_TX_IRQHandler
 .text.UART4_ERR_IRQHandler
                0x000000000000465c        0x8 ./startup/startup_mk66f18.o
                0x000000000000465c                UART4_ERR_IRQHandler
 .text.Reserved84_IRQHandler
                0x0000000000004664        0x8 ./startup/startup_mk66f18.o
                0x0000000000004664                Reserved84_IRQHandler
 .text.Reserved85_IRQHandler
                0x000000000000466c        0x8 ./startup/startup_mk66f18.o
                0x000000000000466c                Reserved85_IRQHandler
 .text.CMP2_IRQHandler
                0x0000000000004674        0x8 ./startup/startup_mk66f18.o
                0x0000000000004674                CMP2_IRQHandler
 .text.FTM3_IRQHandler
                0x000000000000467c        0x8 ./startup/startup_mk66f18.o
                0x000000000000467c                FTM3_IRQHandler
 .text.DAC1_IRQHandler
                0x0000000000004684        0x8 ./startup/startup_mk66f18.o
                0x0000000000004684                DAC1_IRQHandler
 .text.ADC1_IRQHandler
                0x000000000000468c        0x8 ./startup/startup_mk66f18.o
                0x000000000000468c                ADC1_IRQHandler
 .text.I2C2_IRQHandler
                0x0000000000004694        0x8 ./startup/startup_mk66f18.o
                0x0000000000004694                I2C2_IRQHandler
 .text.CAN0_ORed_Message_buffer_IRQHandler
                0x000000000000469c        0x8 ./startup/startup_mk66f18.o
                0x000000000000469c                CAN0_ORed_Message_buffer_IRQHandler
 .text.CAN0_Bus_Off_IRQHandler
                0x00000000000046a4        0x8 ./startup/startup_mk66f18.o
                0x00000000000046a4                CAN0_Bus_Off_IRQHandler
 .text.CAN0_Error_IRQHandler
                0x00000000000046ac        0x8 ./startup/startup_mk66f18.o
                0x00000000000046ac                CAN0_Error_IRQHandler
 .text.CAN0_Tx_Warning_IRQHandler
                0x00000000000046b4        0x8 ./startup/startup_mk66f18.o
                0x00000000000046b4                CAN0_Tx_Warning_IRQHandler
 .text.CAN0_Rx_Warning_IRQHandler
                0x00000000000046bc        0x8 ./startup/startup_mk66f18.o
                0x00000000000046bc                CAN0_Rx_Warning_IRQHandler
 .text.CAN0_Wake_Up_IRQHandler
                0x00000000000046c4        0x8 ./startup/startup_mk66f18.o
                0x00000000000046c4                CAN0_Wake_Up_IRQHandler
 .text.SDHC_IRQHandler
                0x00000000000046cc        0x8 ./startup/startup_mk66f18.o
                0x00000000000046cc                SDHC_IRQHandler
 .text.ENET_1588_Timer_IRQHandler
                0x00000000000046d4        0x8 ./startup/startup_mk66f18.o
                0x00000000000046d4                ENET_1588_Timer_IRQHandler
 .text.ENET_Transmit_IRQHandler
                0x00000000000046dc        0x8 ./startup/startup_mk66f18.o
                0x00000000000046dc                ENET_Transmit_IRQHandler
 .text.ENET_Receive_IRQHandler
                0x00000000000046e4        0x8 ./startup/startup_mk66f18.o
                0x00000000000046e4                ENET_Receive_IRQHandler
 .text.ENET_Error_IRQHandler
                0x00000000000046ec        0x8 ./startup/startup_mk66f18.o
                0x00000000000046ec                ENET_Error_IRQHandler
 .text.LPUART0_IRQHandler
                0x00000000000046f4        0x8 ./startup/startup_mk66f18.o
                0x00000000000046f4                LPUART0_IRQHandler
 .text.TSI0_IRQHandler
                0x00000000000046fc        0x8 ./startup/startup_mk66f18.o
                0x00000000000046fc                TSI0_IRQHandler
 .text.TPM1_IRQHandler
                0x0000000000004704        0x8 ./startup/startup_mk66f18.o
                0x0000000000004704                TPM1_IRQHandler
 .text.TPM2_IRQHandler
                0x000000000000470c        0x8 ./startup/startup_mk66f18.o
                0x000000000000470c                TPM2_IRQHandler
 .text.USBHSDCD_IRQHandler
                0x0000000000004714        0x8 ./startup/startup_mk66f18.o
                0x0000000000004714                USBHSDCD_IRQHandler
 .text.I2C3_IRQHandler
                0x000000000000471c        0x8 ./startup/startup_mk66f18.o
                0x000000000000471c                I2C3_IRQHandler
 .text.CMP3_IRQHandler
                0x0000000000004724        0x8 ./startup/startup_mk66f18.o
                0x0000000000004724                CMP3_IRQHandler
 .text.USBHS_IRQHandler
                0x000000000000472c        0x8 ./startup/startup_mk66f18.o
                0x000000000000472c                USBHS_IRQHandler
 .text.CAN1_ORed_Message_buffer_IRQHandler
                0x0000000000004734        0x8 ./startup/startup_mk66f18.o
                0x0000000000004734                CAN1_ORed_Message_buffer_IRQHandler
 .text.CAN1_Bus_Off_IRQHandler
                0x000000000000473c        0x8 ./startup/startup_mk66f18.o
                0x000000000000473c                CAN1_Bus_Off_IRQHandler
 .text.CAN1_Error_IRQHandler
                0x0000000000004744        0x8 ./startup/startup_mk66f18.o
                0x0000000000004744                CAN1_Error_IRQHandler
 .text.CAN1_Tx_Warning_IRQHandler
                0x000000000000474c        0x8 ./startup/startup_mk66f18.o
                0x000000000000474c                CAN1_Tx_Warning_IRQHandler
 .text.CAN1_Rx_Warning_IRQHandler
                0x0000000000004754        0x8 ./startup/startup_mk66f18.o
                0x0000000000004754                CAN1_Rx_Warning_IRQHandler
 .text.CAN1_Wake_Up_IRQHandler
                0x000000000000475c        0x8 ./startup/startup_mk66f18.o
                0x000000000000475c                CAN1_Wake_Up_IRQHandler
 .text.HardFault_Handler
                0x0000000000004764       0x2c ./source/semihost_hardfault.o
                0x0000000000004764                HardFault_Handler
 .text.vListInitialise
                0x0000000000004790       0x40 ./freertos/freertos_kernel/list.o
                0x0000000000004790                vListInitialise
 .text.vListInitialiseItem
                0x00000000000047d0       0x1a ./freertos/freertos_kernel/list.o
                0x00000000000047d0                vListInitialiseItem
 .text.vListInsertEnd
                0x00000000000047ea       0x48 ./freertos/freertos_kernel/list.o
                0x00000000000047ea                vListInsertEnd
 .text.vListInsert
                0x0000000000004832       0x72 ./freertos/freertos_kernel/list.o
                0x0000000000004832                vListInsert
 .text.uxListRemove
                0x00000000000048a4       0x54 ./freertos/freertos_kernel/list.o
                0x00000000000048a4                uxListRemove
 .text.xQueueGenericCreate
                0x00000000000048f8       0xbe ./freertos/freertos_kernel/queue.o
                0x00000000000048f8                xQueueGenericCreate
 .text.prvInitialiseNewQueue
                0x00000000000049b6       0x46 ./freertos/freertos_kernel/queue.o
 .text.xQueueCreateCountingSemaphore
                0x00000000000049fc       0x66 ./freertos/freertos_kernel/queue.o
                0x00000000000049fc                xQueueCreateCountingSemaphore
 .text.xQueueGenericSendFromISR
                0x0000000000004a62      0x154 ./freertos/freertos_kernel/queue.o
                0x0000000000004a62                xQueueGenericSendFromISR
 .text.prvGetDisinheritPriorityAfterTimeout
                0x0000000000004bb6       0x30 ./freertos/freertos_kernel/queue.o
 .text.prvCopyDataToQueue
                0x0000000000004be6       0xd4 ./freertos/freertos_kernel/queue.o
 .text.prvCopyDataFromQueue
                0x0000000000004cba       0x4c ./freertos/freertos_kernel/queue.o
 .text.prvUnlockQueue
                0x0000000000004d06       0xa4 ./freertos/freertos_kernel/queue.o
 .text.prvIsQueueEmpty
                0x0000000000004daa       0x2c ./freertos/freertos_kernel/queue.o
 .text.prvIsQueueFull
                0x0000000000004dd6       0x30 ./freertos/freertos_kernel/queue.o
 .text.vQueueWaitForMessageRestricted
                0x0000000000004e06       0x68 ./freertos/freertos_kernel/queue.o
                0x0000000000004e06                vQueueWaitForMessageRestricted
 .text.xTaskCreate
                0x0000000000004e6e       0x82 ./freertos/freertos_kernel/tasks.o
                0x0000000000004e6e                xTaskCreate
 .text.prvInitialiseNewTask
                0x0000000000004ef0      0x140 ./freertos/freertos_kernel/tasks.o
 .text.prvDeleteTCB
                0x0000000000005030       0x20 ./freertos/freertos_kernel/tasks.o
 .text.prvTimerTask
                0x0000000000005050       0x24 ./freertos/freertos_kernel/timers.o
 .text.OSC_SetExtRefClkConfig
                0x0000000000005074       0x40 ./drivers/fsl_clock.o
 .text.OSC_SetCapLoad
                0x00000000000050b4       0x34 ./drivers/fsl_clock.o
 .text.CLOCK_GetPll0RefFreq
                0x00000000000050e8        0xe ./drivers/fsl_clock.o
 .text.UART0_RX_TX_DriverIRQHandler
                0x00000000000050f6       0x12 ./drivers/fsl_uart.o
                0x00000000000050f6                UART0_RX_TX_DriverIRQHandler
 .text.UART1_RX_TX_DriverIRQHandler
                0x0000000000005108       0x12 ./drivers/fsl_uart.o
                0x0000000000005108                UART1_RX_TX_DriverIRQHandler
 .text.UART2_RX_TX_DriverIRQHandler
                0x000000000000511a       0x12 ./drivers/fsl_uart.o
                0x000000000000511a                UART2_RX_TX_DriverIRQHandler
 .text.UART3_RX_TX_DriverIRQHandler
                0x000000000000512c       0x12 ./drivers/fsl_uart.o
                0x000000000000512c                UART3_RX_TX_DriverIRQHandler
 .text.UART4_RX_TX_DriverIRQHandler
                0x000000000000513e       0x12 ./drivers/fsl_uart.o
                0x000000000000513e                UART4_RX_TX_DriverIRQHandler
 .text.SystemInitHook
                0x0000000000005150        0xe ./device/system_MK66F18.o
                0x0000000000005150                SystemInitHook
 .text.DbgConsole_Init
                0x000000000000515e       0x20 ./board/board.o
 .text.BOARD_InitDebugConsole
                0x000000000000517e       0x22 ./board/board.o
                0x000000000000517e                BOARD_InitDebugConsole
 .text.BOARD_InitBootClocks
                0x00000000000051a0        0xc ./board/clock_config.o
                0x00000000000051a0                BOARD_InitBootClocks
 .text.CLOCK_EnableClock
                0x00000000000051ac       0x34 ./board/pin_mux.o
 .text.PORT_SetPinMux
                0x00000000000051e0       0x3a ./board/pin_mux.o
 .text.BOARD_InitBootPins
                0x000000000000521a        0xc ./board/pin_mux.o
                0x000000000000521a                BOARD_InitBootPins
 .text.__main   0x0000000000005226        0xe /usr/local/mcuxpressoide-11.4.1_6260/ide/plugins/com.nxp.mcuxpresso.tools.linux_11.4.0.202103011116/tools/bin/../lib/gcc/arm-none-eabi/10.2.1/../../../../arm-none-eabi/lib/thumb/v7e-m+fp/hard/libcr_semihost_nf.a(_cr__main.o)
                0x0000000000005226                __main
                0x0000000000005226                __CR_SEMIHOST
 .text.memcpy   0x0000000000005234        0x4 /usr/local/mcuxpressoide-11.4.1_6260/ide/plugins/com.nxp.mcuxpresso.tools.linux_11.4.0.202103011116/tools/bin/../lib/gcc/arm-none-eabi/10.2.1/../../../../arm-none-eabi/lib/thumb/v7e-m+fp/hard/libcr_c.a(memcpy.o)
                0x0000000000005234                memcpy
 .text.memset   0x0000000000005238        0x4 /usr/local/mcuxpressoide-11.4.1_6260/ide/plugins/com.nxp.mcuxpresso.tools.linux_11.4.0.202103011116/tools/bin/../lib/gcc/arm-none-eabi/10.2.1/../../../../arm-none-eabi/lib/thumb/v7e-m+fp/hard/libcr_c.a(memset.o)
                0x0000000000005238                memset
 .text.free     0x000000000000523c       0x30 /usr/local/mcuxpressoide-11.4.1_6260/ide/plugins/com.nxp.mcuxpresso.tools.linux_11.4.0.202103011116/tools/bin/../lib/gcc/arm-none-eabi/10.2.1/../../../../arm-none-eabi/lib/thumb/v7e-m+fp/hard/libcr_c.a(alloc.o)
                0x000000000000523c                free
 .text.no_fp_display
                0x000000000000526c        0x4 /usr/local/mcuxpressoide-11.4.1_6260/ide/plugins/com.nxp.mcuxpresso.tools.linux_11.4.0.202103011116/tools/bin/../lib/gcc/arm-none-eabi/10.2.1/../../../../arm-none-eabi/lib/thumb/v7e-m+fp/hard/libcr_c.a(printf.o)
 .text.setvbuf  0x0000000000005270       0x3e /usr/local/mcuxpressoide-11.4.1_6260/ide/plugins/com.nxp.mcuxpresso.tools.linux_11.4.0.202103011116/tools/bin/../lib/gcc/arm-none-eabi/10.2.1/../../../../arm-none-eabi/lib/thumb/v7e-m+fp/hard/libcr_c.a(setvbuf.o)
                0x0000000000005270                setvbuf
 .text.strlen   0x00000000000052ae       0x48 /usr/local/mcuxpressoide-11.4.1_6260/ide/plugins/com.nxp.mcuxpresso.tools.linux_11.4.0.202103011116/tools/bin/../lib/gcc/arm-none-eabi/10.2.1/../../../../arm-none-eabi/lib/thumb/v7e-m+fp/hard/libcr_c.a(strlen.o)
                0x00000000000052ae                strlen
 .text._deferredlazyseek
                0x00000000000052f6       0x40 /usr/local/mcuxpressoide-11.4.1_6260/ide/plugins/com.nxp.mcuxpresso.tools.linux_11.4.0.202103011116/tools/bin/../lib/gcc/arm-none-eabi/10.2.1/../../../../arm-none-eabi/lib/thumb/v7e-m+fp/hard/libcr_c.a(_deferredlazyseek.o)
                0x00000000000052f6                _deferredlazyseek
 .text.__flsbuf
                0x0000000000005336      0x140 /usr/local/mcuxpressoide-11.4.1_6260/ide/plugins/com.nxp.mcuxpresso.tools.linux_11.4.0.202103011116/tools/bin/../lib/gcc/arm-none-eabi/10.2.1/../../../../arm-none-eabi/lib/thumb/v7e-m+fp/hard/libcr_c.a(_deferredlazyseek.o)
                0x0000000000005336                __flsbuf
 .text._fdopen  0x0000000000005476       0x68 /usr/local/mcuxpressoide-11.4.1_6260/ide/plugins/com.nxp.mcuxpresso.tools.linux_11.4.0.202103011116/tools/bin/../lib/gcc/arm-none-eabi/10.2.1/../../../../arm-none-eabi/lib/thumb/v7e-m+fp/hard/libcr_c.a(_fdopen.o)
                0x0000000000005476                _fdopen
 .text._fflush  0x00000000000054de       0x52 /usr/local/mcuxpressoide-11.4.1_6260/ide/plugins/com.nxp.mcuxpresso.tools.linux_11.4.0.202103011116/tools/bin/../lib/gcc/arm-none-eabi/10.2.1/../../../../arm-none-eabi/lib/thumb/v7e-m+fp/hard/libcr_c.a(_fflush.o)
                0x00000000000054de                _fflush
 .text.fclose   0x0000000000005530       0x58 /usr/local/mcuxpressoide-11.4.1_6260/ide/plugins/com.nxp.mcuxpresso.tools.linux_11.4.0.202103011116/tools/bin/../lib/gcc/arm-none-eabi/10.2.1/../../../../arm-none-eabi/lib/thumb/v7e-m+fp/hard/libcr_c.a(fclose.o)
                0x0000000000005530                fclose
 .text.remove   0x0000000000005588       0x14 /usr/local/mcuxpressoide-11.4.1_6260/ide/plugins/com.nxp.mcuxpresso.tools.linux_11.4.0.202103011116/tools/bin/../lib/gcc/arm-none-eabi/10.2.1/../../../../arm-none-eabi/lib/thumb/v7e-m+fp/hard/libcr_c.a(remove.o)
                0x0000000000005588                remove
 .text._do_fflush
                0x000000000000559c       0x40 /usr/local/mcuxpressoide-11.4.1_6260/ide/plugins/com.nxp.mcuxpresso.tools.linux_11.4.0.202103011116/tools/bin/../lib/gcc/arm-none-eabi/10.2.1/../../../../arm-none-eabi/lib/thumb/v7e-m+fp/hard/libcr_c.a(_do_fflush.o)
                0x000000000000559c                _do_fflush
 .text.__aeabi_memcpy
                0x00000000000055dc       0x34 /usr/local/mcuxpressoide-11.4.1_6260/ide/plugins/com.nxp.mcuxpresso.tools.linux_11.4.0.202103011116/tools/bin/../lib/gcc/arm-none-eabi/10.2.1/thumb/v7e-m+fp/hard/libcr_eabihelpers.a(memcpy.o)
                0x00000000000055dc                __aeabi_memcpy
                0x00000000000055e6                __aeabi_memcpy4
                0x00000000000055e6                __aeabi_memcpy8
 .text.__aeabi_memset_lowlevel
                0x0000000000005610       0x32 /usr/local/mcuxpressoide-11.4.1_6260/ide/plugins/com.nxp.mcuxpresso.tools.linux_11.4.0.202103011116/tools/bin/../lib/gcc/arm-none-eabi/10.2.1/thumb/v7e-m+fp/hard/libcr_eabihelpers.a(memcpy.o)
                0x0000000000005610                __aeabi_lowlevel_memset
 .text.__sys_close
                0x0000000000005642        0xc /usr/local/mcuxpressoide-11.4.1_6260/ide/plugins/com.nxp.mcuxpresso.tools.linux_11.4.0.202103011116/tools/bin/../lib/gcc/arm-none-eabi/10.2.1/../../../../arm-none-eabi/lib/thumb/v7e-m+fp/hard/libcr_semihost_nf.a(__sys_close.o)
                0x0000000000005642                __sys_close
 .text.__sys_flen
                0x000000000000564e        0xc /usr/local/mcuxpressoide-11.4.1_6260/ide/plugins/com.nxp.mcuxpresso.tools.linux_11.4.0.202103011116/tools/bin/../lib/gcc/arm-none-eabi/10.2.1/../../../../arm-none-eabi/lib/thumb/v7e-m+fp/hard/libcr_semihost_nf.a(__sys_flen.o)
                0x000000000000564e                __sys_flen
 .text.__sys_istty
                0x000000000000565a        0xc /usr/local/mcuxpressoide-11.4.1_6260/ide/plugins/com.nxp.mcuxpresso.tools.linux_11.4.0.202103011116/tools/bin/../lib/gcc/arm-none-eabi/10.2.1/../../../../arm-none-eabi/lib/thumb/v7e-m+fp/hard/libcr_semihost_nf.a(__sys_istty.o)
                0x000000000000565a                __sys_istty
 .text.__sys_remove
                0x0000000000005666        0xc /usr/local/mcuxpressoide-11.4.1_6260/ide/plugins/com.nxp.mcuxpresso.tools.linux_11.4.0.202103011116/tools/bin/../lib/gcc/arm-none-eabi/10.2.1/../../../../arm-none-eabi/lib/thumb/v7e-m+fp/hard/libcr_semihost_nf.a(__sys_remove.o)
                0x0000000000005666                __sys_remove
 .text.__sys_seek
                0x0000000000005672        0xc /usr/local/mcuxpressoide-11.4.1_6260/ide/plugins/com.nxp.mcuxpresso.tools.linux_11.4.0.202103011116/tools/bin/../lib/gcc/arm-none-eabi/10.2.1/../../../../arm-none-eabi/lib/thumb/v7e-m+fp/hard/libcr_semihost_nf.a(__sys_seek.o)
                0x0000000000005672                __sys_seek
 .text.__sys_tmpnam
                0x000000000000567e        0xc /usr/local/mcuxpressoide-11.4.1_6260/ide/plugins/com.nxp.mcuxpresso.tools.linux_11.4.0.202103011116/tools/bin/../lib/gcc/arm-none-eabi/10.2.1/../../../../arm-none-eabi/lib/thumb/v7e-m+fp/hard/libcr_semihost_nf.a(__sys_tmpnam.o)
                0x000000000000567e                __sys_tmpnam
 .text.__sys_write
                0x000000000000568a        0xc /usr/local/mcuxpressoide-11.4.1_6260/ide/plugins/com.nxp.mcuxpresso.tools.linux_11.4.0.202103011116/tools/bin/../lib/gcc/arm-none-eabi/10.2.1/../../../../arm-none-eabi/lib/thumb/v7e-m+fp/hard/libcr_semihost_nf.a(__sys_write.o)
                0x000000000000568a                __sys_write
 *freertos*/tasks.o(SORT_BY_ALIGNMENT(.rodata*))
 *fill*         0x0000000000005696        0x2 ff
 .rodata.vTaskStartScheduler.str1.4
                0x0000000000005698        0x5 ./freertos/freertos_kernel/tasks.o
 *fill*         0x000000000000569d        0x3 ff
 .rodata        0x00000000000056a0       0x1c ./freertos/freertos_kernel/tasks.o
                0x00000000000056a0                portArch_Name
                0x00000000000056a4                FreeRTOSDebugConfig
 *(SORT_BY_ALIGNMENT(.rodata) SORT_BY_ALIGNMENT(.rodata.*) SORT_BY_ALIGNMENT(.constdata) SORT_BY_ALIGNMENT(.constdata.*))
 .rodata.__assertion_failed.str1.4
                0x00000000000056bc       0x14 ./utilities/fsl_assert.o
 .rodata.main.str1.4
                0x00000000000056d0       0x31 ./source/freertos_hello.o
 *fill*         0x0000000000005701        0x3 ff
 .rodata.producer_sem.str1.4
                0x0000000000005704       0x27 ./source/freertos_hello.o
 *fill*         0x000000000000572b        0x1 ff
 .rodata.consumer_sem.str1.4
                0x000000000000572c       0x3e ./source/freertos_hello.o
 *fill*         0x000000000000576a        0x2 ff
 .rodata.consumer1_sem.str1.4
                0x000000000000576c       0x28 ./source/freertos_hello.o
 .rodata.consumer2_sem.str1.4
                0x0000000000005794       0x28 ./source/freertos_hello.o
 .rodata.xTimerCreateTimerTask.str1.4
                0x00000000000057bc        0x8 ./freertos/freertos_kernel/timers.o
 .rodata.prvCheckForValidListAndQueue.str1.4
                0x00000000000057c4        0x5 ./freertos/freertos_kernel/timers.o
 *fill*         0x00000000000057c9        0x3 ff
 .rodata.CLOCK_GetMcgExtClkFreq.str1.4
                0x00000000000057cc       0x4e ./drivers/fsl_clock.o
 *fill*         0x000000000000581a        0x2 ff
 .rodata.CLOCK_GetPll0Freq.str1.4
                0x000000000000581c       0x1e ./drivers/fsl_clock.o
 *fill*         0x000000000000583a        0x2 ff
 .rodata.CLOCK_EnablePll0.str1.4
                0x000000000000583c       0x1b ./drivers/fsl_clock.o
 *fill*         0x0000000000005857        0x1 ff
 .rodata.CLOCK_SetPbeMode.str1.4
                0x0000000000005858       0x1b ./drivers/fsl_clock.o
 *fill*         0x0000000000005873        0x1 ff
 .rodata.CLOCK_BootToPeeMode.str1.4
                0x0000000000005874       0x1b ./drivers/fsl_clock.o
 *fill*         0x000000000000588f        0x1 ff
 .rodata.fllFactorTable.1
                0x0000000000005890       0x10 ./drivers/fsl_clock.o
 .rodata.mcgConfig_BOARD_BootClockRUN
                0x00000000000058a0        0xc ./board/clock_config.o
                0x00000000000058a0                mcgConfig_BOARD_BootClockRUN
 .rodata.simConfig_BOARD_BootClockRUN
                0x00000000000058ac        0x8 ./board/clock_config.o
                0x00000000000058ac                simConfig_BOARD_BootClockRUN
 .rodata.oscConfig_BOARD_BootClockRUN
                0x00000000000058b4        0x8 ./board/clock_config.o
                0x00000000000058b4                oscConfig_BOARD_BootClockRUN
 .rodata.__num_Ciob_streams
                0x00000000000058bc        0x4 /usr/local/mcuxpressoide-11.4.1_6260/ide/plugins/com.nxp.mcuxpresso.tools.linux_11.4.0.202103011116/tools/bin/../lib/gcc/arm-none-eabi/10.2.1/../../../../arm-none-eabi/lib/thumb/v7e-m+fp/hard/libcr_semihost_nf.a(__ciob.o)
                0x00000000000058bc                __num_Ciob_streams
 .rodata._Csys_alloc.str1.1
                0x00000000000058c0       0x18 /usr/local/mcuxpressoide-11.4.1_6260/ide/plugins/com.nxp.mcuxpresso.tools.linux_11.4.0.202103011116/tools/bin/../lib/gcc/arm-none-eabi/10.2.1/../../../../arm-none-eabi/lib/thumb/v7e-m+fp/hard/libcr_c.a(alloc.o)
 .rodata._initio.str1.1
                0x00000000000058d8        0x4 /usr/local/mcuxpressoide-11.4.1_6260/ide/plugins/com.nxp.mcuxpresso.tools.linux_11.4.0.202103011116/tools/bin/../lib/gcc/arm-none-eabi/10.2.1/../../../../arm-none-eabi/lib/thumb/v7e-m+fp/hard/libcr_c.a(initio.o)
 .rodata.__vfprintf.str1.1
                0x00000000000058dc       0x37 /usr/local/mcuxpressoide-11.4.1_6260/ide/plugins/com.nxp.mcuxpresso.tools.linux_11.4.0.202103011116/tools/bin/../lib/gcc/arm-none-eabi/10.2.1/../../../../arm-none-eabi/lib/thumb/v7e-m+fp/hard/libcr_c.a(printf.o)
                                         0x38 (size before relaxing)
                0x0000000000005918                . = ALIGN (0x8)
 *fill*         0x0000000000005913        0x5 ff

.glue_7         0x0000000000005918        0x0
 .glue_7        0x0000000000005918        0x0 linker stubs

.glue_7t        0x0000000000005918        0x0
 .glue_7t       0x0000000000005918        0x0 linker stubs

.vfp11_veneer   0x0000000000005918        0x0
 .vfp11_veneer  0x0000000000005918        0x0 linker stubs

.v4_bx          0x0000000000005918        0x0
 .v4_bx         0x0000000000005918        0x0 linker stubs

.iplt           0x0000000000005918        0x0
 .iplt          0x0000000000005918        0x0 ./utilities/fsl_assert.o

.rel.dyn        0x0000000000005918        0x0
 .rel.iplt      0x0000000000005918        0x0 ./utilities/fsl_assert.o

.ARM.extab
 *(SORT_BY_ALIGNMENT(.ARM.extab*) SORT_BY_ALIGNMENT(.gnu.linkonce.armextab.*))

.ARM.exidx      0x0000000000005918        0x0
                0x0000000000005918                __exidx_start = .
 *(SORT_BY_ALIGNMENT(.ARM.exidx*) SORT_BY_ALIGNMENT(.gnu.linkonce.armexidx.*))
                0x0000000000005918                __exidx_end = .
                0x0000000000005918                _etext = .

.m_usb_data
 *(SORT_BY_ALIGNMENT(m_usb_bdt))

.data_RAM2      0x000000001fff0000        0x0 load address 0x0000000000005918
 FILL mask 0xff
                [!provide]                        PROVIDE (__start_data_RAM2 = .)
                [!provide]                        PROVIDE (__start_data_SRAM_LOWER = .)
 *(SORT_BY_ALIGNMENT(.ramfunc.$RAM2))
 *(SORT_BY_ALIGNMENT(.ramfunc.$SRAM_LOWER))
 *(SORT_BY_ALIGNMENT(NonCacheable.init))
 *(SORT_BY_ALIGNMENT(.data.$RAM2))
 *(SORT_BY_ALIGNMENT(.data.$SRAM_LOWER))
 *(SORT_BY_ALIGNMENT(.data.$RAM2.*))
 *(SORT_BY_ALIGNMENT(.data.$SRAM_LOWER.*))
                0x000000001fff0000                . = ALIGN (0x8)
                [!provide]                        PROVIDE (__end_data_RAM2 = .)
                [!provide]                        PROVIDE (__end_data_SRAM_LOWER = .)

.data_RAM3      0x0000000014000000        0x0 load address 0x0000000000005918
 FILL mask 0xff
                [!provide]                        PROVIDE (__start_data_RAM3 = .)
                [!provide]                        PROVIDE (__start_data_FLEX_RAM = .)
 *(SORT_BY_ALIGNMENT(.ramfunc.$RAM3))
 *(SORT_BY_ALIGNMENT(.ramfunc.$FLEX_RAM))
 *(SORT_BY_ALIGNMENT(.data.$RAM3))
 *(SORT_BY_ALIGNMENT(.data.$FLEX_RAM))
 *(SORT_BY_ALIGNMENT(.data.$RAM3.*))
 *(SORT_BY_ALIGNMENT(.data.$FLEX_RAM.*))
                0x0000000014000000                . = ALIGN (0x8)
                [!provide]                        PROVIDE (__end_data_RAM3 = .)
                [!provide]                        PROVIDE (__end_data_FLEX_RAM = .)

.uninit_RESERVED
                0x0000000020000000        0x0
                0x0000000020000000                _start_uninit_RESERVED = .
 *(SORT_BY_ALIGNMENT(.bss.$RESERVED*))
                0x0000000020000000                . = ALIGN (0x8)
                0x0000000020000000                _end_uninit_RESERVED = .

.data           0x0000000020000000       0x18 load address 0x0000000000005918
 FILL mask 0xff
                0x0000000020000000                _data = .
                [!provide]                        PROVIDE (__start_data_RAM = .)
                [!provide]                        PROVIDE (__start_data_SRAM_UPPER = .)
 *(SORT_BY_ALIGNMENT(vtable))
 *(SORT_BY_ALIGNMENT(.ramfunc*))
 *(SORT_BY_ALIGNMENT(CodeQuickAccess))
 *(SORT_BY_ALIGNMENT(DataQuickAccess))
 *(SORT_BY_ALIGNMENT(RamFunction))
 *(SORT_BY_ALIGNMENT(.data*))
 .data.uxCriticalNesting
                0x0000000020000000        0x4 ./freertos/freertos_kernel/portable/GCC/ARM_CM4F/port.o
 .data.uxTopUsedPriority
                0x0000000020000004        0x4 ./freertos/freertos_kernel/tasks.o
                0x0000000020000004                uxTopUsedPriority
 .data.s_slowIrcFreq
                0x0000000020000008        0x4 ./drivers/fsl_clock.o
 .data.s_fastIrcFreq
                0x000000002000000c        0x4 ./drivers/fsl_clock.o
 .data.SystemCoreClock
                0x0000000020000010        0x4 ./device/system_MK66F18.o
                0x0000000020000010                SystemCoreClock
                0x0000000020000018                . = ALIGN (0x8)
 *fill*         0x0000000020000014        0x4 ff
                0x0000000020000018                _edata = .
                [!provide]                        PROVIDE (__end_data_RAM = .)
                [!provide]                        PROVIDE (__end_data_SRAM_UPPER = .)

.igot.plt       0x0000000020000018        0x0 load address 0x0000000000005930
 .igot.plt      0x0000000020000018        0x0 ./utilities/fsl_assert.o

.bss_RAM2       0x000000001fff0000        0x0
                [!provide]                        PROVIDE (__start_bss_RAM2 = .)
                [!provide]                        PROVIDE (__start_bss_SRAM_LOWER = .)
 *(SORT_BY_ALIGNMENT(NonCacheable))
 *(SORT_BY_ALIGNMENT(.bss.$RAM2))
 *(SORT_BY_ALIGNMENT(.bss.$SRAM_LOWER))
 *(SORT_BY_ALIGNMENT(.bss.$RAM2.*))
 *(SORT_BY_ALIGNMENT(.bss.$SRAM_LOWER.*))
                0x000000001fff0000                . = ALIGN ((. != 0x0)?0x8:0x1)
                [!provide]                        PROVIDE (__end_bss_RAM2 = .)
                [!provide]                        PROVIDE (__end_bss_SRAM_LOWER = .)

.bss_RAM3       0x0000000014000000        0x0
                [!provide]                        PROVIDE (__start_bss_RAM3 = .)
                [!provide]                        PROVIDE (__start_bss_FLEX_RAM = .)
 *(SORT_BY_ALIGNMENT(.bss.$RAM3))
 *(SORT_BY_ALIGNMENT(.bss.$FLEX_RAM))
 *(SORT_BY_ALIGNMENT(.bss.$RAM3.*))
 *(SORT_BY_ALIGNMENT(.bss.$FLEX_RAM.*))
                0x0000000014000000                . = ALIGN ((. != 0x0)?0x8:0x1)
                [!provide]                        PROVIDE (__end_bss_RAM3 = .)
                [!provide]                        PROVIDE (__end_bss_FLEX_RAM = .)

.bss            0x0000000020000018     0x2a98
                0x0000000020000018                _bss = .
                [!provide]                        PROVIDE (__start_bss_RAM = .)
                [!provide]                        PROVIDE (__start_bss_SRAM_UPPER = .)
 *(SORT_BY_ALIGNMENT(.bss*))
 .bss.counter   0x0000000020000018        0x4 ./source/freertos_hello.o
                0x0000000020000018                counter
 .bss.ucHeap    0x000000002000001c     0x2800 ./freertos/freertos_kernel/portable/MemMang/heap_4.o
 .bss.xStart    0x000000002000281c        0x8 ./freertos/freertos_kernel/portable/MemMang/heap_4.o
 .bss.pxEnd     0x0000000020002824        0x4 ./freertos/freertos_kernel/portable/MemMang/heap_4.o
 .bss.xFreeBytesRemaining
                0x0000000020002828        0x4 ./freertos/freertos_kernel/portable/MemMang/heap_4.o
 .bss.xMinimumEverFreeBytesRemaining
                0x000000002000282c        0x4 ./freertos/freertos_kernel/portable/MemMang/heap_4.o
 .bss.xNumberOfSuccessfulAllocations
                0x0000000020002830        0x4 ./freertos/freertos_kernel/portable/MemMang/heap_4.o
 .bss.xNumberOfSuccessfulFrees
                0x0000000020002834        0x4 ./freertos/freertos_kernel/portable/MemMang/heap_4.o
 .bss.xBlockAllocatedBit
                0x0000000020002838        0x4 ./freertos/freertos_kernel/portable/MemMang/heap_4.o
 .bss.ulMaxPRIGROUPValue
                0x000000002000283c        0x4 ./freertos/freertos_kernel/portable/GCC/ARM_CM4F/port.o
 .bss.xQueueRegistry
                0x0000000020002840       0x40 ./freertos/freertos_kernel/queue.o
                0x0000000020002840                xQueueRegistry
 .bss.pxCurrentTCB
                0x0000000020002880        0x4 ./freertos/freertos_kernel/tasks.o
                0x0000000020002880                pxCurrentTCB
 .bss.pxReadyTasksLists
                0x0000000020002884       0x64 ./freertos/freertos_kernel/tasks.o
 .bss.xDelayedTaskList1
                0x00000000200028e8       0x14 ./freertos/freertos_kernel/tasks.o
 .bss.xDelayedTaskList2
                0x00000000200028fc       0x14 ./freertos/freertos_kernel/tasks.o
 .bss.pxDelayedTaskList
                0x0000000020002910        0x4 ./freertos/freertos_kernel/tasks.o
 .bss.pxOverflowDelayedTaskList
                0x0000000020002914        0x4 ./freertos/freertos_kernel/tasks.o
 .bss.xPendingReadyList
                0x0000000020002918       0x14 ./freertos/freertos_kernel/tasks.o
 .bss.xTasksWaitingTermination
                0x000000002000292c       0x14 ./freertos/freertos_kernel/tasks.o
 .bss.uxDeletedTasksWaitingCleanUp
                0x0000000020002940        0x4 ./freertos/freertos_kernel/tasks.o
 .bss.xSuspendedTaskList
                0x0000000020002944       0x14 ./freertos/freertos_kernel/tasks.o
 .bss.uxCurrentNumberOfTasks
                0x0000000020002958        0x4 ./freertos/freertos_kernel/tasks.o
 .bss.xTickCount
                0x000000002000295c        0x4 ./freertos/freertos_kernel/tasks.o
 .bss.uxTopReadyPriority
                0x0000000020002960        0x4 ./freertos/freertos_kernel/tasks.o
 .bss.xSchedulerRunning
                0x0000000020002964        0x4 ./freertos/freertos_kernel/tasks.o
 .bss.xPendedTicks
                0x0000000020002968        0x4 ./freertos/freertos_kernel/tasks.o
 .bss.xYieldPending
                0x000000002000296c        0x4 ./freertos/freertos_kernel/tasks.o
 .bss.xNumOfOverflows
                0x0000000020002970        0x4 ./freertos/freertos_kernel/tasks.o
 .bss.uxTaskNumber
                0x0000000020002974        0x4 ./freertos/freertos_kernel/tasks.o
 .bss.xNextTaskUnblockTime
                0x0000000020002978        0x4 ./freertos/freertos_kernel/tasks.o
 .bss.xIdleTaskHandle
                0x000000002000297c        0x4 ./freertos/freertos_kernel/tasks.o
 .bss.uxSchedulerSuspended
                0x0000000020002980        0x4 ./freertos/freertos_kernel/tasks.o
 .bss.xActiveTimerList1
                0x0000000020002984       0x14 ./freertos/freertos_kernel/timers.o
 .bss.xActiveTimerList2
                0x0000000020002998       0x14 ./freertos/freertos_kernel/timers.o
 .bss.pxCurrentTimerList
                0x00000000200029ac        0x4 ./freertos/freertos_kernel/timers.o
 .bss.pxOverflowTimerList
                0x00000000200029b0        0x4 ./freertos/freertos_kernel/timers.o
 .bss.xTimerQueue
                0x00000000200029b4        0x4 ./freertos/freertos_kernel/timers.o
 .bss.xTimerTaskHandle
                0x00000000200029b8        0x4 ./freertos/freertos_kernel/timers.o
 .bss.xLastTime.0
                0x00000000200029bc        0x4 ./freertos/freertos_kernel/timers.o
 .bss.s_extPllFreq
                0x00000000200029c0        0x4 ./drivers/fsl_clock.o
 .bss.g_xtal0Freq
                0x00000000200029c4        0x4 ./drivers/fsl_clock.o
                0x00000000200029c4                g_xtal0Freq
 .bss.g_xtal32Freq
                0x00000000200029c8        0x4 ./drivers/fsl_clock.o
                0x00000000200029c8                g_xtal32Freq
 .bss.s_lpuartHandle
                0x00000000200029cc        0x4 ./drivers/fsl_lpuart.o
                0x00000000200029cc                s_lpuartHandle
 .bss.s_lpuartIsr
                0x00000000200029d0        0x4 ./drivers/fsl_lpuart.o
                0x00000000200029d0                s_lpuartIsr
 .bss.s_uartHandle
                0x00000000200029d4       0x14 ./drivers/fsl_uart.o
                0x00000000200029d4                s_uartHandle
 .bss.s_uartIsr
                0x00000000200029e8        0x4 ./drivers/fsl_uart.o
                0x00000000200029e8                s_uartIsr
 .bss.errno     0x00000000200029ec        0x4 /usr/local/mcuxpressoide-11.4.1_6260/ide/plugins/com.nxp.mcuxpresso.tools.linux_11.4.0.202103011116/tools/bin/../lib/gcc/arm-none-eabi/10.2.1/../../../../arm-none-eabi/lib/thumb/v7e-m+fp/hard/libcr_c.a(errno.o)
                0x00000000200029ec                errno
 .bss.__end_of_heap
                0x00000000200029f0        0x4 /usr/local/mcuxpressoide-11.4.1_6260/ide/plugins/com.nxp.mcuxpresso.tools.linux_11.4.0.202103011116/tools/bin/../lib/gcc/arm-none-eabi/10.2.1/../../../../arm-none-eabi/lib/thumb/v7e-m+fp/hard/libcr_c.a(__init_alloc.o)
                0x00000000200029f0                __end_of_heap
 .bss.__heaps   0x00000000200029f4        0x4 /usr/local/mcuxpressoide-11.4.1_6260/ide/plugins/com.nxp.mcuxpresso.tools.linux_11.4.0.202103011116/tools/bin/../lib/gcc/arm-none-eabi/10.2.1/../../../../arm-none-eabi/lib/thumb/v7e-m+fp/hard/libcr_c.a(__init_alloc.o)
                0x00000000200029f4                __heaps
 .bss.__Ciob    0x00000000200029f8       0xb4 /usr/local/mcuxpressoide-11.4.1_6260/ide/plugins/com.nxp.mcuxpresso.tools.linux_11.4.0.202103011116/tools/bin/../lib/gcc/arm-none-eabi/10.2.1/../../../../arm-none-eabi/lib/thumb/v7e-m+fp/hard/libcr_semihost_nf.a(__ciob.o)
                0x00000000200029f8                __Ciob
 .bss.ucMaxSysCallPriority
                0x0000000020002aac        0x1 ./freertos/freertos_kernel/portable/GCC/ARM_CM4F/port.o
 *(SORT_BY_ALIGNMENT(COMMON))
                0x0000000020002ab0                . = ALIGN (0x8)
 *fill*         0x0000000020002aad        0x3 
                0x0000000020002ab0                _ebss = .
                [!provide]                        PROVIDE (__end_bss_RAM = .)
                [!provide]                        PROVIDE (__end_bss_SRAM_UPPER = .)
                [!provide]                        PROVIDE (end = .)

.noinit_RAM2    0x000000001fff0000        0x0
                [!provide]                        PROVIDE (__start_noinit_RAM2 = .)
                [!provide]                        PROVIDE (__start_noinit_SRAM_LOWER = .)
 *(SORT_BY_ALIGNMENT(.noinit.$RAM2))
 *(SORT_BY_ALIGNMENT(.noinit.$SRAM_LOWER))
 *(SORT_BY_ALIGNMENT(.noinit.$RAM2.*))
 *(SORT_BY_ALIGNMENT(.noinit.$SRAM_LOWER.*))
                0x000000001fff0000                . = ALIGN (0x8)
                [!provide]                        PROVIDE (__end_noinit_RAM2 = .)
                [!provide]                        PROVIDE (__end_noinit_SRAM_LOWER = .)

.noinit_RAM3    0x0000000014000000        0x0
                [!provide]                        PROVIDE (__start_noinit_RAM3 = .)
                [!provide]                        PROVIDE (__start_noinit_FLEX_RAM = .)
 *(SORT_BY_ALIGNMENT(.noinit.$RAM3))
 *(SORT_BY_ALIGNMENT(.noinit.$FLEX_RAM))
 *(SORT_BY_ALIGNMENT(.noinit.$RAM3.*))
 *(SORT_BY_ALIGNMENT(.noinit.$FLEX_RAM.*))
                0x0000000014000000                . = ALIGN (0x8)
                [!provide]                        PROVIDE (__end_noinit_RAM3 = .)
                [!provide]                        PROVIDE (__end_noinit_FLEX_RAM = .)

.noinit         0x0000000020002ab0        0x0
                0x0000000020002ab0                _noinit = .
                [!provide]                        PROVIDE (__start_noinit_RAM = .)
                [!provide]                        PROVIDE (__start_noinit_SRAM_UPPER = .)
 *(SORT_BY_ALIGNMENT(.noinit*))
                0x0000000020002ab0                . = ALIGN (0x8)
                0x0000000020002ab0                _end_noinit = .
                [!provide]                        PROVIDE (__end_noinit_RAM = .)
                [!provide]                        PROVIDE (__end_noinit_SRAM_UPPER = .)
                0x0000000000001000                _HeapSize = 0x1000

.heap           0x0000000020002ab0     0x1000
                0x0000000020002ab0                _pvHeapStart = .
                0x0000000020003ab0                . = (. + _HeapSize)
 *fill*         0x0000000020002ab0     0x1000 
                0x0000000020003ab0                . = ALIGN (0x8)
                0x0000000020003ab0                _pvHeapLimit = .
                0x0000000000001000                _StackSize = 0x1000

.heap2stackfill
                0x0000000020003ab0     0x1000
                0x0000000020004ab0                . = (. + _StackSize)
 *fill*         0x0000000020003ab0     0x1000 

.stack          0x000000002002f000        0x0
                0x000000002002f000                _vStackBase = .
                0x000000002002f000                . = ALIGN (0x8)
                0x0000000020030000                _vStackTop = (. + _StackSize)
                0x0000000000000000                _image_start = LOADADDR (.text)
                0x0000000000005930                _image_end = (LOADADDR (.data) + SIZEOF (.data))
                0x0000000000005930                _image_size = (_image_end - _image_start)
OUTPUT(frdmk66f_freertos_hello.axf elf32-littlearm)
LOAD linker stubs

.debug_info     0x0000000000000000     0xec44
 .debug_info    0x0000000000000000       0xaa ./utilities/fsl_assert.o
 .debug_info    0x00000000000000aa      0xa44 ./startup/startup_mk66f18.o
 .debug_info    0x0000000000000aee      0x5ac ./source/freertos_hello.o
 .debug_info    0x000000000000109a       0x3c ./source/semihost_hardfault.o
 .debug_info    0x00000000000010d6      0x4c1 ./freertos/freertos_kernel/portable/MemMang/heap_4.o
 .debug_info    0x0000000000001597      0x4d9 ./freertos/freertos_kernel/portable/GCC/ARM_CM4F/port.o
 .debug_info    0x0000000000001a70      0x2be ./freertos/freertos_kernel/list.o
 .debug_info    0x0000000000001d2e     0x1725 ./freertos/freertos_kernel/queue.o
 .debug_info    0x0000000000003453     0x220f ./freertos/freertos_kernel/tasks.o
 .debug_info    0x0000000000005662      0xe72 ./freertos/freertos_kernel/timers.o
 .debug_info    0x00000000000064d4     0x2938 ./drivers/fsl_clock.o
 .debug_info    0x0000000000008e0c     0x1e2f ./drivers/fsl_lpuart.o
 .debug_info    0x000000000000ac3b     0x2086 ./drivers/fsl_uart.o
 .debug_info    0x000000000000ccc1      0xa4e ./device/system_MK66F18.o
 .debug_info    0x000000000000d70f      0x19e ./board/board.o
 .debug_info    0x000000000000d8ad      0xcec ./board/clock_config.o
 .debug_info    0x000000000000e599      0x6ab ./board/pin_mux.o

.debug_abbrev   0x0000000000000000     0x2134
 .debug_abbrev  0x0000000000000000       0x66 ./utilities/fsl_assert.o
 .debug_abbrev  0x0000000000000066      0x185 ./startup/startup_mk66f18.o
 .debug_abbrev  0x00000000000001eb       0xf1 ./source/freertos_hello.o
 .debug_abbrev  0x00000000000002dc       0x31 ./source/semihost_hardfault.o
 .debug_abbrev  0x000000000000030d      0x1d7 ./freertos/freertos_kernel/portable/MemMang/heap_4.o
 .debug_abbrev  0x00000000000004e4      0x231 ./freertos/freertos_kernel/portable/GCC/ARM_CM4F/port.o
 .debug_abbrev  0x0000000000000715       0xf2 ./freertos/freertos_kernel/list.o
 .debug_abbrev  0x0000000000000807      0x278 ./freertos/freertos_kernel/queue.o
 .debug_abbrev  0x0000000000000a7f      0x311 ./freertos/freertos_kernel/tasks.o
 .debug_abbrev  0x0000000000000d90      0x24b ./freertos/freertos_kernel/timers.o
 .debug_abbrev  0x0000000000000fdb      0x362 ./drivers/fsl_clock.o
 .debug_abbrev  0x000000000000133d      0x410 ./drivers/fsl_lpuart.o
 .debug_abbrev  0x000000000000174d      0x42e ./drivers/fsl_uart.o
 .debug_abbrev  0x0000000000001b7b      0x148 ./device/system_MK66F18.o
 .debug_abbrev  0x0000000000001cc3       0xd4 ./board/board.o
 .debug_abbrev  0x0000000000001d97      0x214 ./board/clock_config.o
 .debug_abbrev  0x0000000000001fab      0x189 ./board/pin_mux.o

.debug_aranges  0x0000000000000000      0xf80
 .debug_aranges
                0x0000000000000000       0x20 ./utilities/fsl_assert.o
 .debug_aranges
                0x0000000000000020      0x3a0 ./startup/startup_mk66f18.o
 .debug_aranges
                0x00000000000003c0       0x40 ./source/freertos_hello.o
 .debug_aranges
                0x0000000000000400       0x20 ./source/semihost_hardfault.o
 .debug_aranges
                0x0000000000000420       0x58 ./freertos/freertos_kernel/portable/MemMang/heap_4.o
 .debug_aranges
                0x0000000000000478       0x80 ./freertos/freertos_kernel/portable/GCC/ARM_CM4F/port.o
 .debug_aranges
                0x00000000000004f8       0x40 ./freertos/freertos_kernel/list.o
 .debug_aranges
                0x0000000000000538      0x130 ./freertos/freertos_kernel/queue.o
 .debug_aranges
                0x0000000000000668      0x208 ./freertos/freertos_kernel/tasks.o
 .debug_aranges
                0x0000000000000870       0xe8 ./freertos/freertos_kernel/timers.o
 .debug_aranges
                0x0000000000000958      0x258 ./drivers/fsl_clock.o
 .debug_aranges
                0x0000000000000bb0      0x138 ./drivers/fsl_lpuart.o
 .debug_aranges
                0x0000000000000ce8      0x1a8 ./drivers/fsl_uart.o
 .debug_aranges
                0x0000000000000e90       0x30 ./device/system_MK66F18.o
 .debug_aranges
                0x0000000000000ec0       0x28 ./board/board.o
 .debug_aranges
                0x0000000000000ee8       0x60 ./board/clock_config.o
 .debug_aranges
                0x0000000000000f48       0x38 ./board/pin_mux.o

.debug_ranges   0x0000000000000000      0xe70
 .debug_ranges  0x0000000000000000       0x10 ./utilities/fsl_assert.o
 .debug_ranges  0x0000000000000010      0x390 ./startup/startup_mk66f18.o
 .debug_ranges  0x00000000000003a0       0x30 ./source/freertos_hello.o
 .debug_ranges  0x00000000000003d0       0x10 ./source/semihost_hardfault.o
 .debug_ranges  0x00000000000003e0       0x48 ./freertos/freertos_kernel/portable/MemMang/heap_4.o
 .debug_ranges  0x0000000000000428       0x70 ./freertos/freertos_kernel/portable/GCC/ARM_CM4F/port.o
 .debug_ranges  0x0000000000000498       0x30 ./freertos/freertos_kernel/list.o
 .debug_ranges  0x00000000000004c8      0x120 ./freertos/freertos_kernel/queue.o
 .debug_ranges  0x00000000000005e8      0x1f8 ./freertos/freertos_kernel/tasks.o
 .debug_ranges  0x00000000000007e0       0xd8 ./freertos/freertos_kernel/timers.o
 .debug_ranges  0x00000000000008b8      0x248 ./drivers/fsl_clock.o
 .debug_ranges  0x0000000000000b00      0x128 ./drivers/fsl_lpuart.o
 .debug_ranges  0x0000000000000c28      0x198 ./drivers/fsl_uart.o
 .debug_ranges  0x0000000000000dc0       0x20 ./device/system_MK66F18.o
 .debug_ranges  0x0000000000000de0       0x18 ./board/board.o
 .debug_ranges  0x0000000000000df8       0x50 ./board/clock_config.o
 .debug_ranges  0x0000000000000e48       0x28 ./board/pin_mux.o

.debug_macro    0x0000000000000000    0x1be4a
 .debug_macro   0x0000000000000000      0x1ab ./utilities/fsl_assert.o
 .debug_macro   0x00000000000001ab      0xac0 ./utilities/fsl_assert.o
 .debug_macro   0x0000000000000c6b       0x10 ./utilities/fsl_assert.o
 .debug_macro   0x0000000000000c7b       0x1c ./utilities/fsl_assert.o
 .debug_macro   0x0000000000000c97       0x22 ./utilities/fsl_assert.o
 .debug_macro   0x0000000000000cb9      0x12e ./utilities/fsl_assert.o
 .debug_macro   0x0000000000000de7      0x5b3 ./utilities/fsl_assert.o
 .debug_macro   0x000000000000139a       0x22 ./utilities/fsl_assert.o
 .debug_macro   0x00000000000013bc       0x10 ./utilities/fsl_assert.o
 .debug_macro   0x00000000000013cc       0x56 ./utilities/fsl_assert.o
 .debug_macro   0x0000000000001422       0x1c ./utilities/fsl_assert.o
 .debug_macro   0x000000000000143e       0x22 ./utilities/fsl_assert.o
 .debug_macro   0x0000000000001460       0xfb ./utilities/fsl_assert.o
 .debug_macro   0x000000000000155b      0xeeb ./utilities/fsl_assert.o
 .debug_macro   0x0000000000002446       0x40 ./utilities/fsl_assert.o
 .debug_macro   0x0000000000002486    0x1626f ./utilities/fsl_assert.o
 .debug_macro   0x00000000000186f5     0x149b ./utilities/fsl_assert.o
 .debug_macro   0x0000000000019b90       0x7a ./utilities/fsl_assert.o
 .debug_macro   0x0000000000019c0a       0xa8 ./utilities/fsl_assert.o
 .debug_macro   0x0000000000019cb2      0x190 ./utilities/fsl_assert.o
 .debug_macro   0x0000000000019e42       0x58 ./utilities/fsl_assert.o
 .debug_macro   0x0000000000019e9a      0x198 ./utilities/fsl_assert.o
 .debug_macro   0x000000000001a032      0x15a ./utilities/fsl_assert.o
 .debug_macro   0x000000000001a18c       0xea ./utilities/fsl_assert.o
 .debug_macro   0x000000000001a276       0x1c ./utilities/fsl_assert.o
 .debug_macro   0x000000000001a292       0x26 ./utilities/fsl_assert.o
 .debug_macro   0x000000000001a2b8      0x3ae ./utilities/fsl_assert.o
 .debug_macro   0x000000000001a666       0x3a ./utilities/fsl_assert.o
 .debug_macro   0x000000000001a6a0       0x10 ./utilities/fsl_assert.o
 .debug_macro   0x000000000001a6b0       0x66 ./utilities/fsl_assert.o
 .debug_macro   0x000000000001a716       0x16 ./utilities/fsl_assert.o
 .debug_macro   0x000000000001a72c       0xd2 ./utilities/fsl_assert.o
 .debug_macro   0x000000000001a7fe       0x1c ./utilities/fsl_assert.o
 .debug_macro   0x000000000001a81a       0x29 ./startup/startup_mk66f18.o
 .debug_macro   0x000000000001a843      0x222 ./source/freertos_hello.o
 .debug_macro   0x000000000001aa65       0x16 ./source/freertos_hello.o
 .debug_macro   0x000000000001aa7b       0x97 ./source/freertos_hello.o
 .debug_macro   0x000000000001ab12       0x1c ./source/freertos_hello.o
 .debug_macro   0x000000000001ab2e       0x10 ./source/freertos_hello.o
 .debug_macro   0x000000000001ab3e       0x22 ./source/freertos_hello.o
 .debug_macro   0x000000000001ab60       0x16 ./source/freertos_hello.o
 .debug_macro   0x000000000001ab76       0x16 ./source/freertos_hello.o
 .debug_macro   0x000000000001ab8c      0x24f ./source/freertos_hello.o
 .debug_macro   0x000000000001addb       0x11 ./source/semihost_hardfault.o
 .debug_macro   0x000000000001adec       0xdf ./freertos/freertos_kernel/portable/MemMang/heap_4.o
 .debug_macro   0x000000000001aecb      0x179 ./freertos/freertos_kernel/portable/GCC/ARM_CM4F/port.o
 .debug_macro   0x000000000001b044       0xc4 ./freertos/freertos_kernel/list.o
 .debug_macro   0x000000000001b108      0x12b ./freertos/freertos_kernel/queue.o
 .debug_macro   0x000000000001b233      0x192 ./freertos/freertos_kernel/tasks.o
 .debug_macro   0x000000000001b3c5       0x10 ./freertos/freertos_kernel/tasks.o
 .debug_macro   0x000000000001b3d5       0x16 ./freertos/freertos_kernel/tasks.o
 .debug_macro   0x000000000001b3eb      0x10d ./freertos/freertos_kernel/timers.o
 .debug_macro   0x000000000001b4f8      0x1e4 ./drivers/fsl_clock.o
 .debug_macro   0x000000000001b6dc      0x121 ./drivers/fsl_lpuart.o
 .debug_macro   0x000000000001b7fd       0x10 ./drivers/fsl_lpuart.o
 .debug_macro   0x000000000001b80d      0x127 ./drivers/fsl_uart.o
 .debug_macro   0x000000000001b934       0x10 ./drivers/fsl_uart.o
 .debug_macro   0x000000000001b944       0x98 ./device/system_MK66F18.o
 .debug_macro   0x000000000001b9dc      0x1e1 ./board/board.o
 .debug_macro   0x000000000001bbbd       0x1c ./board/board.o
 .debug_macro   0x000000000001bbd9      0x153 ./board/clock_config.o
 .debug_macro   0x000000000001bd2c      0x11e ./board/pin_mux.o

.debug_line     0x0000000000000000     0xb0cb
 .debug_line    0x0000000000000000      0x607 ./utilities/fsl_assert.o
 .debug_line    0x0000000000000607      0xa61 ./startup/startup_mk66f18.o
 .debug_line    0x0000000000001068      0x836 ./source/freertos_hello.o
 .debug_line    0x000000000000189e       0x59 ./source/semihost_hardfault.o
 .debug_line    0x00000000000018f7      0x68c ./freertos/freertos_kernel/portable/MemMang/heap_4.o
 .debug_line    0x0000000000001f83      0x66a ./freertos/freertos_kernel/portable/GCC/ARM_CM4F/port.o
 .debug_line    0x00000000000025ed      0x441 ./freertos/freertos_kernel/list.o
 .debug_line    0x0000000000002a2e     0x12c7 ./freertos/freertos_kernel/queue.o
 .debug_line    0x0000000000003cf5     0x1a12 ./freertos/freertos_kernel/tasks.o
 .debug_line    0x0000000000005707      0xa28 ./freertos/freertos_kernel/timers.o
 .debug_line    0x000000000000612f     0x182d ./drivers/fsl_clock.o
 .debug_line    0x000000000000795c      0xfd1 ./drivers/fsl_lpuart.o
 .debug_line    0x000000000000892d     0x145e ./drivers/fsl_uart.o
 .debug_line    0x0000000000009d8b      0x42c ./device/system_MK66F18.o
 .debug_line    0x000000000000a1b7      0x697 ./board/board.o
 .debug_line    0x000000000000a84e      0x499 ./board/clock_config.o
 .debug_line    0x000000000000ace7      0x3e4 ./board/pin_mux.o

.debug_str      0x0000000000000000    0xc56dd
 .debug_str     0x0000000000000000    0xb85dc ./utilities/fsl_assert.o
                                      0xb8679 (size before relaxing)
 .debug_str     0x00000000000b85dc      0x92e ./startup/startup_mk66f18.o
                                       0x37e2 (size before relaxing)
 .debug_str     0x00000000000b8f0a     0x49ff ./source/freertos_hello.o