/home/ds/Documents/MCUXpresso_11.4.1_6260/workspace/frdmk66f_hello_world_lab1-problem2/drivers/fsl_uart.h:667:23:UART_ReadByte	16	static
/home/ds/Documents/MCUXpresso_11.4.1_6260/workspace/frdmk66f_hello_world_lab1-problem2/drivers/fsl_ftm.h:700:20:FTM_StartTimer	24	static
/home/ds/Documents/MCUXpresso_11.4.1_6260/workspace/frdmk66f_hello_world_lab1-problem2/drivers/fsl_ftm.h:996:20:FTM_SetSoftwareTrigger	16	static
../source/hello_world.c:38:6:setupPWM	64	static
../source/hello_world.c:68:6:updatePWM_dutyCycle	32	static
../source/hello_world.c:94:6:setupUART2	24	static
../source/hello_world.c:106:6:setupUART3	24	static
../source/hello_world.c:121:6:UART4_RX_TX_IRQHandler	8	static
../source/hello_world.c:128:6:updateServo	24	static
../source/hello_world.c:135:6:updateMotor	24	static
../source/hello_world.c:142:6:zeros	24	static
../source/hello_world.c:149:5:main	64	static
