Archive member included to satisfy reference by file (symbol)

/usr/local/mcuxpressoide-11.4.1_6260/ide/plugins/com.nxp.mcuxpresso.tools.linux_11.4.0.202103011116/tools/bin/../lib/gcc/arm-none-eabi/10.2.1/../../../../arm-none-eabi/lib/thumb/v7e-m+fp/hard/libcr_semihost_nf.a(__ciob.o)
                              ./source/hello_world.o (__Ciob)
/usr/local/mcuxpressoide-11.4.1_6260/ide/plugins/com.nxp.mcuxpresso.tools.linux_11.4.0.202103011116/tools/bin/../lib/gcc/arm-none-eabi/10.2.1/../../../../arm-none-eabi/lib/thumb/v7e-m+fp/hard/libcr_semihost_nf.a(_cr__main.o)
                              ./startup/startup_mk66f18.o (__main)
/usr/local/mcuxpressoide-11.4.1_6260/ide/plugins/com.nxp.mcuxpresso.tools.linux_11.4.0.202103011116/tools/bin/../lib/gcc/arm-none-eabi/10.2.1/../../../../arm-none-eabi/lib/thumb/v7e-m+fp/hard/libcr_c.a(memcpy.o)
                              ./drivers/fsl_ftfx_cache.o (memcpy)
/usr/local/mcuxpressoide-11.4.1_6260/ide/plugins/com.nxp.mcuxpresso.tools.linux_11.4.0.202103011116/tools/bin/../lib/gcc/arm-none-eabi/10.2.1/../../../../arm-none-eabi/lib/thumb/v7e-m+fp/hard/libcr_c.a(memset.o)
                              ./drivers/fsl_ftfx_cache.o (memset)
/usr/local/mcuxpressoide-11.4.1_6260/ide/plugins/com.nxp.mcuxpresso.tools.linux_11.4.0.202103011116/tools/bin/../lib/gcc/arm-none-eabi/10.2.1/../../../../arm-none-eabi/lib/thumb/v7e-m+fp/hard/libcr_c.a(_deferredlazyseek.o)
                              ./source/hello_world.o (__flsbuf)
/usr/local/mcuxpressoide-11.4.1_6260/ide/plugins/com.nxp.mcuxpresso.tools.linux_11.4.0.202103011116/tools/bin/../lib/gcc/arm-none-eabi/10.2.1/../../../../arm-none-eabi/lib/thumb/v7e-m+fp/hard/libcr_c.a(_fflush.o)
                              /usr/local/mcuxpressoide-11.4.1_6260/ide/plugins/com.nxp.mcuxpresso.tools.linux_11.4.0.202103011116/tools/bin/../lib/gcc/arm-none-eabi/10.2.1/../../../../arm-none-eabi/lib/thumb/v7e-m+fp/hard/libcr_c.a(_deferredlazyseek.o) (_fflush)
/usr/local/mcuxpressoide-11.4.1_6260/ide/plugins/com.nxp.mcuxpresso.tools.linux_11.4.0.202103011116/tools/bin/../lib/gcc/arm-none-eabi/10.2.1/../../../../arm-none-eabi/lib/thumb/v7e-m+fp/hard/libcr_c.a(_writebuf.o)
                              /usr/local/mcuxpressoide-11.4.1_6260/ide/plugins/com.nxp.mcuxpresso.tools.linux_11.4.0.202103011116/tools/bin/../lib/gcc/arm-none-eabi/10.2.1/../../../../arm-none-eabi/lib/thumb/v7e-m+fp/hard/libcr_c.a(_deferredlazyseek.o) (_Cwritebuf)
/usr/local/mcuxpressoide-11.4.1_6260/ide/plugins/com.nxp.mcuxpresso.tools.linux_11.4.0.202103011116/tools/bin/../lib/gcc/arm-none-eabi/10.2.1/../../../../arm-none-eabi/lib/thumb/v7e-m+fp/hard/libcr_c.a(alloc.o)
                              ./drivers/fsl_common.o (malloc)
/usr/local/mcuxpressoide-11.4.1_6260/ide/plugins/com.nxp.mcuxpresso.tools.linux_11.4.0.202103011116/tools/bin/../lib/gcc/arm-none-eabi/10.2.1/../../../../arm-none-eabi/lib/thumb/v7e-m+fp/hard/libcr_c.a(fseek.o)
                              /usr/local/mcuxpressoide-11.4.1_6260/ide/plugins/com.nxp.mcuxpresso.tools.linux_11.4.0.202103011116/tools/bin/../lib/gcc/arm-none-eabi/10.2.1/../../../../arm-none-eabi/lib/thumb/v7e-m+fp/hard/libcr_c.a(_deferredlazyseek.o) (fseek)
/usr/local/mcuxpressoide-11.4.1_6260/ide/plugins/com.nxp.mcuxpresso.tools.linux_11.4.0.202103011116/tools/bin/../lib/gcc/arm-none-eabi/10.2.1/../../../../arm-none-eabi/lib/thumb/v7e-m+fp/hard/libcr_c.a(ftell.o)
                              /usr/local/mcuxpressoide-11.4.1_6260/ide/plugins/com.nxp.mcuxpresso.tools.linux_11.4.0.202103011116/tools/bin/../lib/gcc/arm-none-eabi/10.2.1/../../../../arm-none-eabi/lib/thumb/v7e-m+fp/hard/libcr_c.a(fseek.o) (ftell)
/usr/local/mcuxpressoide-11.4.1_6260/ide/plugins/com.nxp.mcuxpresso.tools.linux_11.4.0.202103011116/tools/bin/../lib/gcc/arm-none-eabi/10.2.1/../../../../arm-none-eabi/lib/thumb/v7e-m+fp/hard/libcr_c.a(initio.o)
                              /usr/local/mcuxpressoide-11.4.1_6260/ide/plugins/com.nxp.mcuxpresso.tools.linux_11.4.0.202103011116/tools/bin/../lib/gcc/arm-none-eabi/10.2.1/../../../../arm-none-eabi/lib/thumb/v7e-m+fp/hard/libcr_semihost_nf.a(_cr__main.o) (_initio)
/usr/local/mcuxpressoide-11.4.1_6260/ide/plugins/com.nxp.mcuxpresso.tools.linux_11.4.0.202103011116/tools/bin/../lib/gcc/arm-none-eabi/10.2.1/../../../../arm-none-eabi/lib/thumb/v7e-m+fp/hard/libcr_c.a(printf.o)
                              ./utilities/fsl_assert.o (_printf)
/usr/local/mcuxpressoide-11.4.1_6260/ide/plugins/com.nxp.mcuxpresso.tools.linux_11.4.0.202103011116/tools/bin/../lib/gcc/arm-none-eabi/10.2.1/../../../../arm-none-eabi/lib/thumb/v7e-m+fp/hard/libcr_c.a(scanf.o)
                              ./source/hello_world.o (atof)
/usr/local/mcuxpressoide-11.4.1_6260/ide/plugins/com.nxp.mcuxpresso.tools.linux_11.4.0.202103011116/tools/bin/../lib/gcc/arm-none-eabi/10.2.1/../../../../arm-none-eabi/lib/thumb/v7e-m+fp/hard/libcr_c.a(setvbuf.o)
[...]
Memory Configuration

Name             Origin             Length             Attributes
PROGRAM_FLASH    0x0000000000000000 0x0000000000200000 xr
SRAM_UPPER       0x0000000020000000 0x0000000000030000 xrw
SRAM_LOWER       0x000000001fff0000 0x0000000000010000 xrw
FLEX_RAM         0x0000000014000000 0x0000000000001000 xrw
*default*        0x0000000000000000 0xffffffffffffffff

Linker script and memory map

LOAD ./utilities/fsl_assert.o
LOAD ./utilities/fsl_debug_console.o
LOAD ./startup/startup_mk66f18.o
LOAD ./source/hello_world.o
LOAD ./source/semihost_hardfault.o
LOAD ./drivers/fsl_clock.o
LOAD ./drivers/fsl_common.o
LOAD ./drivers/fsl_common_arm.o
LOAD ./drivers/fsl_ftfx_cache.o
LOAD ./drivers/fsl_ftfx_controller.o
LOAD ./drivers/fsl_ftfx_flash.o
LOAD ./drivers/fsl_ftfx_flexnvm.o
LOAD ./drivers/fsl_ftm.o
LOAD ./drivers/fsl_gpio.o
LOAD ./drivers/fsl_lpuart.o
LOAD ./drivers/fsl_smc.o
LOAD ./drivers/fsl_uart.o
LOAD ./device/system_MK66F18.o
LOAD ./component/uart/fsl_adapter_uart.o
LOAD ./component/lists/fsl_component_generic_list.o
LOAD ./board/board.o
LOAD ./board/clock_config.o
LOAD ./board/pin_mux.o
START GROUP
LOAD /usr/local/mcuxpressoide-11.4.1_6260/ide/plugins/com.nxp.mcuxpresso.tools.linux_11.4.0.202103011116/tools/bin/../lib/gcc/arm-none-eabi/10.2.1/../../../../arm-none-eabi/lib/thumb/v7e-m+fp/hard/libcr_semihost_nf.a
LOAD /usr/local/mcuxpressoide-11.4.1_6260/ide/plugins/com.nxp.mcuxpresso.tools.linux_11.4.0.202103011116/tools/bin/../lib/gcc/arm-none-eabi/10.2.1/../../../../arm-none-eabi/lib/thumb/v7e-m+fp/hard/libcr_c.a
LOAD /usr/local/mcuxpressoide-11.4.1_6260/ide/plugins/com.nxp.mcuxpresso.tools.linux_11.4.0.202103011116/tools/bin/../lib/gcc/arm-none-eabi/10.2.1/thumb/v7e-m+fp/hard/libcr_eabihelpers.a
LOAD /usr/local/mcuxpressoide-11.4.1_6260/ide/plugins/com.nxp.mcuxpresso.tools.linux_11.4.0.202103011116/tools/bin/../lib/gcc/arm-none-eabi/10.2.1/thumb/v7e-m+fp/hard/libgcc.a
END GROUP
                0x0000000000000000                __base_PROGRAM_FLASH = 0x0
                0x0000000000000000                __base_Flash = 0x0
                0x0000000000200000                __top_PROGRAM_FLASH = 0x200000
                0x0000000000200000                __top_Flash = 0x200000
                0x0000000020000000                __base_SRAM_UPPER = 0x20000000
                0x0000000020000000                __base_RAM = 0x20000000
                0x0000000020030000                __top_SRAM_UPPER = 0x20030000
                0x0000000020030000                __top_RAM = 0x20030000
                0x000000001fff0000                __base_SRAM_LOWER = 0x1fff0000
                0x000000001fff0000                __base_RAM2 = 0x1fff0000
                0x0000000020000000                __top_SRAM_LOWER = 0x20000000
                0x0000000020000000                __top_RAM2 = 0x20000000
                0x0000000014000000                __base_FLEX_RAM = 0x14000000
                0x0000000014000000                __base_RAM3 = 0x14000000
                0x0000000014001000                __top_FLEX_RAM = 0x14001000
                0x0000000014001000                __top_RAM3 = 0x14001000

.text           0x0000000000000000     0x5630
 FILL mask 0xff
                0x0000000000000000                __vectors_start__ = ABSOLUTE (.)
 *(SORT_BY_ALIGNMENT(.isr_vector))
 .isr_vector    0x0000000000000000      0x1d0 ./startup/startup_mk66f18.o
                0x0000000000000000                __Vectors
                0x0000000000000000                g_pfnVectors
                0x00000000000001d0                . = ALIGN (0x4)
                0x00000000000001d0                __section_table_start = .
                0x00000000000001d0                __data_section_table = .
                0x00000000000001d0        0x4 LONG 0x5630 LOADADDR (.data)
                0x00000000000001d4        0x4 LONG 0x20000000 ADDR (.data)
                0x00000000000001d8        0x4 LONG 0x18 SIZEOF (.data)
                0x00000000000001dc        0x4 LONG 0x5630 LOADADDR (.data_RAM2)
                0x00000000000001e0        0x4 LONG 0x1fff0000 ADDR (.data_RAM2)
                0x00000000000001e4        0x4 LONG 0x0 SIZEOF (.data_RAM2)
                0x00000000000001e8        0x4 LONG 0x5630 LOADADDR (.data_RAM3)
                0x00000000000001ec        0x4 LONG 0x14000000 ADDR (.data_RAM3)
                0x00000000000001f0        0x4 LONG 0x0 SIZEOF (.data_RAM3)
                0x00000000000001f4                __data_section_table_end = .
                0x00000000000001f4                __bss_section_table = .
                0x00000000000001f4        0x4 LONG 0x20000018 ADDR (.bss)
                0x00000000000001f8        0x4 LONG 0xf8 SIZEOF (.bss)
                0x00000000000001fc        0x4 LONG 0x1fff0000 ADDR (.bss_RAM2)
                0x0000000000000200        0x4 LONG 0x0 SIZEOF (.bss_RAM2)
                0x0000000000000204        0x4 LONG 0x14000000 ADDR (.bss_RAM3)
                0x0000000000000208        0x4 LONG 0x0 SIZEOF (.bss_RAM3)
                0x000000000000020c                __bss_section_table_end = .
                0x000000000000020c                __section_table_end = .
 *(SORT_BY_ALIGNMENT(.after_vectors*))
 .after_vectors.reset
                0x000000000000020c       0x4c ./startup/startup_mk66f18.o
                0x000000000000020c                ResetISR
 .after_vectors.init_data
                0x0000000000000258       0x1e ./startup/startup_mk66f18.o
                0x0000000000000258                data_init
 .after_vectors.init_bss
                0x0000000000000276       0x12 ./startup/startup_mk66f18.o
                0x0000000000000276                bss_init
 .after_vectors
                0x0000000000000288       0x14 ./startup/startup_mk66f18.o
                0x0000000000000288                NMI_Handler
                0x000000000000028c                MemManage_Handler
                0x000000000000028e                BusFault_Handler
                0x0000000000000290                UsageFault_Handler
                0x0000000000000292                SVC_Handler
                0x0000000000000294                DebugMon_Handler
                0x0000000000000296                PendSV_Handler
                0x0000000000000298                SysTick_Handler
                0x000000000000029a                DMA13_DMA29_DriverIRQHandler
                0x000000000000029a                PORTB_DriverIRQHandler
                0x000000000000029a                SPI1_DriverIRQHandler
                0x000000000000029a                LPTMR0_DriverIRQHandler
                0x000000000000029a                DMA_Error_DriverIRQHandler
                0x000000000000029a                FTM1_DriverIRQHandler
                0x000000000000029a                FTM2_DriverIRQHandler
                0x000000000000029a                PIT2_DriverIRQHandler
                0x000000000000029a                TPM2_DriverIRQHandler
                0x000000000000029a                SDHC_DriverIRQHandler
                0x000000000000029a                DMA7_DMA23_DriverIRQHandler
                0x000000000000029a                I2C3_DriverIRQHandler
                0x000000000000029a                I2S0_Tx_DriverIRQHandler
                0x000000000000029a                TSI0_DriverIRQHandler
                0x000000000000029a                RTC_Seconds_DriverIRQHandler
                0x000000000000029a                CMP3_DriverIRQHandler
                0x000000000000029a                LLWU_DriverIRQHandler
                0x000000000000029a                MCM_DriverIRQHandler
                0x000000000000029a                DMA14_DMA30_DriverIRQHandler
                0x000000000000029a                MCG_DriverIRQHandler
                0x000000000000029a                ENET_1588_Timer_DriverIRQHandler
                0x000000000000029a                I2C2_DriverIRQHandler
                0x000000000000029a                DAC1_DriverIRQHandler
                0x000000000000029a                CMP1_DriverIRQHandler
                0x000000000000029a                USBHSDCD_DriverIRQHandler
                0x000000000000029a                DMA0_DMA16_DriverIRQHandler
                0x000000000000029a                FTM0_DriverIRQHandler
                0x000000000000029a                IntDefaultHandler
                0x000000000000029a                USB0_DriverIRQHandler
                0x000000000000029a                PORTC_DriverIRQHandler
                0x000000000000029a                DMA2_DMA18_DriverIRQHandler
                0x000000000000029a                DAC0_DriverIRQHandler
                0x000000000000029a                CMP2_DriverIRQHandler
                0x000000000000029a                UART2_ERR_DriverIRQHandler
                0x000000000000029a                SPI2_DriverIRQHandler
                0x000000000000029a                LVD_LVW_DriverIRQHandler
                0x000000000000029a                Reserved84_DriverIRQHandler
                0x000000000000029a                PIT0_DriverIRQHandler
                0x000000000000029a                RNG_DriverIRQHandler
                0x000000000000029a                USBDCD_DriverIRQHandler
                0x000000000000029a                UART3_ERR_DriverIRQHandler
                0x000000000000029a                DMA12_DMA28_DriverIRQHandler
                0x000000000000029a                DMA10_DMA26_DriverIRQHandler
                0x000000000000029a                UART0_ERR_DriverIRQHandler
                0x000000000000029a                CMT_DriverIRQHandler
                0x000000000000029a                Reserved71_DriverIRQHandler
                0x000000000000029a                ADC1_DriverIRQHandler
                0x000000000000029a                PORTA_DriverIRQHandler
                0x000000000000029a                DMA1_DMA17_DriverIRQHandler
                0x000000000000029a                PIT3_DriverIRQHandler
                0x000000000000029a                PIT1_DriverIRQHandler
                0x000000000000029a                TPM1_DriverIRQHandler
                0x000000000000029a                WDOG_EWM_DriverIRQHandler
                0x000000000000029a                PDB0_DriverIRQHandler
                0x000000000000029a                DMA8_DMA24_DriverIRQHandler
                0x000000000000029a                DMA6_DMA22_DriverIRQHandler
                0x000000000000029a                RTC_DriverIRQHandler
                0x000000000000029a                I2S0_Rx_DriverIRQHandler
                0x000000000000029a                Read_Collision_DriverIRQHandler
                0x000000000000029a                SWI_DriverIRQHandler
                0x000000000000029a                UART4_ERR_DriverIRQHandler
                0x000000000000029a                DMA11_DMA27_DriverIRQHandler
                0x000000000000029a                DMA4_DMA20_DriverIRQHandler
                0x000000000000029a                DMA9_DMA25_DriverIRQHandler
                0x000000000000029a                I2C1_DriverIRQHandler
                0x000000000000029a                ENET_Receive_DriverIRQHandler
                0x000000000000029a                DMA3_DMA19_DriverIRQHandler
                0x000000000000029a                ENET_Error_DriverIRQHandler
                0x000000000000029a                Reserved85_DriverIRQHandler
                0x000000000000029a                SPI0_DriverIRQHandler
                0x000000000000029a                ADC0_DriverIRQHandler
                0x000000000000029a                USBHS_DriverIRQHandler
                0x000000000000029a                CMP0_DriverIRQHandler
                0x000000000000029a                CAN0_DriverIRQHandler
                0x000000000000029a                FTM3_DriverIRQHandler
                0x000000000000029a                DMA5_DMA21_DriverIRQHandler
                0x000000000000029a                DMA15_DMA31_DriverIRQHandler
                0x000000000000029a                UART1_ERR_DriverIRQHandler
                0x000000000000029a                ENET_Transmit_DriverIRQHandler
                0x000000000000029a                PORTD_DriverIRQHandler
                0x000000000000029a                Reserved46_DriverIRQHandler
                0x000000000000029a                PORTE_DriverIRQHandler
                0x000000000000029a                FTFE_DriverIRQHandler
                0x000000000000029a                I2C0_DriverIRQHandler
                0x000000000000029a                CAN1_DriverIRQHandler
                0x0000000000000400                . = 0x400
 *fill*         0x000000000000029c      0x164 ff
                0x0000000000000400                PROVIDE (__FLASH_CONFIG_START__ = .)
 *(SORT_BY_ALIGNMENT(.FlashConfig))
 .FlashConfig   0x0000000000000400       0x10 ./startup/startup_mk66f18.o
                0x0000000000000400                Flash_Config
                0x0000000000000410                PROVIDE (__FLASH_CONFIG_END__ = .)
                0x0000000000000001                ASSERT (! ((__FLASH_CONFIG_START__ == __FLASH_CONFIG_END__)), Linker Flash Config Support Enabled, but no .FlashConfig section provided within application)
 *(SORT_BY_ALIGNMENT(.text*))
 .text.updateServo
                0x0000000000000410       0x94 ./source/hello_world.o
                0x0000000000000410                updateServo
 *fill*         0x00000000000004a4        0x4 ff
 .text.updateMotor
                0x00000000000004a8       0x74 ./source/hello_world.o
                0x00000000000004a8                updateMotor
 *fill*         0x000000000000051c        0x4 ff
 .text.vfscanf  0x0000000000000520      0x990 /usr/local/mcuxpressoide-11.4.1_6260/ide/plugins/com.nxp.mcuxpresso.tools.linux_11.4.0.202103011116/tools/bin/../lib/gcc/arm-none-eabi/10.2.1/../../../../arm-none-eabi/lib/thumb/v7e-m+fp/hard/libcr_c.a(scanf.o)
                0x0000000000000520                vfscanf
 .text.strtod   0x0000000000000eb0       0x3c /usr/local/mcuxpressoide-11.4.1_6260/ide/plugins/com.nxp.mcuxpresso.tools.linux_11.4.0.202103011116/tools/bin/../lib/gcc/arm-none-eabi/10.2.1/../../../../arm-none-eabi/lib/thumb/v7e-m+fp/hard/libcr_c.a(scanf.o)
                0x0000000000000eb0                strtod
 *fill*         0x0000000000000eec        0x4 ff
 .text._frexpl  0x0000000000000ef0       0x68 /usr/local/mcuxpressoide-11.4.1_6260/ide/plugins/com.nxp.mcuxpresso.tools.linux_11.4.0.202103011116/tools/bin/../lib/gcc/arm-none-eabi/10.2.1/../../../../arm-none-eabi/lib/thumb/v7e-m+fp/hard/libcr_c.a(_frexpl.o)
                0x0000000000000ef0                _frexpl
 .text._ldexpl  0x0000000000000f58       0x5c /usr/local/mcuxpressoide-11.4.1_6260/ide/plugins/com.nxp.mcuxpresso.tools.linux_11.4.0.202103011116/tools/bin/../lib/gcc/arm-none-eabi/10.2.1/../../../../arm-none-eabi/lib/thumb/v7e-m+fp/hard/libcr_c.a(_ldexpl.o)
                0x0000000000000f58                _ldexpl
 .text.__assertion_failed
                0x0000000000000fb4       0x18 ./utilities/fsl_assert.o
                0x0000000000000fb4                __assertion_failed
 .text.setupPWM
                0x0000000000000fcc       0xa4 ./source/hello_world.o
                0x0000000000000fcc                setupPWM
 .text.updatePWM_dutyCycle
                0x0000000000001070       0x74 ./source/hello_world.o
                0x0000000000001070                updatePWM_dutyCycle
 .text.setupUART3
                0x00000000000010e4       0x44 ./source/hello_world.o
                0x00000000000010e4                setupUART3
 .text.UART4_RX_TX_IRQHandler
                0x0000000000001128       0x30 ./source/hello_world.o
                0x0000000000001128                UART4_RX_TX_IRQHandler
 .text.main     0x0000000000001158      0x194 ./source/hello_world.o
                0x0000000000001158                main
 .text.CLOCK_SetEr32kClock
                0x00000000000012ec       0x30 ./drivers/fsl_clock.o
 .text.CLOCK_SetPllFllSelClock
                0x000000000000131c       0x54 ./drivers/fsl_clock.o
 .text.CLOCK_GetMcgExtClkFreq
                0x0000000000001370       0x7c ./drivers/fsl_clock.o
 .text.CLOCK_GetFllExtRefClkFreq
                0x00000000000013ec       0xb0 ./drivers/fsl_clock.o
 .text.CLOCK_GetInternalRefClkSelectFreq
                0x000000000000149c       0x4c ./drivers/fsl_clock.o
 .text.CLOCK_GetFllRefClkFreq
                0x00000000000014e8       0x34 ./drivers/fsl_clock.o
 .text.CLOCK_GetOsc0ErClkUndivFreq
                0x000000000000151c       0x44 ./drivers/fsl_clock.o
                0x000000000000151c                CLOCK_GetOsc0ErClkUndivFreq
 .text.CLOCK_GetOsc0ErClkDivFreq
                0x0000000000001560       0x58 ./drivers/fsl_clock.o
                0x0000000000001560                CLOCK_GetOsc0ErClkDivFreq
 .text.CLOCK_GetEr32kClkFreq
                0x00000000000015b8       0x74 ./drivers/fsl_clock.o
                0x00000000000015b8                CLOCK_GetEr32kClkFreq
 .text.CLOCK_GetPllFllSelClkFreq
                0x000000000000162c       0x90 ./drivers/fsl_clock.o
                0x000000000000162c                CLOCK_GetPllFllSelClkFreq
 .text.CLOCK_GetCoreSysClkFreq
                0x00000000000016bc       0x28 ./drivers/fsl_clock.o
                0x00000000000016bc                CLOCK_GetCoreSysClkFreq
 .text.CLOCK_GetFreq
                0x00000000000016e4      0x148 ./drivers/fsl_clock.o
                0x00000000000016e4                CLOCK_GetFreq
 .text.CLOCK_SetSimConfig
                0x000000000000182c       0x40 ./drivers/fsl_clock.o
                0x000000000000182c                CLOCK_SetSimConfig
 .text.CLOCK_GetOutClkFreq
                0x000000000000186c       0x90 ./drivers/fsl_clock.o
                0x000000000000186c                CLOCK_GetOutClkFreq
 .text.CLOCK_GetFllFreq
                0x00000000000018fc       0x84 ./drivers/fsl_clock.o
                0x00000000000018fc                CLOCK_GetFllFreq
 .text.CLOCK_GetInternalRefClkFreq
                0x0000000000001980       0x30 ./drivers/fsl_clock.o
                0x0000000000001980                CLOCK_GetInternalRefClkFreq
 .text.CLOCK_GetPll0Freq
                0x00000000000019b0       0x7c ./drivers/fsl_clock.o
                0x00000000000019b0                CLOCK_GetPll0Freq
 .text.CLOCK_GetExtPllFreq
                0x0000000000001a2c       0x18 ./drivers/fsl_clock.o
                0x0000000000001a2c                CLOCK_GetExtPllFreq
 .text.CLOCK_SetExternalRefClkConfig
                0x0000000000001a44       0x6c ./drivers/fsl_clock.o
                0x0000000000001a44                CLOCK_SetExternalRefClkConfig
 .text.CLOCK_SetInternalRefClkConfig
                0x0000000000001ab0      0x104 ./drivers/fsl_clock.o
                0x0000000000001ab0                CLOCK_SetInternalRefClkConfig
 .text.FTM_GetInstance
                0x0000000000001bb4       0x54 ./drivers/fsl_ftm.o
 .text.FTM_SetPwmSync
                0x0000000000001c08      0x140 ./drivers/fsl_ftm.o
 .text.FTM_SetReloadPoints
                0x0000000000001d48      0x138 ./drivers/fsl_ftm.o
 .text.FTM_Init
                0x0000000000001e80       0xf4 ./drivers/fsl_ftm.o
                0x0000000000001e80                FTM_Init
 .text.FTM_GetDefaultConfig
                0x0000000000001f74       0x74 ./drivers/fsl_ftm.o
                0x0000000000001f74                FTM_GetDefaultConfig
 .text.FTM_SetupPwm
                0x0000000000001fe8      0x328 ./drivers/fsl_ftm.o
                0x0000000000001fe8                FTM_SetupPwm
 .text.LPUART0_DriverIRQHandler
                0x0000000000002310       0x28 ./drivers/fsl_lpuart.o
                0x0000000000002310                LPUART0_DriverIRQHandler
 .text.UART_GetInstance
                0x0000000000002338       0x54 ./drivers/fsl_uart.o
                0x0000000000002338                UART_GetInstance
 .text.UART_Init
                0x000000000000238c      0x2f4 ./drivers/fsl_uart.o
                0x000000000000238c                UART_Init
 .text.UART_GetDefaultConfig
                0x0000000000002680       0x68 ./drivers/fsl_uart.o
                0x0000000000002680                UART_GetDefaultConfig
 .text.UART_ReadBlocking
                0x00000000000026e8       0xfc ./drivers/fsl_uart.o
                0x00000000000026e8                UART_ReadBlocking
 .text.UART0_DriverIRQHandler
                0x00000000000027e4       0x28 ./drivers/fsl_uart.o
                0x00000000000027e4                UART0_DriverIRQHandler
 .text.UART1_DriverIRQHandler
                0x000000000000280c       0x28 ./drivers/fsl_uart.o
                0x000000000000280c                UART1_DriverIRQHandler
 .text.UART2_DriverIRQHandler
                0x0000000000002834       0x28 ./drivers/fsl_uart.o
                0x0000000000002834                UART2_DriverIRQHandler
 .text.UART3_DriverIRQHandler
                0x000000000000285c       0x28 ./drivers/fsl_uart.o
                0x000000000000285c                UART3_DriverIRQHandler
 .text.SystemInit
                0x0000000000002884       0x3c ./device/system_MK66F18.o
                0x0000000000002884                SystemInit
 .text.CLOCK_SetSimSafeDivs
                0x00000000000028c0       0x24 ./board/clock_config.o
 .text.CLOCK_CONFIG_SetFllExtRefDiv
                0x00000000000028e4       0x3c ./board/clock_config.o
 .text.BOARD_BootClockRUN
                0x0000000000002920       0x3c ./board/clock_config.o
                0x0000000000002920                BOARD_BootClockRUN
 .text.BOARD_InitPins
                0x000000000000295c       0x70 ./board/pin_mux.o
                0x000000000000295c                BOARD_InitPins
 .text._Cwritebuf
                0x00000000000029cc       0x6c /usr/local/mcuxpressoide-11.4.1_6260/ide/plugins/com.nxp.mcuxpresso.tools.linux_11.4.0.202103011116/tools/bin/../lib/gcc/arm-none-eabi/10.2.1/../../../../arm-none-eabi/lib/thumb/v7e-m+fp/hard/libcr_c.a(_writebuf.o)
                0x00000000000029cc                _Cwritebuf
 .text.malloc   0x0000000000002a38       0xc8 /usr/local/mcuxpressoide-11.4.1_6260/ide/plugins/com.nxp.mcuxpresso.tools.linux_11.4.0.202103011116/tools/bin/../lib/gcc/arm-none-eabi/10.2.1/../../../../arm-none-eabi/lib/thumb/v7e-m+fp/hard/libcr_c.a(alloc.o)
                0x0000000000002a38                malloc
 .text._Csys_alloc
                0x0000000000002b00       0x20 /usr/local/mcuxpressoide-11.4.1_6260/ide/plugins/com.nxp.mcuxpresso.tools.linux_11.4.0.202103011116/tools/bin/../lib/gcc/arm-none-eabi/10.2.1/../../../../arm-none-eabi/lib/thumb/v7e-m+fp/hard/libcr_c.a(alloc.o)
                0x0000000000002b00                _Csys_alloc
 .text.fseek    0x0000000000002b20      0x100 /usr/local/mcuxpressoide-11.4.1_6260/ide/plugins/com.nxp.mcuxpresso.tools.linux_11.4.0.202103011116/tools/bin/../lib/gcc/arm-none-eabi/10.2.1/../../../../arm-none-eabi/lib/thumb/v7e-m+fp/hard/libcr_c.a(fseek.o)
                0x0000000000002b20                fseek
 .text.ftell    0x0000000000002c20       0x44 /usr/local/mcuxpressoide-11.4.1_6260/ide/plugins/com.nxp.mcuxpresso.tools.linux_11.4.0.202103011116/tools/bin/../lib/gcc/arm-none-eabi/10.2.1/../../../../arm-none-eabi/lib/thumb/v7e-m+fp/hard/libcr_c.a(ftell.o)
                0x0000000000002c20                ftell
 .text._initio  0x0000000000002c64       0x78 /usr/local/mcuxpressoide-11.4.1_6260/ide/plugins/com.nxp.mcuxpresso.tools.linux_11.4.0.202103011116/tools/bin/../lib/gcc/arm-none-eabi/10.2.1/../../../../arm-none-eabi/lib/thumb/v7e-m+fp/hard/libcr_c.a(initio.o)
                0x0000000000002c64                _initio
 .text.__vfprintf
                0x0000000000002cdc      0xbf4 /usr/local/mcuxpressoide-11.4.1_6260/ide/plugins/com.nxp.mcuxpresso.tools.linux_11.4.0.202103011116/tools/bin/../lib/gcc/arm-none-eabi/10.2.1/../../../../arm-none-eabi/lib/thumb/v7e-m+fp/hard/libcr_c.a(printf.o)
                0x0000000000002cdc                __vfprintf
 .text._vsnprintf
                0x00000000000038d0       0x68 /usr/local/mcuxpressoide-11.4.1_6260/ide/plugins/com.nxp.mcuxpresso.tools.linux_11.4.0.202103011116/tools/bin/../lib/gcc/arm-none-eabi/10.2.1/../../../../arm-none-eabi/lib/thumb/v7e-m+fp/hard/libcr_c.a(printf.o)
                0x00000000000038d0                _vsnprintf
 .text._printf  0x0000000000003938       0x54 /usr/local/mcuxpressoide-11.4.1_6260/ide/plugins/com.nxp.mcuxpresso.tools.linux_11.4.0.202103011116/tools/bin/../lib/gcc/arm-none-eabi/10.2.1/../../../../arm-none-eabi/lib/thumb/v7e-m+fp/hard/libcr_c.a(printf.o)
                0x0000000000003938                _printf
 .text.ch_val   0x000000000000398c       0x30 /usr/local/mcuxpressoide-11.4.1_6260/ide/plugins/com.nxp.mcuxpresso.tools.linux_11.4.0.202103011116/tools/bin/../lib/gcc/arm-none-eabi/10.2.1/../../../../arm-none-eabi/lib/thumb/v7e-m+fp/hard/libcr_c.a(scanf.o)
 .text.cr_rd_int
                0x00000000000039bc      0x1a8 /usr/local/mcuxpressoide-11.4.1_6260/ide/plugins/com.nxp.mcuxpresso.tools.linux_11.4.0.202103011116/tools/bin/../lib/gcc/arm-none-eabi/10.2.1/../../../../arm-none-eabi/lib/thumb/v7e-m+fp/hard/libcr_c.a(scanf.o)
 .text.atof     0x0000000000003b64       0x14 /usr/local/mcuxpressoide-11.4.1_6260/ide/plugins/com.nxp.mcuxpresso.tools.linux_11.4.0.202103011116/tools/bin/../lib/gcc/arm-none-eabi/10.2.1/../../../../arm-none-eabi/lib/thumb/v7e-m+fp/hard/libcr_c.a(scanf.o)
                0x0000000000003b64                atof
 .text.__filbuf
                0x0000000000003b78      0x178 /usr/local/mcuxpressoide-11.4.1_6260/ide/plugins/com.nxp.mcuxpresso.tools.linux_11.4.0.202103011116/tools/bin/../lib/gcc/arm-none-eabi/10.2.1/../../../../arm-none-eabi/lib/thumb/v7e-m+fp/hard/libcr_c.a(__fillbuf.o)
                0x0000000000003b78                __filbuf
 .text._sbrk    0x0000000000003cf0       0x3c /usr/local/mcuxpressoide-11.4.1_6260/ide/plugins/com.nxp.mcuxpresso.tools.linux_11.4.0.202103011116/tools/bin/../lib/gcc/arm-none-eabi/10.2.1/../../../../arm-none-eabi/lib/thumb/v7e-m+fp/hard/libcr_c.a(_cr_sbrk.o)
                0x0000000000003cf0                _sbrk
 .text.fflush   0x0000000000003d2c       0x3c /usr/local/mcuxpressoide-11.4.1_6260/ide/plugins/com.nxp.mcuxpresso.tools.linux_11.4.0.202103011116/tools/bin/../lib/gcc/arm-none-eabi/10.2.1/../../../../arm-none-eabi/lib/thumb/v7e-m+fp/hard/libcr_c.a(fflush.o)
                0x0000000000003d2c                fflush
 .text.__check_heap_overflow
                0x0000000000003d68       0x18 /usr/local/mcuxpressoide-11.4.1_6260/ide/plugins/com.nxp.mcuxpresso.tools.linux_11.4.0.202103011116/tools/bin/../lib/gcc/arm-none-eabi/10.2.1/../../../../arm-none-eabi/lib/thumb/v7e-m+fp/hard/libcr_c.a(_cr_check_heap.o)
                0x0000000000003d68                __check_heap_overflow
 .text.__aeabi_dmul
                0x0000000000003d80       0xfc /usr/local/mcuxpressoide-11.4.1_6260/ide/plugins/com.nxp.mcuxpresso.tools.linux_11.4.0.202103011116/tools/bin/../lib/gcc/arm-none-eabi/10.2.1/thumb/v7e-m+fp/hard/libcr_eabihelpers.a(double.o)
                0x0000000000003d80                __aeabi_dmul
 .text.__aeabi_ddiv
                0x0000000000003e7c      0x138 /usr/local/mcuxpressoide-11.4.1_6260/ide/plugins/com.nxp.mcuxpresso.tools.linux_11.4.0.202103011116/tools/bin/../lib/gcc/arm-none-eabi/10.2.1/thumb/v7e-m+fp/hard/libcr_eabihelpers.a(double.o)
                0x0000000000003e7c                __aeabi_ddiv
 .text.__aeabi_dsub
                0x0000000000003fb4      0x1ac /usr/local/mcuxpressoide-11.4.1_6260/ide/plugins/com.nxp.mcuxpresso.tools.linux_11.4.0.202103011116/tools/bin/../lib/gcc/arm-none-eabi/10.2.1/thumb/v7e-m+fp/hard/libcr_eabihelpers.a(double.o)
                0x0000000000003fb4                __aeabi_dsub
 .text.__aeabi_dadd
                0x0000000000004160      0x114 /usr/local/mcuxpressoide-11.4.1_6260/ide/plugins/com.nxp.mcuxpresso.tools.linux_11.4.0.202103011116/tools/bin/../lib/gcc/arm-none-eabi/10.2.1/thumb/v7e-m+fp/hard/libcr_eabihelpers.a(double.o)
                0x0000000000004160                __aeabi_dadd
 .text.__aeabi_d2f
                0x0000000000004274       0x58 /usr/local/mcuxpressoide-11.4.1_6260/ide/plugins/com.nxp.mcuxpresso.tools.linux_11.4.0.202103011116/tools/bin/../lib/gcc/arm-none-eabi/10.2.1/thumb/v7e-m+fp/hard/libcr_eabihelpers.a(double.o)
                0x0000000000004274                __aeabi_d2f
 .text.__aeabi_f2d
                0x00000000000042cc       0x38 /usr/local/mcuxpressoide-11.4.1_6260/ide/plugins/com.nxp.mcuxpresso.tools.linux_11.4.0.202103011116/tools/bin/../lib/gcc/arm-none-eabi/10.2.1/thumb/v7e-m+fp/hard/libcr_eabihelpers.a(float.o)
                0x00000000000042cc                __aeabi_f2d
 .text.__sys_appexit
                0x0000000000004304        0xc /usr/local/mcuxpressoide-11.4.1_6260/ide/plugins/com.nxp.mcuxpresso.tools.linux_11.4.0.202103011116/tools/bin/../lib/gcc/arm-none-eabi/10.2.1/../../../../arm-none-eabi/lib/thumb/v7e-m+fp/hard/libcr_semihost_nf.a(__sys_appexit.o)
                0x0000000000004304                __exit
                0x0000000000004304                __sys_appexit
 .text.DMA0_DMA16_IRQHandler
                0x0000000000004310        0x8 ./startup/startup_mk66f18.o
                0x0000000000004310                DMA0_DMA16_IRQHandler
 .text.DMA1_DMA17_IRQHandler
                0x0000000000004318        0x8 ./startup/startup_mk66f18.o
                0x0000000000004318                DMA1_DMA17_IRQHandler
 .text.DMA2_DMA18_IRQHandler
                0x0000000000004320        0x8 ./startup/startup_mk66f18.o
                0x0000000000004320                DMA2_DMA18_IRQHandler
 .text.DMA3_DMA19_IRQHandler
                0x0000000000004328        0x8 ./startup/startup_mk66f18.o
                0x0000000000004328                DMA3_DMA19_IRQHandler
 .text.DMA4_DMA20_IRQHandler
                0x0000000000004330        0x8 ./startup/startup_mk66f18.o
                0x0000000000004330                DMA4_DMA20_IRQHandler
 .text.DMA5_DMA21_IRQHandler
                0x0000000000004338        0x8 ./startup/startup_mk66f18.o
                0x0000000000004338                DMA5_DMA21_IRQHandler
 .text.DMA6_DMA22_IRQHandler
                0x0000000000004340        0x8 ./startup/startup_mk66f18.o
                0x0000000000004340                DMA6_DMA22_IRQHandler
 .text.DMA7_DMA23_IRQHandler
                0x0000000000004348        0x8 ./startup/startup_mk66f18.o
                0x0000000000004348                DMA7_DMA23_IRQHandler
 .text.DMA8_DMA24_IRQHandler
                0x0000000000004350        0x8 ./startup/startup_mk66f18.o
                0x0000000000004350                DMA8_DMA24_IRQHandler
 .text.DMA9_DMA25_IRQHandler
                0x0000000000004358        0x8 ./startup/startup_mk66f18.o
                0x0000000000004358                DMA9_DMA25_IRQHandler
 .text.DMA10_DMA26_IRQHandler
                0x0000000000004360        0x8 ./startup/startup_mk66f18.o
                0x0000000000004360                DMA10_DMA26_IRQHandler
 .text.DMA11_DMA27_IRQHandler
                0x0000000000004368        0x8 ./startup/startup_mk66f18.o
                0x0000000000004368                DMA11_DMA27_IRQHandler
 .text.DMA12_DMA28_IRQHandler
                0x0000000000004370        0x8 ./startup/startup_mk66f18.o
                0x0000000000004370                DMA12_DMA28_IRQHandler
 .text.DMA13_DMA29_IRQHandler
                0x0000000000004378        0x8 ./startup/startup_mk66f18.o
                0x0000000000004378                DMA13_DMA29_IRQHandler
 .text.DMA14_DMA30_IRQHandler
                0x0000000000004380        0x8 ./startup/startup_mk66f18.o
                0x0000000000004380                DMA14_DMA30_IRQHandler
 .text.DMA15_DMA31_IRQHandler
                0x0000000000004388        0x8 ./startup/startup_mk66f18.o
                0x0000000000004388                DMA15_DMA31_IRQHandler
 .text.DMA_Error_IRQHandler
                0x0000000000004390        0x8 ./startup/startup_mk66f18.o
                0x0000000000004390                DMA_Error_IRQHandler
 .text.MCM_IRQHandler
                0x0000000000004398        0x8 ./startup/startup_mk66f18.o
                0x0000000000004398                MCM_IRQHandler
 .text.FTFE_IRQHandler
                0x00000000000043a0        0x8 ./startup/startup_mk66f18.o
                0x00000000000043a0                FTFE_IRQHandler
 .text.Read_Collision_IRQHandler
                0x00000000000043a8        0x8 ./startup/startup_mk66f18.o
                0x00000000000043a8                Read_Collision_IRQHandler
 .text.LVD_LVW_IRQHandler
                0x00000000000043b0        0x8 ./startup/startup_mk66f18.o
                0x00000000000043b0                LVD_LVW_IRQHandler
 .text.LLWU_IRQHandler
                0x00000000000043b8        0x8 ./startup/startup_mk66f18.o
                0x00000000000043b8                LLWU_IRQHandler
 .text.WDOG_EWM_IRQHandler
                0x00000000000043c0        0x8 ./startup/startup_mk66f18.o
                0x00000000000043c0                WDOG_EWM_IRQHandler
 .text.RNG_IRQHandler
                0x00000000000043c8        0x8 ./startup/startup_mk66f18.o
                0x00000000000043c8                RNG_IRQHandler
 .text.I2C0_IRQHandler
                0x00000000000043d0        0x8 ./startup/startup_mk66f18.o
                0x00000000000043d0                I2C0_IRQHandler
 .text.I2C1_IRQHandler
                0x00000000000043d8        0x8 ./startup/startup_mk66f18.o
                0x00000000000043d8                I2C1_IRQHandler
 .text.SPI0_IRQHandler
                0x00000000000043e0        0x8 ./startup/startup_mk66f18.o
                0x00000000000043e0                SPI0_IRQHandler
 .text.SPI1_IRQHandler
                0x00000000000043e8        0x8 ./startup/startup_mk66f18.o
                0x00000000000043e8                SPI1_IRQHandler
 .text.I2S0_Tx_IRQHandler
                0x00000000000043f0        0x8 ./startup/startup_mk66f18.o
                0x00000000000043f0                I2S0_Tx_IRQHandler
 .text.I2S0_Rx_IRQHandler
                0x00000000000043f8        0x8 ./startup/startup_mk66f18.o
                0x00000000000043f8                I2S0_Rx_IRQHandler
 .text.Reserved46_IRQHandler
                0x0000000000004400        0x8 ./startup/startup_mk66f18.o
                0x0000000000004400                Reserved46_IRQHandler
 .text.UART0_RX_TX_IRQHandler
                0x0000000000004408        0x8 ./startup/startup_mk66f18.o
                0x0000000000004408                UART0_RX_TX_IRQHandler
 .text.UART0_ERR_IRQHandler
                0x0000000000004410        0x8 ./startup/startup_mk66f18.o
                0x0000000000004410                UART0_ERR_IRQHandler
 .text.UART1_RX_TX_IRQHandler
                0x0000000000004418        0x8 ./startup/startup_mk66f18.o
                0x0000000000004418                UART1_RX_TX_IRQHandler
 .text.UART1_ERR_IRQHandler
                0x0000000000004420        0x8 ./startup/startup_mk66f18.o
                0x0000000000004420                UART1_ERR_IRQHandler
 .text.UART2_RX_TX_IRQHandler
                0x0000000000004428        0x8 ./startup/startup_mk66f18.o
                0x0000000000004428                UART2_RX_TX_IRQHandler
 .text.UART2_ERR_IRQHandler
                0x0000000000004430        0x8 ./startup/startup_mk66f18.o
                0x0000000000004430                UART2_ERR_IRQHandler
 .text.UART3_RX_TX_IRQHandler
                0x0000000000004438        0x8 ./startup/startup_mk66f18.o
                0x0000000000004438                UART3_RX_TX_IRQHandler
 .text.UART3_ERR_IRQHandler
                0x0000000000004440        0x8 ./startup/startup_mk66f18.o
                0x0000000000004440                UART3_ERR_IRQHandler
 .text.ADC0_IRQHandler
                0x0000000000004448        0x8 ./startup/startup_mk66f18.o
                0x0000000000004448                ADC0_IRQHandler
 .text.CMP0_IRQHandler
                0x0000000000004450        0x8 ./startup/startup_mk66f18.o
                0x0000000000004450                CMP0_IRQHandler
 .text.CMP1_IRQHandler
                0x0000000000004458        0x8 ./startup/startup_mk66f18.o
                0x0000000000004458                CMP1_IRQHandler
 .text.FTM0_IRQHandler
                0x0000000000004460        0x8 ./startup/startup_mk66f18.o
                0x0000000000004460                FTM0_IRQHandler
 .text.FTM1_IRQHandler
                0x0000000000004468        0x8 ./startup/startup_mk66f18.o
                0x0000000000004468                FTM1_IRQHandler
 .text.FTM2_IRQHandler
                0x0000000000004470        0x8 ./startup/startup_mk66f18.o
                0x0000000000004470                FTM2_IRQHandler
 .text.CMT_IRQHandler
                0x0000000000004478        0x8 ./startup/startup_mk66f18.o
                0x0000000000004478                CMT_IRQHandler
 .text.RTC_IRQHandler
                0x0000000000004480        0x8 ./startup/startup_mk66f18.o
                0x0000000000004480                RTC_IRQHandler
 .text.RTC_Seconds_IRQHandler
                0x0000000000004488        0x8 ./startup/startup_mk66f18.o
                0x0000000000004488                RTC_Seconds_IRQHandler
 .text.PIT0_IRQHandler
                0x0000000000004490        0x8 ./startup/startup_mk66f18.o
                0x0000000000004490                PIT0_IRQHandler
 .text.PIT1_IRQHandler
                0x0000000000004498        0x8 ./startup/startup_mk66f18.o
                0x0000000000004498                PIT1_IRQHandler
 .text.PIT2_IRQHandler
                0x00000000000044a0        0x8 ./startup/startup_mk66f18.o
                0x00000000000044a0                PIT2_IRQHandler
 .text.PIT3_IRQHandler
                0x00000000000044a8        0x8 ./startup/startup_mk66f18.o
                0x00000000000044a8                PIT3_IRQHandler
 .text.PDB0_IRQHandler
                0x00000000000044b0        0x8 ./startup/startup_mk66f18.o
                0x00000000000044b0                PDB0_IRQHandler
 .text.USB0_IRQHandler
                0x00000000000044b8        0x8 ./startup/startup_mk66f18.o
                0x00000000000044b8                USB0_IRQHandler
 .text.USBDCD_IRQHandler
                0x00000000000044c0        0x8 ./startup/startup_mk66f18.o
                0x00000000000044c0                USBDCD_IRQHandler
 .text.Reserved71_IRQHandler
                0x00000000000044c8        0x8 ./startup/startup_mk66f18.o
                0x00000000000044c8                Reserved71_IRQHandler
 .text.DAC0_IRQHandler
                0x00000000000044d0        0x8 ./startup/startup_mk66f18.o
                0x00000000000044d0                DAC0_IRQHandler
 .text.MCG_IRQHandler
                0x00000000000044d8        0x8 ./startup/startup_mk66f18.o
                0x00000000000044d8                MCG_IRQHandler
 .text.LPTMR0_IRQHandler
                0x00000000000044e0        0x8 ./startup/startup_mk66f18.o
                0x00000000000044e0                LPTMR0_IRQHandler
 .text.PORTA_IRQHandler
                0x00000000000044e8        0x8 ./startup/startup_mk66f18.o
                0x00000000000044e8                PORTA_IRQHandler
 .text.PORTB_IRQHandler
                0x00000000000044f0        0x8 ./startup/startup_mk66f18.o
                0x00000000000044f0                PORTB_IRQHandler
 .text.PORTC_IRQHandler
                0x00000000000044f8        0x8 ./startup/startup_mk66f18.o
                0x00000000000044f8                PORTC_IRQHandler
 .text.PORTD_IRQHandler
                0x0000000000004500        0x8 ./startup/startup_mk66f18.o
                0x0000000000004500                PORTD_IRQHandler
 .text.PORTE_IRQHandler
                0x0000000000004508        0x8 ./startup/startup_mk66f18.o
                0x0000000000004508                PORTE_IRQHandler
 .text.SWI_IRQHandler
                0x0000000000004510        0x8 ./startup/startup_mk66f18.o
                0x0000000000004510                SWI_IRQHandler
 .text.SPI2_IRQHandler
                0x0000000000004518        0x8 ./startup/startup_mk66f18.o
                0x0000000000004518                SPI2_IRQHandler
 .text.UART4_ERR_IRQHandler
                0x0000000000004520        0x8 ./startup/startup_mk66f18.o
                0x0000000000004520                UART4_ERR_IRQHandler
 .text.Reserved84_IRQHandler
                0x0000000000004528        0x8 ./startup/startup_mk66f18.o
                0x0000000000004528                Reserved84_IRQHandler
 .text.Reserved85_IRQHandler
                0x0000000000004530        0x8 ./startup/startup_mk66f18.o
                0x0000000000004530                Reserved85_IRQHandler
 .text.CMP2_IRQHandler
                0x0000000000004538        0x8 ./startup/startup_mk66f18.o
                0x0000000000004538                CMP2_IRQHandler
 .text.FTM3_IRQHandler
                0x0000000000004540        0x8 ./startup/startup_mk66f18.o
                0x0000000000004540                FTM3_IRQHandler
 .text.DAC1_IRQHandler
                0x0000000000004548        0x8 ./startup/startup_mk66f18.o
                0x0000000000004548                DAC1_IRQHandler
 .text.ADC1_IRQHandler
                0x0000000000004550        0x8 ./startup/startup_mk66f18.o
                0x0000000000004550                ADC1_IRQHandler
 .text.I2C2_IRQHandler
                0x0000000000004558        0x8 ./startup/startup_mk66f18.o
                0x0000000000004558                I2C2_IRQHandler
 .text.CAN0_ORed_Message_buffer_IRQHandler
                0x0000000000004560        0x8 ./startup/startup_mk66f18.o
                0x0000000000004560                CAN0_ORed_Message_buffer_IRQHandler
 .text.CAN0_Bus_Off_IRQHandler
                0x0000000000004568        0x8 ./startup/startup_mk66f18.o
                0x0000000000004568                CAN0_Bus_Off_IRQHandler
 .text.CAN0_Error_IRQHandler
                0x0000000000004570        0x8 ./startup/startup_mk66f18.o
                0x0000000000004570                CAN0_Error_IRQHandler
 .text.CAN0_Tx_Warning_IRQHandler
                0x0000000000004578        0x8 ./startup/startup_mk66f18.o
                0x0000000000004578                CAN0_Tx_Warning_IRQHandler
 .text.CAN0_Rx_Warning_IRQHandler
                0x0000000000004580        0x8 ./startup/startup_mk66f18.o
                0x0000000000004580                CAN0_Rx_Warning_IRQHandler
 .text.CAN0_Wake_Up_IRQHandler
                0x0000000000004588        0x8 ./startup/startup_mk66f18.o
                0x0000000000004588                CAN0_Wake_Up_IRQHandler
 .text.SDHC_IRQHandler
                0x0000000000004590        0x8 ./startup/startup_mk66f18.o
                0x0000000000004590                SDHC_IRQHandler
 .text.ENET_1588_Timer_IRQHandler
                0x0000000000004598        0x8 ./startup/startup_mk66f18.o
                0x0000000000004598                ENET_1588_Timer_IRQHandler
 .text.ENET_Transmit_IRQHandler
                0x00000000000045a0        0x8 ./startup/startup_mk66f18.o
                0x00000000000045a0                ENET_Transmit_IRQHandler
 .text.ENET_Receive_IRQHandler
                0x00000000000045a8        0x8 ./startup/startup_mk66f18.o
                0x00000000000045a8                ENET_Receive_IRQHandler
 .text.ENET_Error_IRQHandler
                0x00000000000045b0        0x8 ./startup/startup_mk66f18.o
                0x00000000000045b0                ENET_Error_IRQHandler
 .text.LPUART0_IRQHandler
                0x00000000000045b8        0x8 ./startup/startup_mk66f18.o
                0x00000000000045b8                LPUART0_IRQHandler
 .text.TSI0_IRQHandler
                0x00000000000045c0        0x8 ./startup/startup_mk66f18.o
                0x00000000000045c0                TSI0_IRQHandler
 .text.TPM1_IRQHandler
                0x00000000000045c8        0x8 ./startup/startup_mk66f18.o
                0x00000000000045c8                TPM1_IRQHandler
 .text.TPM2_IRQHandler
                0x00000000000045d0        0x8 ./startup/startup_mk66f18.o
                0x00000000000045d0                TPM2_IRQHandler
 .text.USBHSDCD_IRQHandler
                0x00000000000045d8        0x8 ./startup/startup_mk66f18.o
                0x00000000000045d8                USBHSDCD_IRQHandler
 .text.I2C3_IRQHandler
                0x00000000000045e0        0x8 ./startup/startup_mk66f18.o
                0x00000000000045e0                I2C3_IRQHandler
 .text.CMP3_IRQHandler
                0x00000000000045e8        0x8 ./startup/startup_mk66f18.o
                0x00000000000045e8                CMP3_IRQHandler
 .text.USBHS_IRQHandler
                0x00000000000045f0        0x8 ./startup/startup_mk66f18.o
                0x00000000000045f0                USBHS_IRQHandler
 .text.CAN1_ORed_Message_buffer_IRQHandler
                0x00000000000045f8        0x8 ./startup/startup_mk66f18.o
                0x00000000000045f8                CAN1_ORed_Message_buffer_IRQHandler
 .text.CAN1_Bus_Off_IRQHandler
                0x0000000000004600        0x8 ./startup/startup_mk66f18.o
                0x0000000000004600                CAN1_Bus_Off_IRQHandler
 .text.CAN1_Error_IRQHandler
                0x0000000000004608        0x8 ./startup/startup_mk66f18.o
                0x0000000000004608                CAN1_Error_IRQHandler
 .text.CAN1_Tx_Warning_IRQHandler
                0x0000000000004610        0x8 ./startup/startup_mk66f18.o
                0x0000000000004610                CAN1_Tx_Warning_IRQHandler
 .text.CAN1_Rx_Warning_IRQHandler
                0x0000000000004618        0x8 ./startup/startup_mk66f18.o
                0x0000000000004618                CAN1_Rx_Warning_IRQHandler
 .text.CAN1_Wake_Up_IRQHandler
                0x0000000000004620        0x8 ./startup/startup_mk66f18.o
                0x0000000000004620                CAN1_Wake_Up_IRQHandler
 .text.UART_ReadByte
                0x0000000000004628       0x1a ./source/hello_world.o
 .text.FTM_StartTimer
                0x0000000000004642       0x3a ./source/hello_world.o
 .text.FTM_SetSoftwareTrigger
                0x000000000000467c       0x38 ./source/hello_world.o
 .text.zeros    0x00000000000046b4       0x36 ./source/hello_world.o
                0x00000000000046b4                zeros
 .text.HardFault_Handler
                0x00000000000046ea       0x2c ./source/semihost_hardfault.o
                0x00000000000046ea                HardFault_Handler
 .text.CLOCK_GetPll0RefFreq
                0x0000000000004716        0xe ./drivers/fsl_clock.o
 .text.CLOCK_GetFixedFreqClkFreq
                0x0000000000004724       0x34 ./drivers/fsl_clock.o
                0x0000000000004724                CLOCK_GetFixedFreqClkFreq
 .text.CLOCK_EnableClock
                0x0000000000004758       0x34 ./drivers/fsl_ftm.o
 .text.FTM_SetDeadTimeEnable
                0x000000000000478c       0x52 ./drivers/fsl_ftm.o
 .text.FTM_SetComplementaryEnable
                0x00000000000047de       0x52 ./drivers/fsl_ftm.o
 .text.CLOCK_EnableClock
                0x0000000000004830       0x34 ./drivers/fsl_uart.o
 .text.UART_GetStatusFlags
                0x0000000000004864       0x48 ./drivers/fsl_uart.o
                0x0000000000004864                UART_GetStatusFlags
 .text.UART_ClearStatusFlags
                0x00000000000048ac       0x80 ./drivers/fsl_uart.o
                0x00000000000048ac                UART_ClearStatusFlags
 .text.UART0_RX_TX_DriverIRQHandler
                0x000000000000492c       0x12 ./drivers/fsl_uart.o
                0x000000000000492c                UART0_RX_TX_DriverIRQHandler
 .text.UART1_RX_TX_DriverIRQHandler
                0x000000000000493e       0x12 ./drivers/fsl_uart.o
                0x000000000000493e                UART1_RX_TX_DriverIRQHandler
 .text.UART2_RX_TX_DriverIRQHandler
                0x0000000000004950       0x12 ./drivers/fsl_uart.o
                0x0000000000004950                UART2_RX_TX_DriverIRQHandler
 .text.UART3_RX_TX_DriverIRQHandler
                0x0000000000004962       0x12 ./drivers/fsl_uart.o
                0x0000000000004962                UART3_RX_TX_DriverIRQHandler
 .text.SystemInitHook
                0x0000000000004974        0xe ./device/system_MK66F18.o
                0x0000000000004974                SystemInitHook
 .text.DbgConsole_Init
                0x0000000000004982       0x20 ./board/board.o
 .text.BOARD_InitDebugConsole
                0x00000000000049a2       0x22 ./board/board.o
                0x00000000000049a2                BOARD_InitDebugConsole
 .text.BOARD_InitBootClocks
                0x00000000000049c4        0xc ./board/clock_config.o
                0x00000000000049c4                BOARD_InitBootClocks
 .text.CLOCK_EnableClock
                0x00000000000049d0       0x34 ./board/pin_mux.o
 .text.PORT_SetPinMux
                0x0000000000004a04       0x3a ./board/pin_mux.o
 .text.BOARD_InitBootPins
                0x0000000000004a3e        0xc ./board/pin_mux.o
                0x0000000000004a3e                BOARD_InitBootPins
 .text.__main   0x0000000000004a4a        0xe /usr/local/mcuxpressoide-11.4.1_6260/ide/plugins/com.nxp.mcuxpresso.tools.linux_11.4.0.202103011116/tools/bin/../lib/gcc/arm-none-eabi/10.2.1/../../../../arm-none-eabi/lib/thumb/v7e-m+fp/hard/libcr_semihost_nf.a(_cr__main.o)
                0x0000000000004a4a                __main
                0x0000000000004a4a                __CR_SEMIHOST
 .text.memset   0x0000000000004a58        0x4 /usr/local/mcuxpressoide-11.4.1_6260/ide/plugins/com.nxp.mcuxpresso.tools.linux_11.4.0.202103011116/tools/bin/../lib/gcc/arm-none-eabi/10.2.1/../../../../arm-none-eabi/lib/thumb/v7e-m+fp/hard/libcr_c.a(memset.o)
                0x0000000000004a58                memset
 .text._deferredlazyseek
                0x0000000000004a5c       0x40 /usr/local/mcuxpressoide-11.4.1_6260/ide/plugins/com.nxp.mcuxpresso.tools.linux_11.4.0.202103011116/tools/bin/../lib/gcc/arm-none-eabi/10.2.1/../../../../arm-none-eabi/lib/thumb/v7e-m+fp/hard/libcr_c.a(_deferredlazyseek.o)
                0x0000000000004a5c                _deferredlazyseek
 .text.__flsbuf
                0x0000000000004a9c      0x140 /usr/local/mcuxpressoide-11.4.1_6260/ide/plugins/com.nxp.mcuxpresso.tools.linux_11.4.0.202103011116/tools/bin/../lib/gcc/arm-none-eabi/10.2.1/../../../../arm-none-eabi/lib/thumb/v7e-m+fp/hard/libcr_c.a(_deferredlazyseek.o)
                0x0000000000004a9c                __flsbuf
 .text._fflush  0x0000000000004bdc       0x52 /usr/local/mcuxpressoide-11.4.1_6260/ide/plugins/com.nxp.mcuxpresso.tools.linux_11.4.0.202103011116/tools/bin/../lib/gcc/arm-none-eabi/10.2.1/../../../../arm-none-eabi/lib/thumb/v7e-m+fp/hard/libcr_c.a(_fflush.o)
                0x0000000000004bdc                _fflush
 .text.free     0x0000000000004c2e       0x30 /usr/local/mcuxpressoide-11.4.1_6260/ide/plugins/com.nxp.mcuxpresso.tools.linux_11.4.0.202103011116/tools/bin/../lib/gcc/arm-none-eabi/10.2.1/../../../../arm-none-eabi/lib/thumb/v7e-m+fp/hard/libcr_c.a(alloc.o)
                0x0000000000004c2e                free
 .text.no_fp_display
                0x0000000000004c5e        0x4 /usr/local/mcuxpressoide-11.4.1_6260/ide/plugins/com.nxp.mcuxpresso.tools.linux_11.4.0.202103011116/tools/bin/../lib/gcc/arm-none-eabi/10.2.1/../../../../arm-none-eabi/lib/thumb/v7e-m+fp/hard/libcr_c.a(printf.o)
 .text.sscanf   0x0000000000004c62       0x3e /usr/local/mcuxpressoide-11.4.1_6260/ide/plugins/com.nxp.mcuxpresso.tools.linux_11.4.0.202103011116/tools/bin/../lib/gcc/arm-none-eabi/10.2.1/../../../../arm-none-eabi/lib/thumb/v7e-m+fp/hard/libcr_c.a(scanf.o)
                0x0000000000004c62                sscanf
 .text.setvbuf  0x0000000000004ca0       0x3e /usr/local/mcuxpressoide-11.4.1_6260/ide/plugins/com.nxp.mcuxpresso.tools.linux_11.4.0.202103011116/tools/bin/../lib/gcc/arm-none-eabi/10.2.1/../../../../arm-none-eabi/lib/thumb/v7e-m+fp/hard/libcr_c.a(setvbuf.o)
                0x0000000000004ca0                setvbuf
 .text.strlen   0x0000000000004cde       0x48 /usr/local/mcuxpressoide-11.4.1_6260/ide/plugins/com.nxp.mcuxpresso.tools.linux_11.4.0.202103011116/tools/bin/../lib/gcc/arm-none-eabi/10.2.1/../../../../arm-none-eabi/lib/thumb/v7e-m+fp/hard/libcr_c.a(strlen.o)
                0x0000000000004cde                strlen
 .text.ungetc   0x0000000000004d26       0x32 /usr/local/mcuxpressoide-11.4.1_6260/ide/plugins/com.nxp.mcuxpresso.tools.linux_11.4.0.202103011116/tools/bin/../lib/gcc/arm-none-eabi/10.2.1/../../../../arm-none-eabi/lib/thumb/v7e-m+fp/hard/libcr_c.a(ungetc.o)
                0x0000000000004d26                ungetc
 .text._Csys_read_
                0x0000000000004d58       0x22 /usr/local/mcuxpressoide-11.4.1_6260/ide/plugins/com.nxp.mcuxpresso.tools.linux_11.4.0.202103011116/tools/bin/../lib/gcc/arm-none-eabi/10.2.1/../../../../arm-none-eabi/lib/thumb/v7e-m+fp/hard/libcr_c.a(__fillbuf.o)
                0x0000000000004d58                _Csys_read_
 .text._fdopen  0x0000000000004d7a       0x68 /usr/local/mcuxpressoide-11.4.1_6260/ide/plugins/com.nxp.mcuxpresso.tools.linux_11.4.0.202103011116/tools/bin/../lib/gcc/arm-none-eabi/10.2.1/../../../../arm-none-eabi/lib/thumb/v7e-m+fp/hard/libcr_c.a(_fdopen.o)
                0x0000000000004d7a                _fdopen
 .text.fclose   0x0000000000004de2       0x58 /usr/local/mcuxpressoide-11.4.1_6260/ide/plugins/com.nxp.mcuxpresso.tools.linux_11.4.0.202103011116/tools/bin/../lib/gcc/arm-none-eabi/10.2.1/../../../../arm-none-eabi/lib/thumb/v7e-m+fp/hard/libcr_c.a(fclose.o)
                0x0000000000004de2                fclose
 .text.remove   0x0000000000004e3a       0x14 /usr/local/mcuxpressoide-11.4.1_6260/ide/plugins/com.nxp.mcuxpresso.tools.linux_11.4.0.202103011116/tools/bin/../lib/gcc/arm-none-eabi/10.2.1/../../../../arm-none-eabi/lib/thumb/v7e-m+fp/hard/libcr_c.a(remove.o)
                0x0000000000004e3a                remove
 .text._do_fflush
                0x0000000000004e4e       0x40 /usr/local/mcuxpressoide-11.4.1_6260/ide/plugins/com.nxp.mcuxpresso.tools.linux_11.4.0.202103011116/tools/bin/../lib/gcc/arm-none-eabi/10.2.1/../../../../arm-none-eabi/lib/thumb/v7e-m+fp/hard/libcr_c.a(_do_fflush.o)
                0x0000000000004e4e                _do_fflush
 .text.__bhs_ui2d
                0x0000000000004e8e       0x46 /usr/local/mcuxpressoide-11.4.1_6260/ide/plugins/com.nxp.mcuxpresso.tools.linux_11.4.0.202103011116/tools/bin/../lib/gcc/arm-none-eabi/10.2.1/thumb/v7e-m+fp/hard/libcr_eabihelpers.a(double.o)
                0x0000000000004e8e                __bhs_ui2d
 .text.__aeabi_i2d
                0x0000000000004ed4       0x12 /usr/local/mcuxpressoide-11.4.1_6260/ide/plugins/com.nxp.mcuxpresso.tools.linux_11.4.0.202103011116/tools/bin/../lib/gcc/arm-none-eabi/10.2.1/thumb/v7e-m+fp/hard/libcr_eabihelpers.a(double.o)
                0x0000000000004ed4                __aeabi_i2d
 .text.__aeabi_dcmpeq
                0x0000000000004ee6       0x30 /usr/local/mcuxpressoide-11.4.1_6260/ide/plugins/com.nxp.mcuxpresso.tools.linux_11.4.0.202103011116/tools/bin/../lib/gcc/arm-none-eabi/10.2.1/thumb/v7e-m+fp/hard/libcr_eabihelpers.a(double.o)
                0x0000000000004ee6                __aeabi_dcmpeq
 .text.__aeabi_dcmpge
                0x0000000000004f16       0x56 /usr/local/mcuxpressoide-11.4.1_6260/ide/plugins/com.nxp.mcuxpresso.tools.linux_11.4.0.202103011116/tools/bin/../lib/gcc/arm-none-eabi/10.2.1/thumb/v7e-m+fp/hard/libcr_eabihelpers.a(double.o)
                0x0000000000004f16                __aeabi_dcmpge
 .text.__aeabi_memset_lowlevel
                0x0000000000004f6c       0x32 /usr/local/mcuxpressoide-11.4.1_6260/ide/plugins/com.nxp.mcuxpresso.tools.linux_11.4.0.202103011116/tools/bin/../lib/gcc/arm-none-eabi/10.2.1/thumb/v7e-m+fp/hard/libcr_eabihelpers.a(memcpy.o)
                0x0000000000004f6c                __aeabi_lowlevel_memset
 .text.__sys_close
                0x0000000000004f9e        0xc /usr/local/mcuxpressoide-11.4.1_6260/ide/plugins/com.nxp.mcuxpresso.tools.linux_11.4.0.202103011116/tools/bin/../lib/gcc/arm-none-eabi/10.2.1/../../../../arm-none-eabi/lib/thumb/v7e-m+fp/hard/libcr_semihost_nf.a(__sys_close.o)
                0x0000000000004f9e                __sys_close
 .text.__sys_flen
                0x0000000000004faa        0xc /usr/local/mcuxpressoide-11.4.1_6260/ide/plugins/com.nxp.mcuxpresso.tools.linux_11.4.0.202103011116/tools/bin/../lib/gcc/arm-none-eabi/10.2.1/../../../../arm-none-eabi/lib/thumb/v7e-m+fp/hard/libcr_semihost_nf.a(__sys_flen.o)
                0x0000000000004faa                __sys_flen
 .text.__sys_istty
                0x0000000000004fb6        0xc /usr/local/mcuxpressoide-11.4.1_6260/ide/plugins/com.nxp.mcuxpresso.tools.linux_11.4.0.202103011116/tools/bin/../lib/gcc/arm-none-eabi/10.2.1/../../../../arm-none-eabi/lib/thumb/v7e-m+fp/hard/libcr_semihost_nf.a(__sys_istty.o)
                0x0000000000004fb6                __sys_istty
 .text.__sys_read
                0x0000000000004fc2        0xc /usr/local/mcuxpressoide-11.4.1_6260/ide/plugins/com.nxp.mcuxpresso.tools.linux_11.4.0.202103011116/tools/bin/../lib/gcc/arm-none-eabi/10.2.1/../../../../arm-none-eabi/lib/thumb/v7e-m+fp/hard/libcr_semihost_nf.a(__sys_read.o)
                0x0000000000004fc2                __sys_read
 .text.__sys_readc
                0x0000000000004fce        0x8 /usr/local/mcuxpressoide-11.4.1_6260/ide/plugins/com.nxp.mcuxpresso.tools.linux_11.4.0.202103011116/tools/bin/../lib/gcc/arm-none-eabi/10.2.1/../../../../arm-none-eabi/lib/thumb/v7e-m+fp/hard/libcr_semihost_nf.a(__sys_readc.o)
                0x0000000000004fce                __readc
                0x0000000000004fce                __sys_readc
 .text.__sys_remove
                0x0000000000004fd6        0xc /usr/local/mcuxpressoide-11.4.1_6260/ide/plugins/com.nxp.mcuxpresso.tools.linux_11.4.0.202103011116/tools/bin/../lib/gcc/arm-none-eabi/10.2.1/../../../../arm-none-eabi/lib/thumb/v7e-m+fp/hard/libcr_semihost_nf.a(__sys_remove.o)
                0x0000000000004fd6                __sys_remove
 .text.__sys_seek
                0x0000000000004fe2        0xc /usr/local/mcuxpressoide-11.4.1_6260/ide/plugins/com.nxp.mcuxpresso.tools.linux_11.4.0.202103011116/tools/bin/../lib/gcc/arm-none-eabi/10.2.1/../../../../arm-none-eabi/lib/thumb/v7e-m+fp/hard/libcr_semihost_nf.a(__sys_seek.o)
                0x0000000000004fe2                __sys_seek
 .text.__sys_tmpnam
                0x0000000000004fee        0xc /usr/local/mcuxpressoide-11.4.1_6260/ide/plugins/com.nxp.mcuxpresso.tools.linux_11.4.0.202103011116/tools/bin/../lib/gcc/arm-none-eabi/10.2.1/../../../../arm-none-eabi/lib/thumb/v7e-m+fp/hard/libcr_semihost_nf.a(__sys_tmpnam.o)
                0x0000000000004fee                __sys_tmpnam
 .text.__sys_write
                0x0000000000004ffa        0xc /usr/local/mcuxpressoide-11.4.1_6260/ide/plugins/com.nxp.mcuxpresso.tools.linux_11.4.0.202103011116/tools/bin/../lib/gcc/arm-none-eabi/10.2.1/../../../../arm-none-eabi/lib/thumb/v7e-m+fp/hard/libcr_semihost_nf.a(__sys_write.o)
                0x0000000000004ffa                __sys_write
 *(SORT_BY_ALIGNMENT(.rodata) SORT_BY_ALIGNMENT(.rodata.*) SORT_BY_ALIGNMENT(.constdata) SORT_BY_ALIGNMENT(.constdata.*))
 *fill*         0x0000000000005006        0x2 ff
 .rodata.__assertion_failed.str1.4
                0x0000000000005008       0x14 ./utilities/fsl_assert.o
 .rodata.CLOCK_GetMcgExtClkFreq.str1.4
                0x000000000000501c       0x4e ./drivers/fsl_clock.o
 *fill*         0x000000000000506a        0x2 ff
 .rodata.CLOCK_GetOsc0ErClkUndivFreq.str1.4
                0x000000000000506c       0x1f ./drivers/fsl_clock.o
 *fill*         0x000000000000508b        0x1 ff
 .rodata.CLOCK_GetOsc0ErClkDivFreq.str1.4
                0x000000000000508c       0x1f ./drivers/fsl_clock.o
 *fill*         0x00000000000050ab        0x1 ff
 .rodata.CLOCK_GetEr32kClkFreq.str1.4
                0x00000000000050ac       0x20 ./drivers/fsl_clock.o
 .rodata.CLOCK_GetPll0Freq.str1.4
                0x00000000000050cc       0x1e ./drivers/fsl_clock.o
 *fill*         0x00000000000050ea        0x2 ff
 .rodata.fllFactorTable.1
                0x00000000000050ec       0x10 ./drivers/fsl_clock.o
 .rodata.s_ftmBases
                0x00000000000050fc       0x10 ./drivers/fsl_ftm.o
 .rodata.s_ftmClocks
                0x000000000000510c       0x10 ./drivers/fsl_ftm.o
 .rodata.FTM_GetInstance.str1.4
                0x000000000000511c       0x29 ./drivers/fsl_ftm.o
 *fill*         0x0000000000005145        0x3 ff
 .rodata.FTM_SetPwmSync.str1.4
                0x0000000000005148       0x3b ./drivers/fsl_ftm.o
 *fill*         0x0000000000005183        0x1 ff
 .rodata.FTM_SetReloadPoints.str1.4
                0x0000000000005184       0x21 ./drivers/fsl_ftm.o
 *fill*         0x00000000000051a5        0x3 ff
 .rodata.FTM_Init.str1.4
                0x00000000000051a8       0x18 ./drivers/fsl_ftm.o
 .rodata.FTM_GetDefaultConfig.str1.4
                0x00000000000051c0       0x20 ./drivers/fsl_ftm.o
 .rodata.FTM_SetupPwm.str1.4
                0x00000000000051e0       0xcc ./drivers/fsl_ftm.o
 .rodata.s_uartBases
                0x00000000000052ac       0x14 ./drivers/fsl_uart.o
 .rodata.s_uartClock
                0x00000000000052c0       0x14 ./drivers/fsl_uart.o
 .rodata.UART_GetInstance.str1.4
                0x00000000000052d4       0x2c ./drivers/fsl_uart.o
 .rodata.UART_Init.str1.4
                0x0000000000005300      0x104 ./drivers/fsl_uart.o
 .rodata.UART_GetDefaultConfig.str1.4
                0x0000000000005404       0x21 ./drivers/fsl_uart.o
 *fill*         0x0000000000005425        0x3 ff
 .rodata.UART_ReadBlocking.str1.4
                0x0000000000005428       0x1f ./drivers/fsl_uart.o
 *fill*         0x0000000000005447        0x1 ff
 .rodata.simConfig_BOARD_BootClockRUN
                0x0000000000005448        0x8 ./board/clock_config.o
                0x0000000000005448                simConfig_BOARD_BootClockRUN
 .rodata.__num_Ciob_streams
                0x0000000000005450        0x4 /usr/local/mcuxpressoide-11.4.1_6260/ide/plugins/com.nxp.mcuxpresso.tools.linux_11.4.0.202103011116/tools/bin/../lib/gcc/arm-none-eabi/10.2.1/../../../../arm-none-eabi/lib/thumb/v7e-m+fp/hard/libcr_semihost_nf.a(__ciob.o)
                0x0000000000005450                __num_Ciob_streams
 .rodata._Csys_alloc.str1.1
                0x0000000000005454       0x18 /usr/local/mcuxpressoide-11.4.1_6260/ide/plugins/com.nxp.mcuxpresso.tools.linux_11.4.0.202103011116/tools/bin/../lib/gcc/arm-none-eabi/10.2.1/../../../../arm-none-eabi/lib/thumb/v7e-m+fp/hard/libcr_c.a(alloc.o)
 .rodata._initio.str1.1
                0x000000000000546c        0x4 /usr/local/mcuxpressoide-11.4.1_6260/ide/plugins/com.nxp.mcuxpresso.tools.linux_11.4.0.202103011116/tools/bin/../lib/gcc/arm-none-eabi/10.2.1/../../../../arm-none-eabi/lib/thumb/v7e-m+fp/hard/libcr_c.a(initio.o)
 .rodata.__vfprintf.str1.1
                0x0000000000005470       0x37 /usr/local/mcuxpressoide-11.4.1_6260/ide/plugins/com.nxp.mcuxpresso.tools.linux_11.4.0.202103011116/tools/bin/../lib/gcc/arm-none-eabi/10.2.1/../../../../arm-none-eabi/lib/thumb/v7e-m+fp/hard/libcr_c.a(printf.o)
                                         0x38 (size before relaxing)
 .rodata.strtod.str1.1
                0x00000000000054a7        0x6 /usr/local/mcuxpressoide-11.4.1_6260/ide/plugins/com.nxp.mcuxpresso.tools.linux_11.4.0.202103011116/tools/bin/../lib/gcc/arm-none-eabi/10.2.1/../../../../arm-none-eabi/lib/thumb/v7e-m+fp/hard/libcr_c.a(scanf.o)
 .rodata.__ctype
                0x00000000000054ad      0x180 /usr/local/mcuxpressoide-11.4.1_6260/ide/plugins/com.nxp.mcuxpresso.tools.linux_11.4.0.202103011116/tools/bin/../lib/gcc/arm-none-eabi/10.2.1/../../../../arm-none-eabi/lib/thumb/v7e-m+fp/hard/libcr_c.a(ctype.o)
                0x00000000000054ad                __ctype
                0x0000000000005630                . = ALIGN (0x8)
 *fill*         0x000000000000562d        0x3 ff

.glue_7         0x0000000000005630        0x0
 .glue_7        0x0000000000005630        0x0 linker stubs

.glue_7t        0x0000000000005630        0x0
 .glue_7t       0x0000000000005630        0x0 linker stubs

.vfp11_veneer   0x0000000000005630        0x0
 .vfp11_veneer  0x0000000000005630        0x0 linker stubs

.v4_bx          0x0000000000005630        0x0
 .v4_bx         0x0000000000005630        0x0 linker stubs

.iplt           0x0000000000005630        0x0
 .iplt          0x0000000000005630        0x0 ./utilities/fsl_assert.o

.rel.dyn        0x0000000000005630        0x0
 .rel.iplt      0x0000000000005630        0x0 ./utilities/fsl_assert.o

.ARM.extab
 *(SORT_BY_ALIGNMENT(.ARM.extab*) SORT_BY_ALIGNMENT(.gnu.linkonce.armextab.*))

.ARM.exidx      0x0000000000005630        0x0
                0x0000000000005630                __exidx_start = .
 *(SORT_BY_ALIGNMENT(.ARM.exidx*) SORT_BY_ALIGNMENT(.gnu.linkonce.armexidx.*))
                0x0000000000005630                __exidx_end = .
                0x0000000000005630                _etext = .

.m_usb_data
 *(SORT_BY_ALIGNMENT(m_usb_bdt))

.data_RAM2      0x000000001fff0000        0x0 load address 0x0000000000005630
 FILL mask 0xff
                [!provide]                        PROVIDE (__start_data_RAM2 = .)
                [!provide]                        PROVIDE (__start_data_SRAM_LOWER = .)
 *(SORT_BY_ALIGNMENT(.ramfunc.$RAM2))
 *(SORT_BY_ALIGNMENT(.ramfunc.$SRAM_LOWER))
 *(SORT_BY_ALIGNMENT(NonCacheable.init))
 *(SORT_BY_ALIGNMENT(.data.$RAM2))
 *(SORT_BY_ALIGNMENT(.data.$SRAM_LOWER))
 *(SORT_BY_ALIGNMENT(.data.$RAM2.*))
 *(SORT_BY_ALIGNMENT(.data.$SRAM_LOWER.*))
                0x000000001fff0000                . = ALIGN (0x8)
                [!provide]                        PROVIDE (__end_data_RAM2 = .)
                [!provide]                        PROVIDE (__end_data_SRAM_LOWER = .)

.data_RAM3      0x0000000014000000        0x0 load address 0x0000000000005630
 FILL mask 0xff
                [!provide]                        PROVIDE (__start_data_RAM3 = .)
                [!provide]                        PROVIDE (__start_data_FLEX_RAM = .)
 *(SORT_BY_ALIGNMENT(.ramfunc.$RAM3))
 *(SORT_BY_ALIGNMENT(.ramfunc.$FLEX_RAM))
 *(SORT_BY_ALIGNMENT(.data.$RAM3))
 *(SORT_BY_ALIGNMENT(.data.$FLEX_RAM))
 *(SORT_BY_ALIGNMENT(.data.$RAM3.*))
 *(SORT_BY_ALIGNMENT(.data.$FLEX_RAM.*))
                0x0000000014000000                . = ALIGN (0x8)
                [!provide]                        PROVIDE (__end_data_RAM3 = .)
                [!provide]                        PROVIDE (__end_data_FLEX_RAM = .)

.uninit_RESERVED
                0x0000000020000000        0x0
                0x0000000020000000                _start_uninit_RESERVED = .
 *(SORT_BY_ALIGNMENT(.bss.$RESERVED*))
                0x0000000020000000                . = ALIGN (0x8)
                0x0000000020000000                _end_uninit_RESERVED = .

.data           0x0000000020000000       0x18 load address 0x0000000000005630
 FILL mask 0xff
                0x0000000020000000                _data = .
                [!provide]                        PROVIDE (__start_data_RAM = .)
                [!provide]                        PROVIDE (__start_data_SRAM_UPPER = .)
 *(SORT_BY_ALIGNMENT(vtable))
 *(SORT_BY_ALIGNMENT(.ramfunc*))
 *(SORT_BY_ALIGNMENT(CodeQuickAccess))
 *(SORT_BY_ALIGNMENT(DataQuickAccess))
 *(SORT_BY_ALIGNMENT(RamFunction))
 *(SORT_BY_ALIGNMENT(.data*))
 .data.s_slowIrcFreq
                0x0000000020000000        0x4 ./drivers/fsl_clock.o
 .data.s_fastIrcFreq
                0x0000000020000004        0x4 ./drivers/fsl_clock.o
 .data.SystemCoreClock
                0x0000000020000008        0x4 ./device/system_MK66F18.o
                0x0000000020000008                SystemCoreClock
 .data.neginf.0
                0x000000002000000c        0x4 /usr/local/mcuxpressoide-11.4.1_6260/ide/plugins/com.nxp.mcuxpresso.tools.linux_11.4.0.202103011116/tools/bin/../lib/gcc/arm-none-eabi/10.2.1/../../../../arm-none-eabi/lib/thumb/v7e-m+fp/hard/libcr_c.a(scanf.o)
 .data.posinf.1
                0x0000000020000010        0x4 /usr/local/mcuxpressoide-11.4.1_6260/ide/plugins/com.nxp.mcuxpresso.tools.linux_11.4.0.202103011116/tools/bin/../lib/gcc/arm-none-eabi/10.2.1/../../../../arm-none-eabi/lib/thumb/v7e-m+fp/hard/libcr_c.a(scanf.o)
                0x0000000020000018                . = ALIGN (0x8)
 *fill*         0x0000000020000014        0x4 ff
                0x0000000020000018                _edata = .
                [!provide]                        PROVIDE (__end_data_RAM = .)
                [!provide]                        PROVIDE (__end_data_SRAM_UPPER = .)

.igot.plt       0x0000000020000018        0x0 load address 0x0000000000005648
 .igot.plt      0x0000000020000018        0x0 ./utilities/fsl_assert.o

.bss_RAM2       0x000000001fff0000        0x0
                [!provide]                        PROVIDE (__start_bss_RAM2 = .)
                [!provide]                        PROVIDE (__start_bss_SRAM_LOWER = .)
 *(SORT_BY_ALIGNMENT(NonCacheable))
 *(SORT_BY_ALIGNMENT(.bss.$RAM2))
 *(SORT_BY_ALIGNMENT(.bss.$SRAM_LOWER))
 *(SORT_BY_ALIGNMENT(.bss.$RAM2.*))
 *(SORT_BY_ALIGNMENT(.bss.$SRAM_LOWER.*))
                0x000000001fff0000                . = ALIGN ((. != 0x0)?0x8:0x1)
                [!provide]                        PROVIDE (__end_bss_RAM2 = .)
                [!provide]                        PROVIDE (__end_bss_SRAM_LOWER = .)

.bss_RAM3       0x0000000014000000        0x0
                [!provide]                        PROVIDE (__start_bss_RAM3 = .)
                [!provide]                        PROVIDE (__start_bss_FLEX_RAM = .)
 *(SORT_BY_ALIGNMENT(.bss.$RAM3))
 *(SORT_BY_ALIGNMENT(.bss.$FLEX_RAM))
 *(SORT_BY_ALIGNMENT(.bss.$RAM3.*))
 *(SORT_BY_ALIGNMENT(.bss.$FLEX_RAM.*))
                0x0000000014000000                . = ALIGN ((. != 0x0)?0x8:0x1)
                [!provide]                        PROVIDE (__end_bss_RAM3 = .)
                [!provide]                        PROVIDE (__end_bss_FLEX_RAM = .)

.bss            0x0000000020000018       0xf8
                0x0000000020000018                _bss = .
                [!provide]                        PROVIDE (__start_bss_RAM = .)
                [!provide]                        PROVIDE (__start_bss_SRAM_UPPER = .)
 *(SORT_BY_ALIGNMENT(.bss*))
 .bss.new_char  0x0000000020000018        0x4 ./source/hello_world.o
                0x0000000020000018                new_char
 .bss.s_extPllFreq
                0x000000002000001c        0x4 ./drivers/fsl_clock.o
 .bss.g_xtal0Freq
                0x0000000020000020        0x4 ./drivers/fsl_clock.o
                0x0000000020000020                g_xtal0Freq
 .bss.g_xtal32Freq
                0x0000000020000024        0x4 ./drivers/fsl_clock.o
                0x0000000020000024                g_xtal32Freq
 .bss.s_lpuartHandle
                0x0000000020000028        0x4 ./drivers/fsl_lpuart.o
                0x0000000020000028                s_lpuartHandle
 .bss.s_lpuartIsr
                0x000000002000002c        0x4 ./drivers/fsl_lpuart.o
                0x000000002000002c                s_lpuartIsr
 .bss.s_uartHandle
                0x0000000020000030       0x14 ./drivers/fsl_uart.o
                0x0000000020000030                s_uartHandle
 .bss.s_uartIsr
                0x0000000020000044        0x4 ./drivers/fsl_uart.o
                0x0000000020000044                s_uartIsr
 .bss.__Ciob    0x0000000020000048       0xb4 /usr/local/mcuxpressoide-11.4.1_6260/ide/plugins/com.nxp.mcuxpresso.tools.linux_11.4.0.202103011116/tools/bin/../lib/gcc/arm-none-eabi/10.2.1/../../../../arm-none-eabi/lib/thumb/v7e-m+fp/hard/libcr_semihost_nf.a(__ciob.o)
                0x0000000020000048                __Ciob
 .bss.__end_of_heap
                0x00000000200000fc        0x4 /usr/local/mcuxpressoide-11.4.1_6260/ide/plugins/com.nxp.mcuxpresso.tools.linux_11.4.0.202103011116/tools/bin/../lib/gcc/arm-none-eabi/10.2.1/../../../../arm-none-eabi/lib/thumb/v7e-m+fp/hard/libcr_c.a(__init_alloc.o)
                0x00000000200000fc                __end_of_heap
 .bss.__heaps   0x0000000020000100        0x4 /usr/local/mcuxpressoide-11.4.1_6260/ide/plugins/com.nxp.mcuxpresso.tools.linux_11.4.0.202103011116/tools/bin/../lib/gcc/arm-none-eabi/10.2.1/../../../../arm-none-eabi/lib/thumb/v7e-m+fp/hard/libcr_c.a(__init_alloc.o)
                0x0000000020000100                __heaps
 .bss.errno     0x0000000020000104        0x4 /usr/local/mcuxpressoide-11.4.1_6260/ide/plugins/com.nxp.mcuxpresso.tools.linux_11.4.0.202103011116/tools/bin/../lib/gcc/arm-none-eabi/10.2.1/../../../../arm-none-eabi/lib/thumb/v7e-m+fp/hard/libcr_c.a(errno.o)
                0x0000000020000104                errno
 .bss.ch        0x0000000020000108        0x1 ./source/hello_world.o
                0x0000000020000108                ch
 *(SORT_BY_ALIGNMENT(COMMON))
                0x0000000020000110                . = ALIGN (0x8)
 *fill*         0x0000000020000109        0x7 
                0x0000000020000110                _ebss = .
                [!provide]                        PROVIDE (__end_bss_RAM = .)
                [!provide]                        PROVIDE (__end_bss_SRAM_UPPER = .)
                [!provide]                        PROVIDE (end = .)

.noinit_RAM2    0x000000001fff0000        0x0
                [!provide]                        PROVIDE (__start_noinit_RAM2 = .)
                [!provide]                        PROVIDE (__start_noinit_SRAM_LOWER = .)
 *(SORT_BY_ALIGNMENT(.noinit.$RAM2))
 *(SORT_BY_ALIGNMENT(.noinit.$SRAM_LOWER))
 *(SORT_BY_ALIGNMENT(.noinit.$RAM2.*))
 *(SORT_BY_ALIGNMENT(.noinit.$SRAM_LOWER.*))
                0x000000001fff0000                . = ALIGN (0x8)
                [!provide]                        PROVIDE (__end_noinit_RAM2 = .)
                [!provide]                        PROVIDE (__end_noinit_SRAM_LOWER = .)

.noinit_RAM3    0x0000000014000000        0x0
                [!provide]                        PROVIDE (__start_noinit_RAM3 = .)
                [!provide]                        PROVIDE (__start_noinit_FLEX_RAM = .)
 *(SORT_BY_ALIGNMENT(.noinit.$RAM3))
 *(SORT_BY_ALIGNMENT(.noinit.$FLEX_RAM))
 *(SORT_BY_ALIGNMENT(.noinit.$RAM3.*))
 *(SORT_BY_ALIGNMENT(.noinit.$FLEX_RAM.*))
                0x0000000014000000                . = ALIGN (0x8)
                [!provide]                        PROVIDE (__end_noinit_RAM3 = .)
                [!provide]                        PROVIDE (__end_noinit_FLEX_RAM = .)

.noinit         0x0000000020000110        0x0
                0x0000000020000110                _noinit = .
                [!provide]                        PROVIDE (__start_noinit_RAM = .)
                [!provide]                        PROVIDE (__start_noinit_SRAM_UPPER = .)
 *(SORT_BY_ALIGNMENT(.noinit*))
                0x0000000020000110                . = ALIGN (0x8)
                0x0000000020000110                _end_noinit = .
                [!provide]                        PROVIDE (__end_noinit_RAM = .)
                [!provide]                        PROVIDE (__end_noinit_SRAM_UPPER = .)
                0x0000000000001000                _HeapSize = 0x1000

.heap           0x0000000020000110     0x1000
                0x0000000020000110                _pvHeapStart = .
                0x0000000020001110                . = (. + _HeapSize)
 *fill*         0x0000000020000110     0x1000 
                0x0000000020001110                . = ALIGN (0x8)
                0x0000000020001110                _pvHeapLimit = .
                0x0000000000001000                _StackSize = 0x1000

.heap2stackfill
                0x0000000020001110     0x1000
                0x0000000020002110                . = (. + _StackSize)
 *fill*         0x0000000020001110     0x1000 

.stack          0x000000002002f000        0x0
                0x000000002002f000                _vStackBase = .
                0x000000002002f000                . = ALIGN (0x8)
                0x0000000020030000                _vStackTop = (. + _StackSize)
                0x0000000000000000                _image_start = LOADADDR (.text)
                0x0000000000005648                _image_end = (LOADADDR (.data) + SIZEOF (.data))
                0x0000000000005648                _image_size = (_image_end - _image_start)
OUTPUT(frdmk66f_hello_world_lab1-problem2.axf elf32-littlearm)
LOAD linker stubs

.debug_info     0x0000000000000000     0xb7df
 .debug_info    0x0000000000000000       0xaa ./utilities/fsl_assert.o
 .debug_info    0x00000000000000aa      0xa44 ./startup/startup_mk66f18.o
 .debug_info    0x0000000000000aee     0x1097 ./source/hello_world.o
 .debug_info    0x0000000000001b85       0x3c ./source/semihost_hardfault.o
 .debug_info    0x0000000000001bc1     0x2938 ./drivers/fsl_clock.o
 .debug_info    0x00000000000044f9     0x16bf ./drivers/fsl_ftm.o
 .debug_info    0x0000000000005bb8     0x1e2f ./drivers/fsl_lpuart.o
 .debug_info    0x00000000000079e7     0x2086 ./drivers/fsl_uart.o
 .debug_info    0x0000000000009a6d      0xa4e ./device/system_MK66F18.o
 .debug_info    0x000000000000a4bb      0x18a ./board/board.o
 .debug_info    0x000000000000a645      0xcec ./board/clock_config.o
 .debug_info    0x000000000000b331      0x4ae ./board/pin_mux.o

.debug_abbrev   0x0000000000000000     0x186c
 .debug_abbrev  0x0000000000000000       0x66 ./utilities/fsl_assert.o
 .debug_abbrev  0x0000000000000066      0x185 ./startup/startup_mk66f18.o
 .debug_abbrev  0x00000000000001eb      0x2a6 ./source/hello_world.o
 .debug_abbrev  0x0000000000000491       0x31 ./source/semihost_hardfault.o
 .debug_abbrev  0x00000000000004c2      0x362 ./drivers/fsl_clock.o
 .debug_abbrev  0x0000000000000824      0x290 ./drivers/fsl_ftm.o
 .debug_abbrev  0x0000000000000ab4      0x410 ./drivers/fsl_lpuart.o
 .debug_abbrev  0x0000000000000ec4      0x42e ./drivers/fsl_uart.o
 .debug_abbrev  0x00000000000012f2      0x148 ./device/system_MK66F18.o
 .debug_abbrev  0x000000000000143a       0xc5 ./board/board.o
 .debug_abbrev  0x00000000000014ff      0x214 ./board/clock_config.o
 .debug_abbrev  0x0000000000001713      0x159 ./board/pin_mux.o

.debug_aranges  0x0000000000000000      0xb58
 .debug_aranges
                0x0000000000000000       0x20 ./utilities/fsl_assert.o
 .debug_aranges
                0x0000000000000020      0x3a0 ./startup/startup_mk66f18.o
 .debug_aranges
                0x00000000000003c0       0x78 ./source/hello_world.o
 .debug_aranges
                0x0000000000000438       0x20 ./source/semihost_hardfault.o
 .debug_aranges
                0x0000000000000458      0x258 ./drivers/fsl_clock.o
 .debug_aranges
                0x00000000000006b0       0xd8 ./drivers/fsl_ftm.o
 .debug_aranges
                0x0000000000000788      0x138 ./drivers/fsl_lpuart.o
 .debug_aranges
                0x00000000000008c0      0x1a8 ./drivers/fsl_uart.o
 .debug_aranges
                0x0000000000000a68       0x30 ./device/system_MK66F18.o
 .debug_aranges
                0x0000000000000a98       0x28 ./board/board.o
 .debug_aranges
                0x0000000000000ac0       0x60 ./board/clock_config.o
 .debug_aranges
                0x0000000000000b20       0x38 ./board/pin_mux.o

.debug_ranges   0x0000000000000000      0xa98
 .debug_ranges  0x0000000000000000       0x10 ./utilities/fsl_assert.o
 .debug_ranges  0x0000000000000010      0x390 ./startup/startup_mk66f18.o
 .debug_ranges  0x00000000000003a0       0x68 ./source/hello_world.o
 .debug_ranges  0x0000000000000408       0x10 ./source/semihost_hardfault.o
 .debug_ranges  0x0000000000000418      0x248 ./drivers/fsl_clock.o
 .debug_ranges  0x0000000000000660       0xc8 ./drivers/fsl_ftm.o
 .debug_ranges  0x0000000000000728      0x128 ./drivers/fsl_lpuart.o
 .debug_ranges  0x0000000000000850      0x198 ./drivers/fsl_uart.o
 .debug_ranges  0x00000000000009e8       0x20 ./device/system_MK66F18.o
 .debug_ranges  0x0000000000000a08       0x18 ./board/board.o
 .debug_ranges  0x0000000000000a20       0x50 ./board/clock_config.o
 .debug_ranges  0x0000000000000a70       0x28 ./board/pin_mux.o

.debug_macro    0x0000000000000000    0x1adb3
 .debug_macro   0x0000000000000000      0x12d ./utilities/fsl_assert.o
 .debug_macro   0x000000000000012d      0xacc ./utilities/fsl_assert.o
 .debug_macro   0x0000000000000bf9       0x10 ./utilities/fsl_assert.o
 .debug_macro   0x0000000000000c09       0x1c ./utilities/fsl_assert.o
 .debug_macro   0x0000000000000c25       0x22 ./utilities/fsl_assert.o
 .debug_macro   0x0000000000000c47      0x12e ./utilities/fsl_assert.o
 .debug_macro   0x0000000000000d75      0x5b3 ./utilities/fsl_assert.o
 .debug_macro   0x0000000000001328       0x22 ./utilities/fsl_assert.o
 .debug_macro   0x000000000000134a       0x10 ./utilities/fsl_assert.o
 .debug_macro   0x000000000000135a       0x56 ./utilities/fsl_assert.o
 .debug_macro   0x00000000000013b0       0x1c ./utilities/fsl_assert.o
 .debug_macro   0x00000000000013cc       0x22 ./utilities/fsl_assert.o
 .debug_macro   0x00000000000013ee       0xfb ./utilities/fsl_assert.o
 .debug_macro   0x00000000000014e9      0xeeb ./utilities/fsl_assert.o
 .debug_macro   0x00000000000023d4       0x40 ./utilities/fsl_assert.o
 .debug_macro   0x0000000000002414    0x1626f ./utilities/fsl_assert.o
 .debug_macro   0x0000000000018683     0x149b ./utilities/fsl_assert.o
 .debug_macro   0x0000000000019b1e       0x7a ./utilities/fsl_assert.o
 .debug_macro   0x0000000000019b98       0xa8 ./utilities/fsl_assert.o
 .debug_macro   0x0000000000019c40      0x190 ./utilities/fsl_assert.o
 .debug_macro   0x0000000000019dd0       0x1c ./utilities/fsl_assert.o
 .debug_macro   0x0000000000019dec       0xd2 ./utilities/fsl_assert.o
 .debug_macro   0x0000000000019ebe       0x1c ./utilities/fsl_assert.o
 .debug_macro   0x0000000000019eda       0x29 ./startup/startup_mk66f18.o
 .debug_macro   0x0000000000019f03      0x1a0 ./source/hello_world.o
 .debug_macro   0x000000000001a0a3       0x46 ./source/hello_world.o
 .debug_macro   0x000000000001a0e9       0x22 ./source/hello_world.o
 .debug_macro   0x000000000001a10b       0x16 ./source/hello_world.o
 .debug_macro   0x000000000001a121       0x16 ./source/hello_world.o
 .debug_macro   0x000000000001a137      0x24f ./source/hello_world.o
 .debug_macro   0x000000000001a386       0x16 ./source/hello_world.o
 .debug_macro   0x000000000001a39c       0x10 ./source/hello_world.o
 .debug_macro   0x000000000001a3ac       0x11 ./source/semihost_hardfault.o
 .debug_macro   0x000000000001a3bd      0x1e4 ./drivers/fsl_clock.o
 .debug_macro   0x000000000001a5a1      0x122 ./drivers/fsl_ftm.o
 .debug_macro   0x000000000001a6c3      0x121 ./drivers/fsl_lpuart.o
 .debug_macro   0x000000000001a7e4       0x10 ./drivers/fsl_lpuart.o
 .debug_macro   0x000000000001a7f4      0x127 ./drivers/fsl_uart.o
 .debug_macro   0x000000000001a91b       0x10 ./drivers/fsl_uart.o
 .debug_macro   0x000000000001a92b       0x98 ./device/system_MK66F18.o
 .debug_macro   0x000000000001a9c3      0x163 ./board/board.o
 .debug_macro   0x000000000001ab26       0x1c ./board/board.o
 .debug_macro   0x000000000001ab42      0x153 ./board/clock_config.o
 .debug_macro   0x000000000001ac95      0x11e ./board/pin_mux.o

.debug_line     0x0000000000000000     0x740c
 .debug_line    0x0000000000000000      0x3ce ./utilities/fsl_assert.o
 .debug_line    0x00000000000003ce      0xa61 ./startup/startup_mk66f18.o
 .debug_line    0x0000000000000e2f      0x74d ./source/hello_world.o
 .debug_line    0x000000000000157c       0x59 ./source/semihost_hardfault.o
 .debug_line    0x00000000000015d5     0x1861 ./drivers/fsl_clock.o
 .debug_line    0x0000000000002e36      0xf70 ./drivers/fsl_ftm.o
 .debug_line    0x0000000000003da6     0x1005 ./drivers/fsl_lpuart.o
 .debug_line    0x0000000000004dab     0x1492 ./drivers/fsl_uart.o
 .debug_line    0x000000000000623d      0x446 ./device/system_MK66F18.o
 .debug_line    0x0000000000006683      0x478 ./board/board.o
 .debug_line    0x0000000000006afb      0x4e5 ./board/clock_config.o
 .debug_line    0x0000000000006fe0      0x42c ./board/pin_mux.o

.debug_str      0x0000000000000000    0xbd084
 .debug_str     0x0000000000000000    0xb4eae ./utilities/fsl_assert.o
                                      0xb4f4b (size before relaxing)
 .debug_str     0x00000000000b4eae      0x959 ./startup/startup_mk66f18.o
                                       0x382a (size before relaxing)
 .debug_str     0x00000000000b5807     0x255e ./source/hello_world.o
                                      0xb7562 (size before relaxing)
 .debug_str     0x00000000000b7d65       0x1f ./source/semihost_hardfault.o
                                       0x2e46 (size before relaxing)
 .debug_str     0x00000000000b7d84     0x240c ./drivers/fsl_clock.o
                                      0xb7a70 (size before relaxing)
 .debug_str     0x00000000000ba190      0xa0b ./drivers/fsl_ftm.o
                                      0xb682a (size before relaxing)
 .debug_str     0x00000000000bab9b     0x159a ./drivers/fsl_lpuart.o
                                      0xb6f51 (size before relaxing)
 .debug_str     0x00000000000bc135      0x7d7 ./drivers/fsl_uart.o
                                      0xb6ec2 (size before relaxing)
 .debug_str     0x00000000000bc90c      0x127 ./device/system_MK66F18.o
                                      0xb3579 (size before relaxing)
 .debug_str     0x00000000000bca33       0x98 ./board/board.o
                                      0xb6017 (size before relaxing)
 .debug_str     0x00000000000bcacb      0x442 ./board/clock_config.o
                                      0xb5e29 (size before relaxing)
 .debug_str     0x00000000000bcf0d      0x177 ./board/pin_mux.o
                                      0xb522d (size before relaxing)

.comment        0x0000000000000000       0x4d
 .comment       0x0000000000000000       0x4d ./utilities/fsl_assert.o
                                         0x4e (size before relaxing)
 .comment       0x000000000000004d       0x4e ./startup/startup_mk66f18.o
 .comment       0x000000000000004d       0x4e ./source/hello_world.o
 .comment       0x000000000000004d       0x4e ./source/semihost_hardfault.o
 .comment       0x000000000000004d       0x4e ./drivers/fsl_clock.o
 .comment       0x000000000000004d       0x4e ./drivers/fsl_ftm.o
 .comment       0x000000000000004d       0x4e ./drivers/fsl_lpuart.o
 .comment       0x000000000000004d       0x4e ./drivers/fsl_uart.o
 .comment       0x000000000000004d       0x4e ./device/system_MK66F18.o
 .comment       0x000000000000004d       0x4e ./board/board.o
 .comment       0x000000000000004d       0x4e ./board/clock_config.o
 .comment       0x000000000000004d       0x4e ./board/pin_mux.o
 .comment       0x000000000000004d       0x4e /usr/local/mcuxpressoide-11.4.1_6260/ide/plugins/com.nxp.mcuxpresso.tools.linux_11.4.0.202103011116/tools/bin/../lib/gcc/arm-none-eabi/10.2.1/../../../../arm-none-eabi/lib/thumb/v7e-m+fp/hard/libcr_semihost_nf.a(__ciob.o)
 .comment       0x000000000000004d       0x4e /usr/local/mcuxpressoide-11.4.1_6260/ide/plugins/com.nxp.mcuxpresso.tools.linux_11.4.0.202103011116/tools/bin/../lib/gcc/arm-none-eabi/10.2.1/../../../../arm-none-eabi/lib/thumb/v7e-m+fp/hard/libcr_semihost_nf.a(_cr__main.o)
 .comment       0x000000000000004d       0x4e /usr/local/mcuxpressoide-11.4.1_6260/ide/plugins/com.nxp.mcuxpresso.tools.linux_11.4.0.202103011116/tools/bin/../lib/gcc/arm-none-eabi/10.2.1/../../../../arm-none-eabi/lib/thumb/v7e-m+fp/hard/libcr_c.a(memset.o)
 .comment       0x000000000000004d       0x4e /usr/local/mcuxpressoide-11.4.1_6260/ide/plugins/com.nxp.mcuxpresso.tools.linux_11.4.0.202103011116/tools/bin/../lib/gcc/arm-none-eabi/10.2.1/../../../../arm-none-eabi/lib/thumb/v7e-m+fp/hard/libcr_c.a(_deferredlazyseek.o)
 .comment       0x000000000000004d       0x4e /usr/local/mcuxpressoide-11.4.1_6260/ide/plugins/com.nxp.mcuxpresso.tools.linux_11.4.0.202103011116/tools/bin/../lib/gcc/arm-none-eabi/10.2.1/../../../../arm-none-eabi/lib/thumb/v7e-m+fp/hard/libcr_c.a(_fflush.o)
 .comment       0x000000000000004d       0x4e /usr/local/mcuxpressoide-11.4.1_6260/ide/plugins/com.nxp.mcuxpresso.tools.linux_11.4.0.202103011116/tools/bin/../lib/gcc/arm-none-eabi/10.2.1/../../../../arm-none-eabi/lib/thumb/v7e-m+fp/hard/libcr_c.a(_writebuf.o)
 .comment       0x000000000000004d       0x4e /usr/local/mcuxpressoide-11.4.1_6260/ide/plugins/com.nxp.mcuxpresso.tools.linux_11.4.0.202103011116/tools/bin/../lib/gcc/arm-none-eabi/10.2.1/../../../../arm-none-eabi/lib/thumb/v7e-m+fp/hard/libcr_c.a(alloc.o)
 .comment       0x000000000000004d       0x4e /usr/local/mcuxpressoide-11.4.1_6260/ide/plugins/com.nxp.mcuxpresso.tools.linux_11.4.0.202103011116/tools/bin/../lib/gcc/arm-none-eabi/10.2.1/../../../../arm-none-eabi/lib/thumb/v7e-m+fp/hard/libcr_c.a(fseek.o)
 .comment       0x000000000000004d       0x4e /usr/local/mcuxpressoide-11.4.1_6260/ide/plugins/com.nxp.mcuxpresso.tools.linux_11.4.0.202103011116/tools/bin/../lib/gcc/arm-none-eabi/10.2.1/../../../../arm-none-eabi/lib/thumb/v7e-m+fp/hard/libcr_c.a(ftell.o)
 .comment       0x000000000000004d       0x4e /usr/local/mcuxpressoide-11.4.1_6260/ide/plugins/com.nxp.mcuxpresso.tools.linux_11.4.0.202103011116/tools/bin/../lib/gcc/arm-none-eabi/10.2.1/../../../../arm-none-eabi/lib/thumb/v7e-m+fp/hard/libcr_c.a(initio.o)
 .comment       0x000000000000004d       0x4e /usr/local/mcuxpressoide-11.4.1_6260/ide/plugins/com.nxp.mcuxpresso.tools.linux_11.4.0.202103011116/tools/bin/../lib/gcc/arm-none-eabi/10.2.1/../../../../arm-none-eabi/lib/thumb/v7e-m+fp/hard/libcr_c.a(printf.o)
 .comment       0x000000000000004d       0x4e /usr/local/mcuxpressoide-11.4.1_6260/ide/plugins/com.nxp.mcuxpresso.tools.linux_11.4.0.202103011116/tools/bin/../lib/gcc/arm-none-eabi/10.2.1/../../../../arm-none-eabi/lib/thumb/v7e-m+fp/hard/libcr_c.a(scanf.o)
 .comment       0x000000000000004d       0x4e /usr/local/mcuxpressoide-11.4.1_6260/ide/plugins/com.nxp.mcuxpresso.tools.linux_11.4.0.202103011116/tools/bin/../lib/gcc/arm-none-eabi/10.2.1/../../../../arm-none-eabi/lib/thumb/v7e-m+fp/hard/libcr_c.a(setvbuf.o)
 .comment       0x000000000000004d       0x4e /usr/local/mcuxpressoide-11.4.1_6260/ide/plugins/com.nxp.mcuxpresso.tools.linux_11.4.0.202103011116/tools/bin/../lib/gcc/arm-none-eabi/10.2.1/../../../../arm-none-eabi/lib/thumb/v7e-m+fp/hard/libcr_c.a(strlen.o)
 .comment       0x000000000000004d       0x4e /usr/local/mcuxpressoide-11.4.1_6260/ide/plugins/com.nxp.mcuxpresso.tools.linux_11.4.0.202103011116/tools/bin/../lib/gcc/arm-none-eabi/10.2.1/../../../../arm-none-eabi/lib/thumb/v7e-m+fp/hard/libcr_c.a(ungetc.o)
 .comment       0x000000000000004d       0x4e /usr/local/mcuxpressoide-11.4.1_6260/ide/plugins/com.nxp.mcuxpresso.tools.linux_11.4.0.202103011116/tools/bin/../lib/gcc/arm-none-eabi/10.2.1/../../../../arm-none-eabi/lib/thumb/v7e-m+fp/hard/libcr_c.a(__fillbuf.o)
 .comment       0x000000000000004d       0x4e /usr/local/mcuxpressoide-11.4.1_6260/ide/plugins/com.nxp.mcuxpresso.tools.linux_11.4.0.202103011116/tools/bin/../lib/gcc/arm-none-eabi/10.2.1/../../../../arm-none-eabi/lib/thumb/v7e-m+fp/hard/libcr_c.a(__init_alloc.o)
 .comment       0x000000000000004d       0x4e /usr/local/mcuxpressoide-11.4.1_6260/ide/plugins/com.nxp.mcuxpresso.tools.linux_11.4.0.202103011116/tools/bin/../lib/gcc/arm-none-eabi/10.2.1/../../../../arm-none-eabi/lib/thumb/v7e-m+fp/hard/libcr_c.a(_cr_sbrk.o)
 .comment       0x000000000000004d       0x4e /usr/local/mcuxpressoide-11.4.1_6260/ide/plugins/com.nxp.mcuxpresso.tools.linux_11.4.0.202103011116/tools/bin/../lib/gcc/arm-none-eabi/10.2.1/../../../../arm-none-eabi/lib/thumb/v7e-m+fp/hard/libcr_c.a(_fdopen.o)
 .comment       0x000000000000004d       0x4e /usr/local/mcuxpressoide-11.4.1_6260/ide/plugins/com.nxp.mcuxpresso.tools.linux_11.4.0.202103011116/tools/bin/../lib/gcc/arm-none-eabi/10.2.1/../../../../arm-none-eabi/lib/thumb/v7e-m+fp/hard/libcr_c.a(_frexpl.o)
 .comment       0x000000000000004d       0x4e /usr/local/mcuxpressoide-11.4.1_6260/ide/plugins/com.nxp.mcuxpresso.tools.linux_11.4.0.202103011116/tools/bin/../lib/gcc/arm-none-eabi/10.2.1/../../../../arm-none-eabi/lib/thumb/v7e-m+fp/hard/libcr_c.a(_ldexpl.o)
 .comment       0x000000000000004d       0x4e /usr/local/mcuxpressoide-11.4.1_6260/ide/plugins/com.nxp.mcuxpresso.tools.linux_11.4.0.202103011116/tools/bin/../lib/gcc/arm-none-eabi/10.2.1/../../../../arm-none-eabi/lib/thumb/v7e-m+fp/hard/libcr_c.a(ctype.o)
 .comment       0x000000000000004d       0x4e /usr/local/mcuxpressoide-11.4.1_6260/ide/plugins/com.nxp.mcuxpresso.tools.linux_11.4.0.202103011116/tools/bin/../lib/gcc/arm-none-eabi/10.2.1/../../../../arm-none-eabi/lib/thumb/v7e-m+fp/hard/libcr_c.a(errno.o)
 .comment       0x000000000000004d       0x4e /usr/local/mcuxpressoide-11.4.1_6260/ide/plugins/com.nxp.mcuxpresso.tools.linux_11.4.0.202103011116/tools/bin/../lib/gcc/arm-none-eabi/10.2.1/../../../../arm-none-eabi/lib/thumb/v7e-m+fp/hard/libcr_c.a(fclose.o)
 .comment       0x000000000000004d       0x4e /usr/local/mcuxpressoide-11.4.1_6260/ide/plugins/com.nxp.mcuxpresso.tools.linux_11.4.0.202103011116/tools/bin/../lib/gcc/arm-none-eabi/10.2.1/../../../../arm-none-eabi/lib/thumb/v7e-m+fp/hard/libcr_c.a(fflush.o)
 .comment       0x000000000000004d       0x4e /usr/local/mcuxpressoide-11.4.1_6260/ide/plugins/com.nxp.mcuxpresso.tools.linux_11.4.0.202103011116/tools/bin/../lib/gcc/arm-none-eabi/10.2.1/../../../../arm-none-eabi/lib/thumb/v7e-m+fp/hard/libcr_c.a(remove.o)
 .comment       0x000000000000004d       0x4e /usr/local/mcuxpressoide-11.4.1_6260/ide/plugins/com.nxp.mcuxpresso.tools.linux_11.4.0.202103011116/tools/bin/../lib/gcc/arm-none-eabi/10.2.1/../../../../arm-none-eabi/lib/thumb/v7e-m+fp/hard/libcr_c.a(_cr_check_heap.o)
 .comment       0x000000000000004d       0x4e /usr/local/mcuxpressoide-11.4.1_6260/ide/plugins/com.nxp.mcuxpresso.tools.linux_11.4.0.202103011116/tools/bin/../lib/gcc/arm-none-eabi/10.2.1/../../../../arm-none-eabi/lib/thumb/v7e-m+fp/hard/libcr_c.a(_do_fflush.o)
 .comment       0x000000000000004d       0x4e /usr/local/mcuxpressoide-11.4.1_6260/ide/plugins/com.nxp.mcuxpresso.tools.linux_11.4.0.202103011116/tools/bin/../lib/gcc/arm-none-eabi/10.2.1/thumb/v7e-m+fp/hard/libcr_eabihelpers.a(double.o)
 .comment       0x000000000000004d       0x4e /usr/local/mcuxpressoide-11.4.1_6260/ide/plugins/com.nxp.mcuxpresso.tools.linux_11.4.0.202103011116/tools/bin/../lib/gcc/arm-none-eabi/10.2.1/thumb/v7e-m+fp/hard/libcr_eabihelpers.a(float.o)

.ARM.attributes